Archive member included because of file (symbol)

c:/altera/12.0sp2/nios2eds/bin/gnu/h-i686-mingw32/bin/../lib/gcc/nios2-elf/4.1.2/../../../../nios2-elf/lib/mno-hw-mul\libc.a(lib_a-puts.o)
                              obj/default/hello_world.o (puts)
c:/altera/12.0sp2/nios2eds/bin/gnu/h-i686-mingw32/bin/../lib/gcc/nios2-elf/4.1.2/../../../../nios2-elf/lib/mno-hw-mul\libc.a(lib_a-strlen.o)
                              c:/altera/12.0sp2/nios2eds/bin/gnu/h-i686-mingw32/bin/../lib/gcc/nios2-elf/4.1.2/../../../../nios2-elf/lib/mno-hw-mul\libc.a(lib_a-puts.o) (strlen)
c:/altera/12.0sp2/nios2eds/bin/gnu/h-i686-mingw32/bin/../lib/gcc/nios2-elf/4.1.2/../../../../nios2-elf/lib/mno-hw-mul\libc.a(lib_a-fvwrite.o)
                              c:/altera/12.0sp2/nios2eds/bin/gnu/h-i686-mingw32/bin/../lib/gcc/nios2-elf/4.1.2/../../../../nios2-elf/lib/mno-hw-mul\libc.a(lib_a-puts.o) (__sfvwrite_r)
c:/altera/12.0sp2/nios2eds/bin/gnu/h-i686-mingw32/bin/../lib/gcc/nios2-elf/4.1.2/../../../../nios2-elf/lib/mno-hw-mul\libc.a(lib_a-impure.o)
                              c:/altera/12.0sp2/nios2eds/bin/gnu/h-i686-mingw32/bin/../lib/gcc/nios2-elf/4.1.2/../../../../nios2-elf/lib/mno-hw-mul\libc.a(lib_a-puts.o) (_impure_ptr)
c:/altera/12.0sp2/nios2eds/bin/gnu/h-i686-mingw32/bin/../lib/gcc/nios2-elf/4.1.2/../../../../nios2-elf/lib/mno-hw-mul\libc.a(lib_a-mallocr.o)
                              c:/altera/12.0sp2/nios2eds/bin/gnu/h-i686-mingw32/bin/../lib/gcc/nios2-elf/4.1.2/../../../../nios2-elf/lib/mno-hw-mul\libc.a(lib_a-fvwrite.o) (_malloc_r)
c:/altera/12.0sp2/nios2eds/bin/gnu/h-i686-mingw32/bin/../lib/gcc/nios2-elf/4.1.2/../../../../nios2-elf/lib/mno-hw-mul\libc.a(lib_a-memchr.o)
                              c:/altera/12.0sp2/nios2eds/bin/gnu/h-i686-mingw32/bin/../lib/gcc/nios2-elf/4.1.2/../../../../nios2-elf/lib/mno-hw-mul\libc.a(lib_a-fvwrite.o) (memchr)
c:/altera/12.0sp2/nios2eds/bin/gnu/h-i686-mingw32/bin/../lib/gcc/nios2-elf/4.1.2/../../../../nios2-elf/lib/mno-hw-mul\libc.a(lib_a-memcpy.o)
                              c:/altera/12.0sp2/nios2eds/bin/gnu/h-i686-mingw32/bin/../lib/gcc/nios2-elf/4.1.2/../../../../nios2-elf/lib/mno-hw-mul\libc.a(lib_a-fvwrite.o) (memcpy)
c:/altera/12.0sp2/nios2eds/bin/gnu/h-i686-mingw32/bin/../lib/gcc/nios2-elf/4.1.2/../../../../nios2-elf/lib/mno-hw-mul\libc.a(lib_a-memmove.o)
                              c:/altera/12.0sp2/nios2eds/bin/gnu/h-i686-mingw32/bin/../lib/gcc/nios2-elf/4.1.2/../../../../nios2-elf/lib/mno-hw-mul\libc.a(lib_a-fvwrite.o) (memmove)
c:/altera/12.0sp2/nios2eds/bin/gnu/h-i686-mingw32/bin/../lib/gcc/nios2-elf/4.1.2/../../../../nios2-elf/lib/mno-hw-mul\libc.a(lib_a-reallocr.o)
                              c:/altera/12.0sp2/nios2eds/bin/gnu/h-i686-mingw32/bin/../lib/gcc/nios2-elf/4.1.2/../../../../nios2-elf/lib/mno-hw-mul\libc.a(lib_a-fvwrite.o) (_realloc_r)
c:/altera/12.0sp2/nios2eds/bin/gnu/h-i686-mingw32/bin/../lib/gcc/nios2-elf/4.1.2/../../../../nios2-elf/lib/mno-hw-mul\libc.a(lib_a-sbrkr.o)
                              c:/altera/12.0sp2/nios2eds/bin/gnu/h-i686-mingw32/bin/../lib/gcc/nios2-elf/4.1.2/../../../../nios2-elf/lib/mno-hw-mul\libc.a(lib_a-mallocr.o) (_sbrk_r)
c:/altera/12.0sp2/nios2eds/bin/gnu/h-i686-mingw32/bin/../lib/gcc/nios2-elf/4.1.2/../../../../nios2-elf/lib/mno-hw-mul\libc.a(lib_a-wsetup.o)
                              c:/altera/12.0sp2/nios2eds/bin/gnu/h-i686-mingw32/bin/../lib/gcc/nios2-elf/4.1.2/../../../../nios2-elf/lib/mno-hw-mul\libc.a(lib_a-fvwrite.o) (__swsetup_r)
c:/altera/12.0sp2/nios2eds/bin/gnu/h-i686-mingw32/bin/../lib/gcc/nios2-elf/4.1.2/../../../../nios2-elf/lib/mno-hw-mul\libc.a(lib_a-fflush.o)
                              c:/altera/12.0sp2/nios2eds/bin/gnu/h-i686-mingw32/bin/../lib/gcc/nios2-elf/4.1.2/../../../../nios2-elf/lib/mno-hw-mul\libc.a(lib_a-fvwrite.o) (_fflush_r)
c:/altera/12.0sp2/nios2eds/bin/gnu/h-i686-mingw32/bin/../lib/gcc/nios2-elf/4.1.2/../../../../nios2-elf/lib/mno-hw-mul\libc.a(lib_a-findfp.o)
                              c:/altera/12.0sp2/nios2eds/bin/gnu/h-i686-mingw32/bin/../lib/gcc/nios2-elf/4.1.2/../../../../nios2-elf/lib/mno-hw-mul\libc.a(lib_a-wsetup.o) (__sinit)
c:/altera/12.0sp2/nios2eds/bin/gnu/h-i686-mingw32/bin/../lib/gcc/nios2-elf/4.1.2/../../../../nios2-elf/lib/mno-hw-mul\libc.a(lib_a-freer.o)
                              c:/altera/12.0sp2/nios2eds/bin/gnu/h-i686-mingw32/bin/../lib/gcc/nios2-elf/4.1.2/../../../../nios2-elf/lib/mno-hw-mul\libc.a(lib_a-fvwrite.o) (_free_r)
c:/altera/12.0sp2/nios2eds/bin/gnu/h-i686-mingw32/bin/../lib/gcc/nios2-elf/4.1.2/../../../../nios2-elf/lib/mno-hw-mul\libc.a(lib_a-fwalk.o)
                              c:/altera/12.0sp2/nios2eds/bin/gnu/h-i686-mingw32/bin/../lib/gcc/nios2-elf/4.1.2/../../../../nios2-elf/lib/mno-hw-mul\libc.a(lib_a-fflush.o) (_fwalk_reent)
c:/altera/12.0sp2/nios2eds/bin/gnu/h-i686-mingw32/bin/../lib/gcc/nios2-elf/4.1.2/../../../../nios2-elf/lib/mno-hw-mul\libc.a(lib_a-int_errno.o)
[...]
Memory Configuration

Name             Origin             Length             Attributes
reset            0x00000000         0x00000020
SDRAM            0x00000020         0x007fffe0
SRAM             0x08000000         0x00080000
Onchip_memory    0x09000000         0x00002000
*default*        0x00000000         0xffffffff

Linker script and memory map

LOAD C:/Users/Rees/Documents/GitHub/uOS/project2-thread-scheduler_bsp//obj/HAL/src/crt0.o
LOAD obj/default/hello_world.o
LOAD c:/altera/12.0sp2/nios2eds/bin/gnu/h-i686-mingw32/bin/../lib/gcc/nios2-elf/4.1.2/../../../../nios2-elf/lib/mno-hw-mul\libstdc++.a
LOAD c:/altera/12.0sp2/nios2eds/bin/gnu/h-i686-mingw32/bin/../lib/gcc/nios2-elf/4.1.2/../../../../nios2-elf/lib/mno-hw-mul\libm.a
LOAD c:/altera/12.0sp2/nios2eds/bin/gnu/h-i686-mingw32/bin/../lib/gcc/nios2-elf/4.1.2/mno-hw-mul\libgcc.a
START GROUP
LOAD c:/altera/12.0sp2/nios2eds/bin/gnu/h-i686-mingw32/bin/../lib/gcc/nios2-elf/4.1.2/../../../../nios2-elf/lib/mno-hw-mul\libc.a
LOAD c:/altera/12.0sp2/nios2eds/bin/gnu/h-i686-mingw32/bin/../lib/gcc/nios2-elf/4.1.2/mno-hw-mul\libgcc.a
LOAD C:/Users/Rees/Documents/GitHub/uOS/project2-thread-scheduler_bsp/\libhal_bsp.a
END GROUP
LOAD c:/altera/12.0sp2/nios2eds/bin/gnu/h-i686-mingw32/bin/../lib/gcc/nios2-elf/4.1.2/mno-hw-mul\libgcc.a
                0x00000000                __alt_mem_SDRAM = 0x0
                0x08000000                __alt_mem_SRAM = 0x8000000
                0x09000000                __alt_mem_Onchip_memory = 0x9000000

.entry          0x00000000       0x20
 *(.entry)
 .entry         0x00000000       0x20 C:/Users/Rees/Documents/GitHub/uOS/project2-thread-scheduler_bsp//obj/HAL/src/crt0.o
                0x00000000                __reset

.exceptions     0x00000020      0x194
                0x00000020                PROVIDE (__ram_exceptions_start, ABSOLUTE (.))
                0x00000020                . = ALIGN (0x20)
 *(.irq)
 *(.exceptions.entry.label)
 .exceptions.entry.label
                0x00000020        0x0 C:/Users/Rees/Documents/GitHub/uOS/project2-thread-scheduler_bsp/\libhal_bsp.a(alt_irq_entry.o)
                0x00000020                alt_irq_entry
 .exceptions.entry.label
                0x00000020        0x0 C:/Users/Rees/Documents/GitHub/uOS/project2-thread-scheduler_bsp/\libhal_bsp.a(alt_exception_entry.o)
                0x00000020                alt_exception
 *(.exceptions.entry.user)
 *(.exceptions.entry)
 .exceptions.entry
                0x00000020       0x54 C:/Users/Rees/Documents/GitHub/uOS/project2-thread-scheduler_bsp/\libhal_bsp.a(alt_exception_entry.o)
 *(.exceptions.irqtest.user)
 *(.exceptions.irqtest)
 .exceptions.irqtest
                0x00000074       0x10 C:/Users/Rees/Documents/GitHub/uOS/project2-thread-scheduler_bsp/\libhal_bsp.a(alt_irq_entry.o)
 *(.exceptions.irqhandler.user)
 *(.exceptions.irqhandler)
 .exceptions.irqhandler
                0x00000084        0x4 C:/Users/Rees/Documents/GitHub/uOS/project2-thread-scheduler_bsp/\libhal_bsp.a(alt_irq_entry.o)
 *(.exceptions.irqreturn.user)
 *(.exceptions.irqreturn)
 .exceptions.irqreturn
                0x00000088        0x4 C:/Users/Rees/Documents/GitHub/uOS/project2-thread-scheduler_bsp/\libhal_bsp.a(alt_irq_entry.o)
 *(.exceptions.notirq.label)
 .exceptions.notirq.label
                0x0000008c        0x0 C:/Users/Rees/Documents/GitHub/uOS/project2-thread-scheduler_bsp/\libhal_bsp.a(alt_irq_entry.o)
 *(.exceptions.notirq.user)
 *(.exceptions.notirq)
 .exceptions.notirq
                0x0000008c        0x8 C:/Users/Rees/Documents/GitHub/uOS/project2-thread-scheduler_bsp/\libhal_bsp.a(alt_exception_entry.o)
 *(.exceptions.soft.user)
 *(.exceptions.soft)
 *(.exceptions.unknown.user)
 *(.exceptions.unknown)
 .exceptions.unknown
                0x00000094        0x4 C:/Users/Rees/Documents/GitHub/uOS/project2-thread-scheduler_bsp/\libhal_bsp.a(alt_exception_entry.o)
 *(.exceptions.exit.label)
 .exceptions.exit.label
                0x00000098        0x0 C:/Users/Rees/Documents/GitHub/uOS/project2-thread-scheduler_bsp/\libhal_bsp.a(alt_irq_entry.o)
 .exceptions.exit.label
                0x00000098        0x0 C:/Users/Rees/Documents/GitHub/uOS/project2-thread-scheduler_bsp/\libhal_bsp.a(alt_exception_entry.o)
 *(.exceptions.exit.user)
 *(.exceptions.exit)
 .exceptions.exit
                0x00000098       0x54 C:/Users/Rees/Documents/GitHub/uOS/project2-thread-scheduler_bsp/\libhal_bsp.a(alt_exception_entry.o)
 *(.exceptions)
 .exceptions    0x000000ec       0xc8 C:/Users/Rees/Documents/GitHub/uOS/project2-thread-scheduler_bsp/\libhal_bsp.a(alt_irq_handler.o)
                0x000000ec                alt_irq_handler
                0x000001b4                PROVIDE (__ram_exceptions_end, ABSOLUTE (.))
                0x00000020                PROVIDE (__flash_exceptions_start, LOADADDR (.exceptions))

.text           0x000001b4     0x542c
                0x000001b4                PROVIDE (stext, ABSOLUTE (.))
 *(.interp)
 *(.hash)
 *(.dynsym)
 *(.dynstr)
 *(.gnu.version)
 *(.gnu.version_d)
 *(.gnu.version_r)
 *(.rel.init)
 *(.rela.init)
 *(.rel.text .rel.text.* .rel.gnu.linkonce.t.*)
 *(.rela.text .rela.text.* .rela.gnu.linkonce.t.*)
 *(.rel.fini)
 *(.rela.fini)
 *(.rel.rodata .rel.rodata.* .rel.gnu.linkonce.r.*)
 *(.rela.rodata .rela.rodata.* .rela.gnu.linkonce.r.*)
 *(.rel.data .rel.data.* .rel.gnu.linkonce.d.*)
 *(.rela.data .rela.data.* .rela.gnu.linkonce.d.*)
 *(.rel.tdata .rel.tdata.* .rel.gnu.linkonce.td.*)
 *(.rela.tdata .rela.tdata.* .rela.gnu.linkonce.td.*)
 *(.rel.tbss .rel.tbss.* .rel.gnu.linkonce.tb.*)
 *(.rela.tbss .rela.tbss.* .rela.gnu.linkonce.tb.*)
 *(.rel.ctors)
 *(.rela.ctors)
 *(.rel.dtors)
 *(.rela.dtors)
 *(.rel.got)
 *(.rela.got)
 *(.rel.sdata .rel.sdata.* .rel.gnu.linkonce.s.*)
 *(.rela.sdata .rela.sdata.* .rela.gnu.linkonce.s.*)
 *(.rel.sbss .rel.sbss.* .rel.gnu.linkonce.sb.*)
 *(.rela.sbss .rela.sbss.* .rela.gnu.linkonce.sb.*)
 *(.rel.sdata2 .rel.sdata2.* .rel.gnu.linkonce.s2.*)
 *(.rela.sdata2 .rela.sdata2.* .rela.gnu.linkonce.s2.*)
 *(.rel.sbss2 .rel.sbss2.* .rel.gnu.linkonce.sb2.*)
 *(.rela.sbss2 .rela.sbss2.* .rela.gnu.linkonce.sb2.*)
 *(.rel.bss .rel.bss.* .rel.gnu.linkonce.b.*)
 *(.rela.bss .rela.bss.* .rela.gnu.linkonce.b.*)
 *(.rel.plt)
 *(.rela.plt)
 *(.rel.dyn)
 *(.init)
 *(.plt)
 *(.text .stub .text.* .gnu.linkonce.t.*)
 .text          0x000001b4       0x3c C:/Users/Rees/Documents/GitHub/uOS/project2-thread-scheduler_bsp//obj/HAL/src/crt0.o
                0x000001b4                _start
 .text          0x000001f0       0x34 obj/default/hello_world.o
                0x000001f0                main
 .text          0x00000224       0xb4 c:/altera/12.0sp2/nios2eds/bin/gnu/h-i686-mingw32/bin/../lib/gcc/nios2-elf/4.1.2/../../../../nios2-elf/lib/mno-hw-mul\libc.a(lib_a-puts.o)
                0x00000224                _puts_r
                0x000002c4                puts
 .text          0x000002d8       0x74 c:/altera/12.0sp2/nios2eds/bin/gnu/h-i686-mingw32/bin/../lib/gcc/nios2-elf/4.1.2/../../../../nios2-elf/lib/mno-hw-mul\libc.a(lib_a-strlen.o)
                0x000002d8                strlen
 .text          0x0000034c      0x49c c:/altera/12.0sp2/nios2eds/bin/gnu/h-i686-mingw32/bin/../lib/gcc/nios2-elf/4.1.2/../../../../nios2-elf/lib/mno-hw-mul\libc.a(lib_a-fvwrite.o)
                0x0000034c                __sfvwrite_r
 .text          0x000007e8        0x0 c:/altera/12.0sp2/nios2eds/bin/gnu/h-i686-mingw32/bin/../lib/gcc/nios2-elf/4.1.2/../../../../nios2-elf/lib/mno-hw-mul\libc.a(lib_a-impure.o)
 .text          0x000007e8      0x740 c:/altera/12.0sp2/nios2eds/bin/gnu/h-i686-mingw32/bin/../lib/gcc/nios2-elf/4.1.2/../../../../nios2-elf/lib/mno-hw-mul\libc.a(lib_a-mallocr.o)
                0x000007e8                _malloc_r
 .text          0x00000f28       0xe4 c:/altera/12.0sp2/nios2eds/bin/gnu/h-i686-mingw32/bin/../lib/gcc/nios2-elf/4.1.2/../../../../nios2-elf/lib/mno-hw-mul\libc.a(lib_a-memchr.o)
                0x00000f28                memchr
 .text          0x0000100c       0xa0 c:/altera/12.0sp2/nios2eds/bin/gnu/h-i686-mingw32/bin/../lib/gcc/nios2-elf/4.1.2/../../../../nios2-elf/lib/mno-hw-mul\libc.a(lib_a-memcpy.o)
                0x0000100c                memcpy
 .text          0x000010ac       0xe0 c:/altera/12.0sp2/nios2eds/bin/gnu/h-i686-mingw32/bin/../lib/gcc/nios2-elf/4.1.2/../../../../nios2-elf/lib/mno-hw-mul\libc.a(lib_a-memmove.o)
                0x000010ac                memmove
 .text          0x0000118c      0x5f4 c:/altera/12.0sp2/nios2eds/bin/gnu/h-i686-mingw32/bin/../lib/gcc/nios2-elf/4.1.2/../../../../nios2-elf/lib/mno-hw-mul\libc.a(lib_a-reallocr.o)
                0x0000118c                _realloc_r
 .text          0x00001780       0x70 c:/altera/12.0sp2/nios2eds/bin/gnu/h-i686-mingw32/bin/../lib/gcc/nios2-elf/4.1.2/../../../../nios2-elf/lib/mno-hw-mul\libc.a(lib_a-sbrkr.o)
                0x00001780                _sbrk_r
 .text          0x000017f0      0x13c c:/altera/12.0sp2/nios2eds/bin/gnu/h-i686-mingw32/bin/../lib/gcc/nios2-elf/4.1.2/../../../../nios2-elf/lib/mno-hw-mul\libc.a(lib_a-wsetup.o)
                0x000017f0                __swsetup_r
 .text          0x0000192c      0x230 c:/altera/12.0sp2/nios2eds/bin/gnu/h-i686-mingw32/bin/../lib/gcc/nios2-elf/4.1.2/../../../../nios2-elf/lib/mno-hw-mul\libc.a(lib_a-fflush.o)
                0x0000192c                _fflush_r
                0x00001b28                fflush
 .text          0x00001b5c      0x2f4 c:/altera/12.0sp2/nios2eds/bin/gnu/h-i686-mingw32/bin/../lib/gcc/nios2-elf/4.1.2/../../../../nios2-elf/lib/mno-hw-mul\libc.a(lib_a-findfp.o)
                0x00001bb4                __sfp_lock_acquire
                0x00001bb8                __sfp_lock_release
                0x00001bbc                __sinit_lock_acquire
                0x00001bc0                __sinit_lock_release
                0x00001bc4                __sinit
                0x00001c78                __fp_unlock_all
                0x00001c90                __fp_lock_all
                0x00001ca8                _cleanup_r
                0x00001cb4                _cleanup
                0x00001cc4                __sfmoreglue
                0x00001d60                __sfp
 .text          0x00001e50      0x440 c:/altera/12.0sp2/nios2eds/bin/gnu/h-i686-mingw32/bin/../lib/gcc/nios2-elf/4.1.2/../../../../nios2-elf/lib/mno-hw-mul\libc.a(lib_a-freer.o)
                0x00001e50                _malloc_trim_r
                0x00001f7c                _free_r
 .text          0x00002290      0x180 c:/altera/12.0sp2/nios2eds/bin/gnu/h-i686-mingw32/bin/../lib/gcc/nios2-elf/4.1.2/../../../../nios2-elf/lib/mno-hw-mul\libc.a(lib_a-fwalk.o)
                0x00002290                _fwalk_reent
                0x00002358                _fwalk
 .text          0x00002410        0x0 c:/altera/12.0sp2/nios2eds/bin/gnu/h-i686-mingw32/bin/../lib/gcc/nios2-elf/4.1.2/../../../../nios2-elf/lib/mno-hw-mul\libc.a(lib_a-int_errno.o)
 .text          0x00002410      0x194 c:/altera/12.0sp2/nios2eds/bin/gnu/h-i686-mingw32/bin/../lib/gcc/nios2-elf/4.1.2/../../../../nios2-elf/lib/mno-hw-mul\libc.a(lib_a-makebuf.o)
                0x00002410                __smakebuf_r
 .text          0x000025a4       0x98 c:/altera/12.0sp2/nios2eds/bin/gnu/h-i686-mingw32/bin/../lib/gcc/nios2-elf/4.1.2/../../../../nios2-elf/lib/mno-hw-mul\libc.a(lib_a-memset.o)
                0x000025a4                memset
 .text          0x0000263c      0x14c c:/altera/12.0sp2/nios2eds/bin/gnu/h-i686-mingw32/bin/../lib/gcc/nios2-elf/4.1.2/../../../../nios2-elf/lib/mno-hw-mul\libc.a(lib_a-stdio.o)
                0x0000263c                __sclose
                0x00002644                __sseek
                0x000026ac                __swrite
                0x00002728                __sread
 .text          0x00002788       0x78 c:/altera/12.0sp2/nios2eds/bin/gnu/h-i686-mingw32/bin/../lib/gcc/nios2-elf/4.1.2/../../../../nios2-elf/lib/mno-hw-mul\libc.a(lib_a-writer.o)
                0x00002788                _write_r
 .text          0x00002800       0x70 c:/altera/12.0sp2/nios2eds/bin/gnu/h-i686-mingw32/bin/../lib/gcc/nios2-elf/4.1.2/../../../../nios2-elf/lib/mno-hw-mul\libc.a(lib_a-closer.o)
                0x00002800                _close_r
 .text          0x00002870      0x124 c:/altera/12.0sp2/nios2eds/bin/gnu/h-i686-mingw32/bin/../lib/gcc/nios2-elf/4.1.2/../../../../nios2-elf/lib/mno-hw-mul\libc.a(lib_a-fclose.o)
                0x00002870                _fclose_r
                0x00002980                fclose
 .text          0x00002994       0x74 c:/altera/12.0sp2/nios2eds/bin/gnu/h-i686-mingw32/bin/../lib/gcc/nios2-elf/4.1.2/../../../../nios2-elf/lib/mno-hw-mul\libc.a(lib_a-fstatr.o)
                0x00002994                _fstat_r
 .text          0x00002a08       0x70 c:/altera/12.0sp2/nios2eds/bin/gnu/h-i686-mingw32/bin/../lib/gcc/nios2-elf/4.1.2/../../../../nios2-elf/lib/mno-hw-mul\libc.a(lib_a-isattyr.o)
                0x00002a08                _isatty_r
 .text          0x00002a78       0x78 c:/altera/12.0sp2/nios2eds/bin/gnu/h-i686-mingw32/bin/../lib/gcc/nios2-elf/4.1.2/../../../../nios2-elf/lib/mno-hw-mul\libc.a(lib_a-lseekr.o)
                0x00002a78                _lseek_r
 .text          0x00002af0       0x78 c:/altera/12.0sp2/nios2eds/bin/gnu/h-i686-mingw32/bin/../lib/gcc/nios2-elf/4.1.2/../../../../nios2-elf/lib/mno-hw-mul\libc.a(lib_a-readr.o)
                0x00002af0                _read_r
 .text          0x00002b68       0x38 c:/altera/12.0sp2/nios2eds/bin/gnu/h-i686-mingw32/bin/../lib/gcc/nios2-elf/4.1.2/mno-hw-mul\libgcc.a(lib2-mul.o)
                0x00002b68                __mulsi3
 .text          0x00002ba0      0x160 C:/Users/Rees/Documents/GitHub/uOS/project2-thread-scheduler_bsp/\libhal_bsp.a(alt_close.o)
                0x00002ba0                close
 .text          0x00002d00       0x2c C:/Users/Rees/Documents/GitHub/uOS/project2-thread-scheduler_bsp/\libhal_bsp.a(alt_dev.o)
 .text          0x00002d2c        0x0 C:/Users/Rees/Documents/GitHub/uOS/project2-thread-scheduler_bsp/\libhal_bsp.a(alt_errno.o)
 .text          0x00002d2c      0x138 C:/Users/Rees/Documents/GitHub/uOS/project2-thread-scheduler_bsp/\libhal_bsp.a(alt_fstat.o)
                0x00002d2c                fstat
 .text          0x00002e64      0x124 C:/Users/Rees/Documents/GitHub/uOS/project2-thread-scheduler_bsp/\libhal_bsp.a(alt_isatty.o)
                0x00002e64                isatty
 .text          0x00002f88       0xec C:/Users/Rees/Documents/GitHub/uOS/project2-thread-scheduler_bsp/\libhal_bsp.a(alt_load.o)
                0x00002f88                alt_load
 .text          0x00003074      0x154 C:/Users/Rees/Documents/GitHub/uOS/project2-thread-scheduler_bsp/\libhal_bsp.a(alt_lseek.o)
                0x00003074                lseek
 .text          0x000031c8       0x6c C:/Users/Rees/Documents/GitHub/uOS/project2-thread-scheduler_bsp/\libhal_bsp.a(alt_main.o)
                0x000031c8                alt_main
 .text          0x00003234       0x40 C:/Users/Rees/Documents/GitHub/uOS/project2-thread-scheduler_bsp/\libhal_bsp.a(alt_malloc_lock.o)
                0x00003234                __malloc_lock
                0x00003254                __malloc_unlock
 .text          0x00003274      0x184 C:/Users/Rees/Documents/GitHub/uOS/project2-thread-scheduler_bsp/\libhal_bsp.a(alt_read.o)
                0x00003274                read
 .text          0x000033f8       0x78 C:/Users/Rees/Documents/GitHub/uOS/project2-thread-scheduler_bsp/\libhal_bsp.a(alt_release_fd.o)
                0x000033f8                alt_release_fd
 .text          0x00003470       0xbc C:/Users/Rees/Documents/GitHub/uOS/project2-thread-scheduler_bsp/\libhal_bsp.a(alt_sbrk.o)
                0x00003470                sbrk
 .text          0x0000352c      0x184 C:/Users/Rees/Documents/GitHub/uOS/project2-thread-scheduler_bsp/\libhal_bsp.a(alt_write.o)
                0x0000352c                write
 .text          0x000036b0       0xc8 C:/Users/Rees/Documents/GitHub/uOS/project2-thread-scheduler_bsp/\libhal_bsp.a(alt_sys_init.o)
                0x000036b0                alt_irq_init
                0x000036e4                alt_sys_init
 .text          0x00003778      0x148 C:/Users/Rees/Documents/GitHub/uOS/project2-thread-scheduler_bsp/\libhal_bsp.a(altera_avalon_jtag_uart_fd.o)
                0x00003778                altera_avalon_jtag_uart_read_fd
                0x000037d0                altera_avalon_jtag_uart_write_fd
                0x00003828                altera_avalon_jtag_uart_close_fd
                0x00003870                altera_avalon_jtag_uart_ioctl_fd
 .text          0x000038c0      0x40c C:/Users/Rees/Documents/GitHub/uOS/project2-thread-scheduler_bsp/\libhal_bsp.a(altera_avalon_jtag_uart_init.o)
                0x000038c0                altera_avalon_jtag_uart_init
                0x00003c58                altera_avalon_jtag_uart_close
 .text          0x00003ccc       0xf4 C:/Users/Rees/Documents/GitHub/uOS/project2-thread-scheduler_bsp/\libhal_bsp.a(altera_avalon_jtag_uart_ioctl.o)
                0x00003ccc                altera_avalon_jtag_uart_ioctl
 .text          0x00003dc0      0x224 C:/Users/Rees/Documents/GitHub/uOS/project2-thread-scheduler_bsp/\libhal_bsp.a(altera_avalon_jtag_uart_read.o)
                0x00003dc0                altera_avalon_jtag_uart_read
 .text          0x00003fe4      0x240 C:/Users/Rees/Documents/GitHub/uOS/project2-thread-scheduler_bsp/\libhal_bsp.a(altera_avalon_jtag_uart_write.o)
                0x00003fe4                altera_avalon_jtag_uart_write
 .text          0x00004224      0x100 C:/Users/Rees/Documents/GitHub/uOS/project2-thread-scheduler_bsp/\libhal_bsp.a(altera_avalon_timer_sc.o)
                0x00004294                alt_avalon_timer_sc_init
 .text          0x00004324      0x154 C:/Users/Rees/Documents/GitHub/uOS/project2-thread-scheduler_bsp/\libhal_bsp.a(alt_alarm_start.o)
                0x00004324                alt_alarm_start
 .text          0x00004478       0x1c C:/Users/Rees/Documents/GitHub/uOS/project2-thread-scheduler_bsp/\libhal_bsp.a(alt_dcache_flush_all.o)
                0x00004478                alt_dcache_flush_all
 .text          0x00004494      0x114 C:/Users/Rees/Documents/GitHub/uOS/project2-thread-scheduler_bsp/\libhal_bsp.a(alt_dev_llist_insert.o)
                0x00004494                alt_dev_llist_insert
 .text          0x000045a8       0x64 C:/Users/Rees/Documents/GitHub/uOS/project2-thread-scheduler_bsp/\libhal_bsp.a(alt_do_ctors.o)
                0x000045a8                _do_ctors
 .text          0x0000460c       0x64 C:/Users/Rees/Documents/GitHub/uOS/project2-thread-scheduler_bsp/\libhal_bsp.a(alt_do_dtors.o)
                0x0000460c                _do_dtors
 .text          0x00004670       0x1c C:/Users/Rees/Documents/GitHub/uOS/project2-thread-scheduler_bsp/\libhal_bsp.a(alt_icache_flush_all.o)
                0x00004670                alt_icache_flush_all
 .text          0x0000468c      0x1d4 C:/Users/Rees/Documents/GitHub/uOS/project2-thread-scheduler_bsp/\libhal_bsp.a(alt_iic.o)
                0x0000468c                alt_ic_isr_register
                0x000046dc                alt_ic_irq_enable
                0x00004778                alt_ic_irq_disable
                0x00004818                alt_ic_irq_enabled
 .text          0x00004860       0xf8 C:/Users/Rees/Documents/GitHub/uOS/project2-thread-scheduler_bsp/\libhal_bsp.a(alt_iic_isr_register.o)
                0x00004860                alt_iic_isr_register
 .text          0x00004958      0x150 C:/Users/Rees/Documents/GitHub/uOS/project2-thread-scheduler_bsp/\libhal_bsp.a(alt_io_redirect.o)
                0x00004a30                alt_io_redirect
 .text          0x00004aa8        0x0 C:/Users/Rees/Documents/GitHub/uOS/project2-thread-scheduler_bsp/\libhal_bsp.a(alt_irq_entry.o)
 .text          0x00004aa8        0x0 C:/Users/Rees/Documents/GitHub/uOS/project2-thread-scheduler_bsp/\libhal_bsp.a(alt_irq_handler.o)
 .text          0x00004aa8        0x0 C:/Users/Rees/Documents/GitHub/uOS/project2-thread-scheduler_bsp/\libhal_bsp.a(alt_irq_vars.o)
 .text          0x00004aa8      0x2e4 C:/Users/Rees/Documents/GitHub/uOS/project2-thread-scheduler_bsp/\libhal_bsp.a(alt_open.o)
                0x00004ba0                open
 .text          0x00004d8c      0x1a4 C:/Users/Rees/Documents/GitHub/uOS/project2-thread-scheduler_bsp/\libhal_bsp.a(alt_tick.o)
                0x00004d8c                alt_alarm_stop
                0x00004e24                alt_tick
 .text          0x00004f30       0x20 C:/Users/Rees/Documents/GitHub/uOS/project2-thread-scheduler_bsp/\libhal_bsp.a(altera_nios2_irq.o)
                0x00004f30                altera_nios2_irq_init
 .text          0x00004f50        0x0 C:/Users/Rees/Documents/GitHub/uOS/project2-thread-scheduler_bsp/\libhal_bsp.a(alt_exception_entry.o)
 .text          0x00004f50       0x94 C:/Users/Rees/Documents/GitHub/uOS/project2-thread-scheduler_bsp/\libhal_bsp.a(alt_find_dev.o)
                0x00004f50                alt_find_dev
 .text          0x00004fe4      0x120 C:/Users/Rees/Documents/GitHub/uOS/project2-thread-scheduler_bsp/\libhal_bsp.a(alt_find_file.o)
                0x00004fe4                alt_find_file
 .text          0x00005104       0xd0 C:/Users/Rees/Documents/GitHub/uOS/project2-thread-scheduler_bsp/\libhal_bsp.a(alt_get_fd.o)
                0x00005104                alt_get_fd
 .text          0x000051d4       0x14 c:/altera/12.0sp2/nios2eds/bin/gnu/h-i686-mingw32/bin/../lib/gcc/nios2-elf/4.1.2/../../../../nios2-elf/lib/mno-hw-mul\libc.a(lib_a-atexit.o)
                0x000051d4                atexit
 .text          0x000051e8       0x38 c:/altera/12.0sp2/nios2eds/bin/gnu/h-i686-mingw32/bin/../lib/gcc/nios2-elf/4.1.2/../../../../nios2-elf/lib/mno-hw-mul\libc.a(lib_a-exit.o)
                0x000051e8                exit
 .text          0x00005220       0x74 c:/altera/12.0sp2/nios2eds/bin/gnu/h-i686-mingw32/bin/../lib/gcc/nios2-elf/4.1.2/../../../../nios2-elf/lib/mno-hw-mul\libc.a(lib_a-memcmp.o)
                0x00005220                memcmp
 .text          0x00005294      0x134 c:/altera/12.0sp2/nios2eds/bin/gnu/h-i686-mingw32/bin/../lib/gcc/nios2-elf/4.1.2/../../../../nios2-elf/lib/mno-hw-mul\libc.a(lib_a-__atexit.o)
                0x00005294                __register_exitproc
 .text          0x000053c8      0x1b4 c:/altera/12.0sp2/nios2eds/bin/gnu/h-i686-mingw32/bin/../lib/gcc/nios2-elf/4.1.2/../../../../nios2-elf/lib/mno-hw-mul\libc.a(lib_a-__call_atexit.o)
                0x000053cc                __call_exitprocs
 .text          0x0000557c       0x60 C:/Users/Rees/Documents/GitHub/uOS/project2-thread-scheduler_bsp/\libhal_bsp.a(alt_exit.o)
                0x000055bc                _exit
 *(.gnu.warning.*)
 *(.fini)
                0x000055dc                PROVIDE (__etext, ABSOLUTE (.))
                0x000055dc                PROVIDE (_etext, ABSOLUTE (.))
                0x000055dc                PROVIDE (etext, ABSOLUTE (.))
 *(.eh_frame_hdr)
                0x000055dc                . = ALIGN (0x4)
                0x000055dc                PROVIDE (__preinit_array_start, ABSOLUTE (.))
 *(.preinit_array)
                0x000055dc                PROVIDE (__preinit_array_end, ABSOLUTE (.))
                0x000055dc                PROVIDE (__init_array_start, ABSOLUTE (.))
 *(.init_array)
                0x000055dc                PROVIDE (__init_array_end, ABSOLUTE (.))
                0x000055dc                PROVIDE (__fini_array_start, ABSOLUTE (.))
 *(.fini_array)
                0x000055dc                PROVIDE (__fini_array_end, ABSOLUTE (.))
 *(.eh_frame)
 *(.gcc_except_table)
 *(.dynamic)
                0x000055dc                PROVIDE (__CTOR_LIST__, ABSOLUTE (.))
 *(.ctors)
 *(SORT(.ctors.*))
 .ctors.65535   0x000055dc        0x4 c:/altera/12.0sp2/nios2eds/bin/gnu/h-i686-mingw32/bin/../lib/gcc/nios2-elf/4.1.2/../../../../nios2-elf/lib/mno-hw-mul\libc.a(lib_a-__call_atexit.o)
                0x000055e0                PROVIDE (__CTOR_END__, ABSOLUTE (.))
                0x000055e0                PROVIDE (__DTOR_LIST__, ABSOLUTE (.))
 *(.dtors)
 *(SORT(.dtors.*))
                0x000055e0                PROVIDE (__DTOR_END__, ABSOLUTE (.))
 *(.jcr)
                0x000055e0                . = ALIGN (0x4)

.rodata         0x000055e0       0x48
                0x000055e0                PROVIDE (__ram_rodata_start, ABSOLUTE (.))
                0x000055e0                . = ALIGN (0x4)
 *(.rodata .rodata.* .gnu.linkonce.r.*)
 .rodata        0x000055e0       0x14 obj/default/hello_world.o
 .rodata.str1.4
                0x000055f4        0x2 c:/altera/12.0sp2/nios2eds/bin/gnu/h-i686-mingw32/bin/../lib/gcc/nios2-elf/4.1.2/../../../../nios2-elf/lib/mno-hw-mul\libc.a(lib_a-puts.o)
                                  0x4 (size before relaxing)
 *fill*         0x000055f6        0x2 00
 .rodata.str1.4
                0x000055f8        0x4 c:/altera/12.0sp2/nios2eds/bin/gnu/h-i686-mingw32/bin/../lib/gcc/nios2-elf/4.1.2/../../../../nios2-elf/lib/mno-hw-mul\libc.a(lib_a-impure.o)
 .rodata        0x000055fc        0xc C:/Users/Rees/Documents/GitHub/uOS/project2-thread-scheduler_bsp/\libhal_bsp.a(alt_dev.o)
 .rodata        0x00005608       0x10 C:/Users/Rees/Documents/GitHub/uOS/project2-thread-scheduler_bsp/\libhal_bsp.a(alt_main.o)
 .rodata        0x00005618       0x10 C:/Users/Rees/Documents/GitHub/uOS/project2-thread-scheduler_bsp/\libhal_bsp.a(alt_sys_init.o)
 *(.rodata1)
                0x00005628                . = ALIGN (0x4)
                0x00005628                PROVIDE (__ram_rodata_end, ABSOLUTE (.))
                0x000055e0                PROVIDE (__flash_rodata_start, LOADADDR (.rodata))

.rwdata         0x00005628     0x1a48 load address 0x00007070
                0x00005628                PROVIDE (__ram_rwdata_start, ABSOLUTE (.))
                0x00005628                . = ALIGN (0x4)
 *(.got.plt)
 *(.got)
 *(.data1)
 *(.data .data.* .gnu.linkonce.d.*)
 .data          0x00005628        0x0 C:/Users/Rees/Documents/GitHub/uOS/project2-thread-scheduler_bsp//obj/HAL/src/crt0.o
 .data          0x00005628        0x0 obj/default/hello_world.o
 .data          0x00005628        0x0 c:/altera/12.0sp2/nios2eds/bin/gnu/h-i686-mingw32/bin/../lib/gcc/nios2-elf/4.1.2/../../../../nios2-elf/lib/mno-hw-mul\libc.a(lib_a-puts.o)
 .data          0x00005628        0x0 c:/altera/12.0sp2/nios2eds/bin/gnu/h-i686-mingw32/bin/../lib/gcc/nios2-elf/4.1.2/../../../../nios2-elf/lib/mno-hw-mul\libc.a(lib_a-strlen.o)
 .data          0x00005628        0x0 c:/altera/12.0sp2/nios2eds/bin/gnu/h-i686-mingw32/bin/../lib/gcc/nios2-elf/4.1.2/../../../../nios2-elf/lib/mno-hw-mul\libc.a(lib_a-fvwrite.o)
 .data          0x00005628      0x400 c:/altera/12.0sp2/nios2eds/bin/gnu/h-i686-mingw32/bin/../lib/gcc/nios2-elf/4.1.2/../../../../nios2-elf/lib/mno-hw-mul\libc.a(lib_a-impure.o)
 .data          0x00005a28      0x408 c:/altera/12.0sp2/nios2eds/bin/gnu/h-i686-mingw32/bin/../lib/gcc/nios2-elf/4.1.2/../../../../nios2-elf/lib/mno-hw-mul\libc.a(lib_a-mallocr.o)
                0x00005a28                __malloc_av_
 .data          0x00005e30        0x0 c:/altera/12.0sp2/nios2eds/bin/gnu/h-i686-mingw32/bin/../lib/gcc/nios2-elf/4.1.2/../../../../nios2-elf/lib/mno-hw-mul\libc.a(lib_a-memchr.o)
 .data          0x00005e30        0x0 c:/altera/12.0sp2/nios2eds/bin/gnu/h-i686-mingw32/bin/../lib/gcc/nios2-elf/4.1.2/../../../../nios2-elf/lib/mno-hw-mul\libc.a(lib_a-memcpy.o)
 .data          0x00005e30        0x0 c:/altera/12.0sp2/nios2eds/bin/gnu/h-i686-mingw32/bin/../lib/gcc/nios2-elf/4.1.2/../../../../nios2-elf/lib/mno-hw-mul\libc.a(lib_a-memmove.o)
 .data          0x00005e30        0x0 c:/altera/12.0sp2/nios2eds/bin/gnu/h-i686-mingw32/bin/../lib/gcc/nios2-elf/4.1.2/../../../../nios2-elf/lib/mno-hw-mul\libc.a(lib_a-reallocr.o)
 .data          0x00005e30        0x0 c:/altera/12.0sp2/nios2eds/bin/gnu/h-i686-mingw32/bin/../lib/gcc/nios2-elf/4.1.2/../../../../nios2-elf/lib/mno-hw-mul\libc.a(lib_a-sbrkr.o)
 .data          0x00005e30        0x0 c:/altera/12.0sp2/nios2eds/bin/gnu/h-i686-mingw32/bin/../lib/gcc/nios2-elf/4.1.2/../../../../nios2-elf/lib/mno-hw-mul\libc.a(lib_a-wsetup.o)
 .data          0x00005e30        0x0 c:/altera/12.0sp2/nios2eds/bin/gnu/h-i686-mingw32/bin/../lib/gcc/nios2-elf/4.1.2/../../../../nios2-elf/lib/mno-hw-mul\libc.a(lib_a-fflush.o)
 .data          0x00005e30        0x0 c:/altera/12.0sp2/nios2eds/bin/gnu/h-i686-mingw32/bin/../lib/gcc/nios2-elf/4.1.2/../../../../nios2-elf/lib/mno-hw-mul\libc.a(lib_a-findfp.o)
 .data          0x00005e30        0x0 c:/altera/12.0sp2/nios2eds/bin/gnu/h-i686-mingw32/bin/../lib/gcc/nios2-elf/4.1.2/../../../../nios2-elf/lib/mno-hw-mul\libc.a(lib_a-freer.o)
 .data          0x00005e30        0x0 c:/altera/12.0sp2/nios2eds/bin/gnu/h-i686-mingw32/bin/../lib/gcc/nios2-elf/4.1.2/../../../../nios2-elf/lib/mno-hw-mul\libc.a(lib_a-fwalk.o)
 .data          0x00005e30        0x0 c:/altera/12.0sp2/nios2eds/bin/gnu/h-i686-mingw32/bin/../lib/gcc/nios2-elf/4.1.2/../../../../nios2-elf/lib/mno-hw-mul\libc.a(lib_a-int_errno.o)
 .data          0x00005e30        0x0 c:/altera/12.0sp2/nios2eds/bin/gnu/h-i686-mingw32/bin/../lib/gcc/nios2-elf/4.1.2/../../../../nios2-elf/lib/mno-hw-mul\libc.a(lib_a-makebuf.o)
 .data          0x00005e30        0x0 c:/altera/12.0sp2/nios2eds/bin/gnu/h-i686-mingw32/bin/../lib/gcc/nios2-elf/4.1.2/../../../../nios2-elf/lib/mno-hw-mul\libc.a(lib_a-memset.o)
 .data          0x00005e30        0x0 c:/altera/12.0sp2/nios2eds/bin/gnu/h-i686-mingw32/bin/../lib/gcc/nios2-elf/4.1.2/../../../../nios2-elf/lib/mno-hw-mul\libc.a(lib_a-stdio.o)
 .data          0x00005e30        0x0 c:/altera/12.0sp2/nios2eds/bin/gnu/h-i686-mingw32/bin/../lib/gcc/nios2-elf/4.1.2/../../../../nios2-elf/lib/mno-hw-mul\libc.a(lib_a-writer.o)
 .data          0x00005e30        0x0 c:/altera/12.0sp2/nios2eds/bin/gnu/h-i686-mingw32/bin/../lib/gcc/nios2-elf/4.1.2/../../../../nios2-elf/lib/mno-hw-mul\libc.a(lib_a-closer.o)
 .data          0x00005e30        0x0 c:/altera/12.0sp2/nios2eds/bin/gnu/h-i686-mingw32/bin/../lib/gcc/nios2-elf/4.1.2/../../../../nios2-elf/lib/mno-hw-mul\libc.a(lib_a-fclose.o)
 .data          0x00005e30        0x0 c:/altera/12.0sp2/nios2eds/bin/gnu/h-i686-mingw32/bin/../lib/gcc/nios2-elf/4.1.2/../../../../nios2-elf/lib/mno-hw-mul\libc.a(lib_a-fstatr.o)
 .data          0x00005e30        0x0 c:/altera/12.0sp2/nios2eds/bin/gnu/h-i686-mingw32/bin/../lib/gcc/nios2-elf/4.1.2/../../../../nios2-elf/lib/mno-hw-mul\libc.a(lib_a-isattyr.o)
 .data          0x00005e30        0x0 c:/altera/12.0sp2/nios2eds/bin/gnu/h-i686-mingw32/bin/../lib/gcc/nios2-elf/4.1.2/../../../../nios2-elf/lib/mno-hw-mul\libc.a(lib_a-lseekr.o)
 .data          0x00005e30        0x0 c:/altera/12.0sp2/nios2eds/bin/gnu/h-i686-mingw32/bin/../lib/gcc/nios2-elf/4.1.2/../../../../nios2-elf/lib/mno-hw-mul\libc.a(lib_a-readr.o)
 .data          0x00005e30        0x0 c:/altera/12.0sp2/nios2eds/bin/gnu/h-i686-mingw32/bin/../lib/gcc/nios2-elf/4.1.2/mno-hw-mul\libgcc.a(lib2-mul.o)
 .data          0x00005e30        0x0 C:/Users/Rees/Documents/GitHub/uOS/project2-thread-scheduler_bsp/\libhal_bsp.a(alt_close.o)
 .data          0x00005e30      0x1a8 C:/Users/Rees/Documents/GitHub/uOS/project2-thread-scheduler_bsp/\libhal_bsp.a(alt_dev.o)
                0x00005e30                alt_dev_null
                0x00005e58                alt_fd_list
 .data          0x00005fd8        0x0 C:/Users/Rees/Documents/GitHub/uOS/project2-thread-scheduler_bsp/\libhal_bsp.a(alt_errno.o)
 .data          0x00005fd8        0x0 C:/Users/Rees/Documents/GitHub/uOS/project2-thread-scheduler_bsp/\libhal_bsp.a(alt_fstat.o)
 .data          0x00005fd8        0x0 C:/Users/Rees/Documents/GitHub/uOS/project2-thread-scheduler_bsp/\libhal_bsp.a(alt_isatty.o)
 .data          0x00005fd8        0x0 C:/Users/Rees/Documents/GitHub/uOS/project2-thread-scheduler_bsp/\libhal_bsp.a(alt_load.o)
 .data          0x00005fd8        0x0 C:/Users/Rees/Documents/GitHub/uOS/project2-thread-scheduler_bsp/\libhal_bsp.a(alt_lseek.o)
 .data          0x00005fd8        0x0 C:/Users/Rees/Documents/GitHub/uOS/project2-thread-scheduler_bsp/\libhal_bsp.a(alt_main.o)
 .data          0x00005fd8        0x0 C:/Users/Rees/Documents/GitHub/uOS/project2-thread-scheduler_bsp/\libhal_bsp.a(alt_malloc_lock.o)
 .data          0x00005fd8        0x0 C:/Users/Rees/Documents/GitHub/uOS/project2-thread-scheduler_bsp/\libhal_bsp.a(alt_read.o)
 .data          0x00005fd8        0x0 C:/Users/Rees/Documents/GitHub/uOS/project2-thread-scheduler_bsp/\libhal_bsp.a(alt_release_fd.o)
 .data          0x00005fd8        0x0 C:/Users/Rees/Documents/GitHub/uOS/project2-thread-scheduler_bsp/\libhal_bsp.a(alt_sbrk.o)
 .data          0x00005fd8        0x0 C:/Users/Rees/Documents/GitHub/uOS/project2-thread-scheduler_bsp/\libhal_bsp.a(alt_write.o)
 .data          0x00005fd8     0x1060 C:/Users/Rees/Documents/GitHub/uOS/project2-thread-scheduler_bsp/\libhal_bsp.a(alt_sys_init.o)
 .data          0x00007038        0x0 C:/Users/Rees/Documents/GitHub/uOS/project2-thread-scheduler_bsp/\libhal_bsp.a(altera_avalon_jtag_uart_fd.o)
 .data          0x00007038        0x0 C:/Users/Rees/Documents/GitHub/uOS/project2-thread-scheduler_bsp/\libhal_bsp.a(altera_avalon_jtag_uart_init.o)
 .data          0x00007038        0x0 C:/Users/Rees/Documents/GitHub/uOS/project2-thread-scheduler_bsp/\libhal_bsp.a(altera_avalon_jtag_uart_ioctl.o)
 .data          0x00007038        0x0 C:/Users/Rees/Documents/GitHub/uOS/project2-thread-scheduler_bsp/\libhal_bsp.a(altera_avalon_jtag_uart_read.o)
 .data          0x00007038        0x0 C:/Users/Rees/Documents/GitHub/uOS/project2-thread-scheduler_bsp/\libhal_bsp.a(altera_avalon_jtag_uart_write.o)
 .data          0x00007038        0x0 C:/Users/Rees/Documents/GitHub/uOS/project2-thread-scheduler_bsp/\libhal_bsp.a(altera_avalon_timer_sc.o)
 .data          0x00007038        0x0 C:/Users/Rees/Documents/GitHub/uOS/project2-thread-scheduler_bsp/\libhal_bsp.a(alt_alarm_start.o)
 .data          0x00007038        0x0 C:/Users/Rees/Documents/GitHub/uOS/project2-thread-scheduler_bsp/\libhal_bsp.a(alt_dcache_flush_all.o)
 .data          0x00007038        0x0 C:/Users/Rees/Documents/GitHub/uOS/project2-thread-scheduler_bsp/\libhal_bsp.a(alt_dev_llist_insert.o)
 .data          0x00007038        0x0 C:/Users/Rees/Documents/GitHub/uOS/project2-thread-scheduler_bsp/\libhal_bsp.a(alt_do_ctors.o)
 .data          0x00007038        0x0 C:/Users/Rees/Documents/GitHub/uOS/project2-thread-scheduler_bsp/\libhal_bsp.a(alt_do_dtors.o)
 .data          0x00007038        0x0 C:/Users/Rees/Documents/GitHub/uOS/project2-thread-scheduler_bsp/\libhal_bsp.a(alt_icache_flush_all.o)
 .data          0x00007038        0x0 C:/Users/Rees/Documents/GitHub/uOS/project2-thread-scheduler_bsp/\libhal_bsp.a(alt_iic.o)
 .data          0x00007038        0x0 C:/Users/Rees/Documents/GitHub/uOS/project2-thread-scheduler_bsp/\libhal_bsp.a(alt_iic_isr_register.o)
 .data          0x00007038        0x0 C:/Users/Rees/Documents/GitHub/uOS/project2-thread-scheduler_bsp/\libhal_bsp.a(alt_io_redirect.o)
 .data          0x00007038        0x0 C:/Users/Rees/Documents/GitHub/uOS/project2-thread-scheduler_bsp/\libhal_bsp.a(alt_irq_entry.o)
 .data          0x00007038        0x0 C:/Users/Rees/Documents/GitHub/uOS/project2-thread-scheduler_bsp/\libhal_bsp.a(alt_irq_handler.o)
 .data          0x00007038        0x0 C:/Users/Rees/Documents/GitHub/uOS/project2-thread-scheduler_bsp/\libhal_bsp.a(alt_irq_vars.o)
 .data          0x00007038        0x0 C:/Users/Rees/Documents/GitHub/uOS/project2-thread-scheduler_bsp/\libhal_bsp.a(alt_open.o)
 .data          0x00007038        0x0 C:/Users/Rees/Documents/GitHub/uOS/project2-thread-scheduler_bsp/\libhal_bsp.a(alt_tick.o)
 .data          0x00007038        0x0 C:/Users/Rees/Documents/GitHub/uOS/project2-thread-scheduler_bsp/\libhal_bsp.a(altera_nios2_irq.o)
 .data          0x00007038        0x0 C:/Users/Rees/Documents/GitHub/uOS/project2-thread-scheduler_bsp/\libhal_bsp.a(alt_exception_entry.o)
 .data          0x00007038        0x0 C:/Users/Rees/Documents/GitHub/uOS/project2-thread-scheduler_bsp/\libhal_bsp.a(alt_find_dev.o)
 .data          0x00007038        0x0 C:/Users/Rees/Documents/GitHub/uOS/project2-thread-scheduler_bsp/\libhal_bsp.a(alt_find_file.o)
 .data          0x00007038        0x0 C:/Users/Rees/Documents/GitHub/uOS/project2-thread-scheduler_bsp/\libhal_bsp.a(alt_get_fd.o)
 .data          0x00007038        0x0 c:/altera/12.0sp2/nios2eds/bin/gnu/h-i686-mingw32/bin/../lib/gcc/nios2-elf/4.1.2/../../../../nios2-elf/lib/mno-hw-mul\libc.a(lib_a-atexit.o)
 .data          0x00007038        0x0 c:/altera/12.0sp2/nios2eds/bin/gnu/h-i686-mingw32/bin/../lib/gcc/nios2-elf/4.1.2/../../../../nios2-elf/lib/mno-hw-mul\libc.a(lib_a-exit.o)
 .data          0x00007038        0x0 c:/altera/12.0sp2/nios2eds/bin/gnu/h-i686-mingw32/bin/../lib/gcc/nios2-elf/4.1.2/../../../../nios2-elf/lib/mno-hw-mul\libc.a(lib_a-memcmp.o)
 .data          0x00007038        0x0 c:/altera/12.0sp2/nios2eds/bin/gnu/h-i686-mingw32/bin/../lib/gcc/nios2-elf/4.1.2/../../../../nios2-elf/lib/mno-hw-mul\libc.a(lib_a-__atexit.o)
 .data          0x00007038        0x0 c:/altera/12.0sp2/nios2eds/bin/gnu/h-i686-mingw32/bin/../lib/gcc/nios2-elf/4.1.2/../../../../nios2-elf/lib/mno-hw-mul\libc.a(lib_a-__call_atexit.o)
 .data          0x00007038        0x0 C:/Users/Rees/Documents/GitHub/uOS/project2-thread-scheduler_bsp/\libhal_bsp.a(alt_exit.o)
                0x0000f038                _gp = ABSOLUTE ((. + 0x8000))
                0x0000f038                PROVIDE (gp, _gp)
 *(.rwdata .rwdata.*)
 *(.sdata .sdata.* .gnu.linkonce.s.*)
 .sdata         0x00007038        0x8 c:/altera/12.0sp2/nios2eds/bin/gnu/h-i686-mingw32/bin/../lib/gcc/nios2-elf/4.1.2/../../../../nios2-elf/lib/mno-hw-mul\libc.a(lib_a-impure.o)
                0x00007038                _impure_ptr
                0x0000703c                _global_impure_ptr
 .sdata         0x00007040        0x8 c:/altera/12.0sp2/nios2eds/bin/gnu/h-i686-mingw32/bin/../lib/gcc/nios2-elf/4.1.2/../../../../nios2-elf/lib/mno-hw-mul\libc.a(lib_a-mallocr.o)
                0x00007040                __malloc_trim_threshold
                0x00007044                __malloc_sbrk_base
 .sdata         0x00007048       0x14 C:/Users/Rees/Documents/GitHub/uOS/project2-thread-scheduler_bsp/\libhal_bsp.a(alt_dev.o)
                0x00007048                alt_fs_list
                0x00007050                alt_dev_list
                0x00007058                alt_max_fd
 .sdata         0x0000705c        0x4 C:/Users/Rees/Documents/GitHub/uOS/project2-thread-scheduler_bsp/\libhal_bsp.a(alt_errno.o)
                0x0000705c                alt_errno
 .sdata         0x00007060        0x4 C:/Users/Rees/Documents/GitHub/uOS/project2-thread-scheduler_bsp/\libhal_bsp.a(alt_sbrk.o)
 .sdata         0x00007064        0x4 C:/Users/Rees/Documents/GitHub/uOS/project2-thread-scheduler_bsp/\libhal_bsp.a(alt_irq_vars.o)
                0x00007064                alt_priority_mask
 .sdata         0x00007068        0x8 C:/Users/Rees/Documents/GitHub/uOS/project2-thread-scheduler_bsp/\libhal_bsp.a(alt_tick.o)
                0x00007068                alt_alarm_list
 *(.sdata2 .sdata2.* .gnu.linkonce.s2.*)
                0x00007070                . = ALIGN (0x4)
                0x00007070                _edata = ABSOLUTE (.)
                0x00007070                PROVIDE (edata, ABSOLUTE (.))
                0x00007070                PROVIDE (__ram_rwdata_end, ABSOLUTE (.))
                0x00007070                PROVIDE (__flash_rwdata_start, LOADADDR (.rwdata))

.bss            0x00008ab8      0x2e0
                0x00008ab8                __bss_start = ABSOLUTE (.)
                0x00008ab8                PROVIDE (__sbss_start, ABSOLUTE (.))
                0x00008ab8                PROVIDE (___sbss_start, ABSOLUTE (.))
 *(.dynsbss)
 *(.sbss .sbss.* .gnu.linkonce.sb.*)
 .sbss          0x00008ab8        0xc c:/altera/12.0sp2/nios2eds/bin/gnu/h-i686-mingw32/bin/../lib/gcc/nios2-elf/4.1.2/../../../../nios2-elf/lib/mno-hw-mul\libc.a(lib_a-mallocr.o)
                0x00008ab8                __malloc_top_pad
                0x00008abc                __malloc_max_sbrked_mem
                0x00008ac0                __malloc_max_total_mem
 .sbss          0x00008ac4        0x4 c:/altera/12.0sp2/nios2eds/bin/gnu/h-i686-mingw32/bin/../lib/gcc/nios2-elf/4.1.2/../../../../nios2-elf/lib/mno-hw-mul\libc.a(lib_a-int_errno.o)
                0x00008ac4                errno
 .sbss          0x00008ac8        0xc C:/Users/Rees/Documents/GitHub/uOS/project2-thread-scheduler_bsp/\libhal_bsp.a(alt_main.o)
                0x00008ac8                alt_argc
                0x00008acc                alt_argv
                0x00008ad0                alt_envp
 .sbss          0x00008ad4        0x4 C:/Users/Rees/Documents/GitHub/uOS/project2-thread-scheduler_bsp/\libhal_bsp.a(alt_irq_vars.o)
                0x00008ad4                alt_irq_active
 .sbss          0x00008ad8        0x8 C:/Users/Rees/Documents/GitHub/uOS/project2-thread-scheduler_bsp/\libhal_bsp.a(alt_tick.o)
                0x00008ad8                _alt_tick_rate
                0x00008adc                _alt_nticks
 *(.sbss2 .sbss2.* .gnu.linkonce.sb2.*)
 *(.scommon)
                0x00008ae0                PROVIDE (__sbss_end, ABSOLUTE (.))
                0x00008ae0                PROVIDE (___sbss_end, ABSOLUTE (.))
 *(.dynbss)
 *(.bss .bss.* .gnu.linkonce.b.*)
 .bss           0x00008ae0        0x0 C:/Users/Rees/Documents/GitHub/uOS/project2-thread-scheduler_bsp//obj/HAL/src/crt0.o
 .bss           0x00008ae0        0x0 obj/default/hello_world.o
 .bss           0x00008ae0        0x0 c:/altera/12.0sp2/nios2eds/bin/gnu/h-i686-mingw32/bin/../lib/gcc/nios2-elf/4.1.2/../../../../nios2-elf/lib/mno-hw-mul\libc.a(lib_a-puts.o)
 .bss           0x00008ae0        0x0 c:/altera/12.0sp2/nios2eds/bin/gnu/h-i686-mingw32/bin/../lib/gcc/nios2-elf/4.1.2/../../../../nios2-elf/lib/mno-hw-mul\libc.a(lib_a-strlen.o)
 .bss           0x00008ae0        0x0 c:/altera/12.0sp2/nios2eds/bin/gnu/h-i686-mingw32/bin/../lib/gcc/nios2-elf/4.1.2/../../../../nios2-elf/lib/mno-hw-mul\libc.a(lib_a-fvwrite.o)
 .bss           0x00008ae0        0x0 c:/altera/12.0sp2/nios2eds/bin/gnu/h-i686-mingw32/bin/../lib/gcc/nios2-elf/4.1.2/../../../../nios2-elf/lib/mno-hw-mul\libc.a(lib_a-impure.o)
 .bss           0x00008ae0       0x28 c:/altera/12.0sp2/nios2eds/bin/gnu/h-i686-mingw32/bin/../lib/gcc/nios2-elf/4.1.2/../../../../nios2-elf/lib/mno-hw-mul\libc.a(lib_a-mallocr.o)
                0x00008ae0                __malloc_current_mallinfo
 .bss           0x00008b08        0x0 c:/altera/12.0sp2/nios2eds/bin/gnu/h-i686-mingw32/bin/../lib/gcc/nios2-elf/4.1.2/../../../../nios2-elf/lib/mno-hw-mul\libc.a(lib_a-memchr.o)
 .bss           0x00008b08        0x0 c:/altera/12.0sp2/nios2eds/bin/gnu/h-i686-mingw32/bin/../lib/gcc/nios2-elf/4.1.2/../../../../nios2-elf/lib/mno-hw-mul\libc.a(lib_a-memcpy.o)
 .bss           0x00008b08        0x0 c:/altera/12.0sp2/nios2eds/bin/gnu/h-i686-mingw32/bin/../lib/gcc/nios2-elf/4.1.2/../../../../nios2-elf/lib/mno-hw-mul\libc.a(lib_a-memmove.o)
 .bss           0x00008b08        0x0 c:/altera/12.0sp2/nios2eds/bin/gnu/h-i686-mingw32/bin/../lib/gcc/nios2-elf/4.1.2/../../../../nios2-elf/lib/mno-hw-mul\libc.a(lib_a-reallocr.o)
 .bss           0x00008b08        0x0 c:/altera/12.0sp2/nios2eds/bin/gnu/h-i686-mingw32/bin/../lib/gcc/nios2-elf/4.1.2/../../../../nios2-elf/lib/mno-hw-mul\libc.a(lib_a-sbrkr.o)
 .bss           0x00008b08        0x0 c:/altera/12.0sp2/nios2eds/bin/gnu/h-i686-mingw32/bin/../lib/gcc/nios2-elf/4.1.2/../../../../nios2-elf/lib/mno-hw-mul\libc.a(lib_a-wsetup.o)
 .bss           0x00008b08        0x0 c:/altera/12.0sp2/nios2eds/bin/gnu/h-i686-mingw32/bin/../lib/gcc/nios2-elf/4.1.2/../../../../nios2-elf/lib/mno-hw-mul\libc.a(lib_a-fflush.o)
 .bss           0x00008b08        0x0 c:/altera/12.0sp2/nios2eds/bin/gnu/h-i686-mingw32/bin/../lib/gcc/nios2-elf/4.1.2/../../../../nios2-elf/lib/mno-hw-mul\libc.a(lib_a-findfp.o)
 .bss           0x00008b08        0x0 c:/altera/12.0sp2/nios2eds/bin/gnu/h-i686-mingw32/bin/../lib/gcc/nios2-elf/4.1.2/../../../../nios2-elf/lib/mno-hw-mul\libc.a(lib_a-freer.o)
 .bss           0x00008b08        0x0 c:/altera/12.0sp2/nios2eds/bin/gnu/h-i686-mingw32/bin/../lib/gcc/nios2-elf/4.1.2/../../../../nios2-elf/lib/mno-hw-mul\libc.a(lib_a-fwalk.o)
 .bss           0x00008b08        0x0 c:/altera/12.0sp2/nios2eds/bin/gnu/h-i686-mingw32/bin/../lib/gcc/nios2-elf/4.1.2/../../../../nios2-elf/lib/mno-hw-mul\libc.a(lib_a-int_errno.o)
 .bss           0x00008b08        0x0 c:/altera/12.0sp2/nios2eds/bin/gnu/h-i686-mingw32/bin/../lib/gcc/nios2-elf/4.1.2/../../../../nios2-elf/lib/mno-hw-mul\libc.a(lib_a-makebuf.o)
 .bss           0x00008b08        0x0 c:/altera/12.0sp2/nios2eds/bin/gnu/h-i686-mingw32/bin/../lib/gcc/nios2-elf/4.1.2/../../../../nios2-elf/lib/mno-hw-mul\libc.a(lib_a-memset.o)
 .bss           0x00008b08        0x0 c:/altera/12.0sp2/nios2eds/bin/gnu/h-i686-mingw32/bin/../lib/gcc/nios2-elf/4.1.2/../../../../nios2-elf/lib/mno-hw-mul\libc.a(lib_a-stdio.o)
 .bss           0x00008b08        0x0 c:/altera/12.0sp2/nios2eds/bin/gnu/h-i686-mingw32/bin/../lib/gcc/nios2-elf/4.1.2/../../../../nios2-elf/lib/mno-hw-mul\libc.a(lib_a-writer.o)
 .bss           0x00008b08        0x0 c:/altera/12.0sp2/nios2eds/bin/gnu/h-i686-mingw32/bin/../lib/gcc/nios2-elf/4.1.2/../../../../nios2-elf/lib/mno-hw-mul\libc.a(lib_a-closer.o)
 .bss           0x00008b08        0x0 c:/altera/12.0sp2/nios2eds/bin/gnu/h-i686-mingw32/bin/../lib/gcc/nios2-elf/4.1.2/../../../../nios2-elf/lib/mno-hw-mul\libc.a(lib_a-fclose.o)
 .bss           0x00008b08        0x0 c:/altera/12.0sp2/nios2eds/bin/gnu/h-i686-mingw32/bin/../lib/gcc/nios2-elf/4.1.2/../../../../nios2-elf/lib/mno-hw-mul\libc.a(lib_a-fstatr.o)
 .bss           0x00008b08        0x0 c:/altera/12.0sp2/nios2eds/bin/gnu/h-i686-mingw32/bin/../lib/gcc/nios2-elf/4.1.2/../../../../nios2-elf/lib/mno-hw-mul\libc.a(lib_a-isattyr.o)
 .bss           0x00008b08        0x0 c:/altera/12.0sp2/nios2eds/bin/gnu/h-i686-mingw32/bin/../lib/gcc/nios2-elf/4.1.2/../../../../nios2-elf/lib/mno-hw-mul\libc.a(lib_a-lseekr.o)
 .bss           0x00008b08        0x0 c:/altera/12.0sp2/nios2eds/bin/gnu/h-i686-mingw32/bin/../lib/gcc/nios2-elf/4.1.2/../../../../nios2-elf/lib/mno-hw-mul\libc.a(lib_a-readr.o)
 .bss           0x00008b08        0x0 c:/altera/12.0sp2/nios2eds/bin/gnu/h-i686-mingw32/bin/../lib/gcc/nios2-elf/4.1.2/mno-hw-mul\libgcc.a(lib2-mul.o)
 .bss           0x00008b08        0x0 C:/Users/Rees/Documents/GitHub/uOS/project2-thread-scheduler_bsp/\libhal_bsp.a(alt_close.o)
 .bss           0x00008b08        0x0 C:/Users/Rees/Documents/GitHub/uOS/project2-thread-scheduler_bsp/\libhal_bsp.a(alt_dev.o)
 .bss           0x00008b08        0x0 C:/Users/Rees/Documents/GitHub/uOS/project2-thread-scheduler_bsp/\libhal_bsp.a(alt_errno.o)
 .bss           0x00008b08        0x0 C:/Users/Rees/Documents/GitHub/uOS/project2-thread-scheduler_bsp/\libhal_bsp.a(alt_fstat.o)
 .bss           0x00008b08        0x0 C:/Users/Rees/Documents/GitHub/uOS/project2-thread-scheduler_bsp/\libhal_bsp.a(alt_isatty.o)
 .bss           0x00008b08        0x0 C:/Users/Rees/Documents/GitHub/uOS/project2-thread-scheduler_bsp/\libhal_bsp.a(alt_load.o)
 .bss           0x00008b08        0x0 C:/Users/Rees/Documents/GitHub/uOS/project2-thread-scheduler_bsp/\libhal_bsp.a(alt_lseek.o)
 .bss           0x00008b08        0x0 C:/Users/Rees/Documents/GitHub/uOS/project2-thread-scheduler_bsp/\libhal_bsp.a(alt_main.o)
 .bss           0x00008b08        0x0 C:/Users/Rees/Documents/GitHub/uOS/project2-thread-scheduler_bsp/\libhal_bsp.a(alt_malloc_lock.o)
 .bss           0x00008b08        0x0 C:/Users/Rees/Documents/GitHub/uOS/project2-thread-scheduler_bsp/\libhal_bsp.a(alt_read.o)
 .bss           0x00008b08        0x0 C:/Users/Rees/Documents/GitHub/uOS/project2-thread-scheduler_bsp/\libhal_bsp.a(alt_release_fd.o)
 .bss           0x00008b08        0x0 C:/Users/Rees/Documents/GitHub/uOS/project2-thread-scheduler_bsp/\libhal_bsp.a(alt_sbrk.o)
 .bss           0x00008b08        0x0 C:/Users/Rees/Documents/GitHub/uOS/project2-thread-scheduler_bsp/\libhal_bsp.a(alt_write.o)
 .bss           0x00008b08        0x0 C:/Users/Rees/Documents/GitHub/uOS/project2-thread-scheduler_bsp/\libhal_bsp.a(alt_sys_init.o)
 .bss           0x00008b08        0x0 C:/Users/Rees/Documents/GitHub/uOS/project2-thread-scheduler_bsp/\libhal_bsp.a(altera_avalon_jtag_uart_fd.o)
 .bss           0x00008b08        0x0 C:/Users/Rees/Documents/GitHub/uOS/project2-thread-scheduler_bsp/\libhal_bsp.a(altera_avalon_jtag_uart_init.o)
 .bss           0x00008b08        0x0 C:/Users/Rees/Documents/GitHub/uOS/project2-thread-scheduler_bsp/\libhal_bsp.a(altera_avalon_jtag_uart_ioctl.o)
 .bss           0x00008b08        0x0 C:/Users/Rees/Documents/GitHub/uOS/project2-thread-scheduler_bsp/\libhal_bsp.a(altera_avalon_jtag_uart_read.o)
 .bss           0x00008b08        0x0 C:/Users/Rees/Documents/GitHub/uOS/project2-thread-scheduler_bsp/\libhal_bsp.a(altera_avalon_jtag_uart_write.o)
 .bss           0x00008b08        0x0 C:/Users/Rees/Documents/GitHub/uOS/project2-thread-scheduler_bsp/\libhal_bsp.a(altera_avalon_timer_sc.o)
 .bss           0x00008b08        0x0 C:/Users/Rees/Documents/GitHub/uOS/project2-thread-scheduler_bsp/\libhal_bsp.a(alt_alarm_start.o)
 .bss           0x00008b08        0x0 C:/Users/Rees/Documents/GitHub/uOS/project2-thread-scheduler_bsp/\libhal_bsp.a(alt_dcache_flush_all.o)
 .bss           0x00008b08        0x0 C:/Users/Rees/Documents/GitHub/uOS/project2-thread-scheduler_bsp/\libhal_bsp.a(alt_dev_llist_insert.o)
 .bss           0x00008b08        0x0 C:/Users/Rees/Documents/GitHub/uOS/project2-thread-scheduler_bsp/\libhal_bsp.a(alt_do_ctors.o)
 .bss           0x00008b08        0x0 C:/Users/Rees/Documents/GitHub/uOS/project2-thread-scheduler_bsp/\libhal_bsp.a(alt_do_dtors.o)
 .bss           0x00008b08        0x0 C:/Users/Rees/Documents/GitHub/uOS/project2-thread-scheduler_bsp/\libhal_bsp.a(alt_icache_flush_all.o)
 .bss           0x00008b08        0x0 C:/Users/Rees/Documents/GitHub/uOS/project2-thread-scheduler_bsp/\libhal_bsp.a(alt_iic.o)
 .bss           0x00008b08        0x0 C:/Users/Rees/Documents/GitHub/uOS/project2-thread-scheduler_bsp/\libhal_bsp.a(alt_iic_isr_register.o)
 .bss           0x00008b08        0x0 C:/Users/Rees/Documents/GitHub/uOS/project2-thread-scheduler_bsp/\libhal_bsp.a(alt_io_redirect.o)
 .bss           0x00008b08        0x0 C:/Users/Rees/Documents/GitHub/uOS/project2-thread-scheduler_bsp/\libhal_bsp.a(alt_irq_entry.o)
 .bss           0x00008b08        0x0 C:/Users/Rees/Documents/GitHub/uOS/project2-thread-scheduler_bsp/\libhal_bsp.a(alt_irq_handler.o)
 .bss           0x00008b08        0x0 C:/Users/Rees/Documents/GitHub/uOS/project2-thread-scheduler_bsp/\libhal_bsp.a(alt_irq_vars.o)
 .bss           0x00008b08        0x0 C:/Users/Rees/Documents/GitHub/uOS/project2-thread-scheduler_bsp/\libhal_bsp.a(alt_open.o)
 .bss           0x00008b08        0x0 C:/Users/Rees/Documents/GitHub/uOS/project2-thread-scheduler_bsp/\libhal_bsp.a(alt_tick.o)
 .bss           0x00008b08        0x0 C:/Users/Rees/Documents/GitHub/uOS/project2-thread-scheduler_bsp/\libhal_bsp.a(altera_nios2_irq.o)
 .bss           0x00008b08        0x0 C:/Users/Rees/Documents/GitHub/uOS/project2-thread-scheduler_bsp/\libhal_bsp.a(alt_exception_entry.o)
 .bss           0x00008b08        0x0 C:/Users/Rees/Documents/GitHub/uOS/project2-thread-scheduler_bsp/\libhal_bsp.a(alt_find_dev.o)
 .bss           0x00008b08        0x0 C:/Users/Rees/Documents/GitHub/uOS/project2-thread-scheduler_bsp/\libhal_bsp.a(alt_find_file.o)
 .bss           0x00008b08        0x0 C:/Users/Rees/Documents/GitHub/uOS/project2-thread-scheduler_bsp/\libhal_bsp.a(alt_get_fd.o)
 .bss           0x00008b08        0x0 c:/altera/12.0sp2/nios2eds/bin/gnu/h-i686-mingw32/bin/../lib/gcc/nios2-elf/4.1.2/../../../../nios2-elf/lib/mno-hw-mul\libc.a(lib_a-atexit.o)
 .bss           0x00008b08        0x0 c:/altera/12.0sp2/nios2eds/bin/gnu/h-i686-mingw32/bin/../lib/gcc/nios2-elf/4.1.2/../../../../nios2-elf/lib/mno-hw-mul\libc.a(lib_a-exit.o)
 .bss           0x00008b08        0x0 c:/altera/12.0sp2/nios2eds/bin/gnu/h-i686-mingw32/bin/../lib/gcc/nios2-elf/4.1.2/../../../../nios2-elf/lib/mno-hw-mul\libc.a(lib_a-memcmp.o)
 .bss           0x00008b08        0x0 c:/altera/12.0sp2/nios2eds/bin/gnu/h-i686-mingw32/bin/../lib/gcc/nios2-elf/4.1.2/../../../../nios2-elf/lib/mno-hw-mul\libc.a(lib_a-__atexit.o)
 .bss           0x00008b08        0x0 c:/altera/12.0sp2/nios2eds/bin/gnu/h-i686-mingw32/bin/../lib/gcc/nios2-elf/4.1.2/../../../../nios2-elf/lib/mno-hw-mul\libc.a(lib_a-__call_atexit.o)
 .bss           0x00008b08        0x0 C:/Users/Rees/Documents/GitHub/uOS/project2-thread-scheduler_bsp/\libhal_bsp.a(alt_exit.o)
 *(COMMON)
 COMMON         0x00008b08      0x100 C:/Users/Rees/Documents/GitHub/uOS/project2-thread-scheduler_bsp/\libhal_bsp.a(alt_irq_handler.o)
                0x00008b08                alt_irq
 COMMON         0x00008c08      0x190 c:/altera/12.0sp2/nios2eds/bin/gnu/h-i686-mingw32/bin/../lib/gcc/nios2-elf/4.1.2/../../../../nios2-elf/lib/mno-hw-mul\libc.a(lib_a-atexit.o)
                0x00008c08                _atexit0
                0x00008d98                . = ALIGN (0x4)
                0x00008d98                __bss_end = ABSOLUTE (.)

.SDRAM          0x00008d98        0x0
                0x00008d98                PROVIDE (_alt_partition_SDRAM_start, ABSOLUTE (.))
 *(.SDRAM. SDRAM.*)
                0x00008d98                . = ALIGN (0x4)
                0x00008d98                PROVIDE (_alt_partition_SDRAM_end, ABSOLUTE (.))
                0x00008d98                _end = ABSOLUTE (.)
                0x00008d98                end = ABSOLUTE (.)
                0x00008d98                __alt_stack_base = ABSOLUTE (.)
                0x00008d98                PROVIDE (_alt_partition_SDRAM_load_addr, LOADADDR (.SDRAM))

.SRAM           0x08000000        0x0 load address 0x00008d98
                0x08000000                PROVIDE (_alt_partition_SRAM_start, ABSOLUTE (.))
 *(.SRAM. SRAM.*)
                0x08000000                . = ALIGN (0x4)
                0x08000000                PROVIDE (_alt_partition_SRAM_end, ABSOLUTE (.))
                0x00008d98                PROVIDE (_alt_partition_SRAM_load_addr, LOADADDR (.SRAM))

.Onchip_memory  0x09000000        0x0 load address 0x00008d98
                0x09000000                PROVIDE (_alt_partition_Onchip_memory_start, ABSOLUTE (.))
 *(.Onchip_memory. Onchip_memory.*)
                0x09000000                . = ALIGN (0x4)
                0x09000000                PROVIDE (_alt_partition_Onchip_memory_end, ABSOLUTE (.))
                0x00008d98                PROVIDE (_alt_partition_Onchip_memory_load_addr, LOADADDR (.Onchip_memory))

.stab
 *(.stab)

.stabstr
 *(.stabstr)

.stab.excl
 *(.stab.excl)

.stab.exclstr
 *(.stab.exclstr)

.stab.index
 *(.stab.index)

.stab.indexstr
 *(.stab.indexstr)

.comment        0x00000000       0x26
 *(.comment)
 .comment       0x00000000       0x26 obj/default/hello_world.o
                                 0x27 (size before relaxing)
 .comment       0x00000000       0x27 c:/altera/12.0sp2/nios2eds/bin/gnu/h-i686-mingw32/bin/../lib/gcc/nios2-elf/4.1.2/../../../../nios2-elf/lib/mno-hw-mul\libc.a(lib_a-puts.o)
 .comment       0x00000000       0x27 c:/altera/12.0sp2/nios2eds/bin/gnu/h-i686-mingw32/bin/../lib/gcc/nios2-elf/4.1.2/../../../../nios2-elf/lib/mno-hw-mul\libc.a(lib_a-strlen.o)
 .comment       0x00000000       0x27 c:/altera/12.0sp2/nios2eds/bin/gnu/h-i686-mingw32/bin/../lib/gcc/nios2-elf/4.1.2/../../../../nios2-elf/lib/mno-hw-mul\libc.a(lib_a-fvwrite.o)
 .comment       0x00000000       0x27 c:/altera/12.0sp2/nios2eds/bin/gnu/h-i686-mingw32/bin/../lib/gcc/nios2-elf/4.1.2/../../../../nios2-elf/lib/mno-hw-mul\libc.a(lib_a-impure.o)
 .comment       0x00000000       0x27 c:/altera/12.0sp2/nios2eds/bin/gnu/h-i686-mingw32/bin/../lib/gcc/nios2-elf/4.1.2/../../../../nios2-elf/lib/mno-hw-mul\libc.a(lib_a-mallocr.o)
 .comment       0x00000000       0x27 c:/altera/12.0sp2/nios2eds/bin/gnu/h-i686-mingw32/bin/../lib/gcc/nios2-elf/4.1.2/../../../../nios2-elf/lib/mno-hw-mul\libc.a(lib_a-memchr.o)
 .comment       0x00000000       0x27 c:/altera/12.0sp2/nios2eds/bin/gnu/h-i686-mingw32/bin/../lib/gcc/nios2-elf/4.1.2/../../../../nios2-elf/lib/mno-hw-mul\libc.a(lib_a-memcpy.o)
 .comment       0x00000000       0x27 c:/altera/12.0sp2/nios2eds/bin/gnu/h-i686-mingw32/bin/../lib/gcc/nios2-elf/4.1.2/../../../../nios2-elf/lib/mno-hw-mul\libc.a(lib_a-memmove.o)
 .comment       0x00000000       0x27 c:/altera/12.0sp2/nios2eds/bin/gnu/h-i686-mingw32/bin/../lib/gcc/nios2-elf/4.1.2/../../../../nios2-elf/lib/mno-hw-mul\libc.a(lib_a-reallocr.o)
 .comment       0x00000000       0x27 c:/altera/12.0sp2/nios2eds/bin/gnu/h-i686-mingw32/bin/../lib/gcc/nios2-elf/4.1.2/../../../../nios2-elf/lib/mno-hw-mul\libc.a(lib_a-sbrkr.o)
 .comment       0x00000000       0x27 c:/altera/12.0sp2/nios2eds/bin/gnu/h-i686-mingw32/bin/../lib/gcc/nios2-elf/4.1.2/../../../../nios2-elf/lib/mno-hw-mul\libc.a(lib_a-wsetup.o)
 .comment       0x00000000       0x27 c:/altera/12.0sp2/nios2eds/bin/gnu/h-i686-mingw32/bin/../lib/gcc/nios2-elf/4.1.2/../../../../nios2-elf/lib/mno-hw-mul\libc.a(lib_a-fflush.o)
 .comment       0x00000000       0x27 c:/altera/12.0sp2/nios2eds/bin/gnu/h-i686-mingw32/bin/../lib/gcc/nios2-elf/4.1.2/../../../../nios2-elf/lib/mno-hw-mul\libc.a(lib_a-findfp.o)
 .comment       0x00000000       0x27 c:/altera/12.0sp2/nios2eds/bin/gnu/h-i686-mingw32/bin/../lib/gcc/nios2-elf/4.1.2/../../../../nios2-elf/lib/mno-hw-mul\libc.a(lib_a-freer.o)
 .comment       0x00000000       0x27 c:/altera/12.0sp2/nios2eds/bin/gnu/h-i686-mingw32/bin/../lib/gcc/nios2-elf/4.1.2/../../../../nios2-elf/lib/mno-hw-mul\libc.a(lib_a-fwalk.o)
 .comment       0x00000000       0x27 c:/altera/12.0sp2/nios2eds/bin/gnu/h-i686-mingw32/bin/../lib/gcc/nios2-elf/4.1.2/../../../../nios2-elf/lib/mno-hw-mul\libc.a(lib_a-int_errno.o)
 .comment       0x00000000       0x27 c:/altera/12.0sp2/nios2eds/bin/gnu/h-i686-mingw32/bin/../lib/gcc/nios2-elf/4.1.2/../../../../nios2-elf/lib/mno-hw-mul\libc.a(lib_a-makebuf.o)
 .comment       0x00000000       0x27 c:/altera/12.0sp2/nios2eds/bin/gnu/h-i686-mingw32/bin/../lib/gcc/nios2-elf/4.1.2/../../../../nios2-elf/lib/mno-hw-mul\libc.a(lib_a-memset.o)
 .comment       0x00000000       0x27 c:/altera/12.0sp2/nios2eds/bin/gnu/h-i686-mingw32/bin/../lib/gcc/nios2-elf/4.1.2/../../../../nios2-elf/lib/mno-hw-mul\libc.a(lib_a-stdio.o)
 .comment       0x00000000       0x27 c:/altera/12.0sp2/nios2eds/bin/gnu/h-i686-mingw32/bin/../lib/gcc/nios2-elf/4.1.2/../../../../nios2-elf/lib/mno-hw-mul\libc.a(lib_a-writer.o)
 .comment       0x00000000       0x27 c:/altera/12.0sp2/nios2eds/bin/gnu/h-i686-mingw32/bin/../lib/gcc/nios2-elf/4.1.2/../../../../nios2-elf/lib/mno-hw-mul\libc.a(lib_a-closer.o)
 .comment       0x00000000       0x27 c:/altera/12.0sp2/nios2eds/bin/gnu/h-i686-mingw32/bin/../lib/gcc/nios2-elf/4.1.2/../../../../nios2-elf/lib/mno-hw-mul\libc.a(lib_a-fclose.o)
 .comment       0x00000000       0x27 c:/altera/12.0sp2/nios2eds/bin/gnu/h-i686-mingw32/bin/../lib/gcc/nios2-elf/4.1.2/../../../../nios2-elf/lib/mno-hw-mul\libc.a(lib_a-fstatr.o)
 .comment       0x00000000       0x27 c:/altera/12.0sp2/nios2eds/bin/gnu/h-i686-mingw32/bin/../lib/gcc/nios2-elf/4.1.2/../../../../nios2-elf/lib/mno-hw-mul\libc.a(lib_a-isattyr.o)
 .comment       0x00000000       0x27 c:/altera/12.0sp2/nios2eds/bin/gnu/h-i686-mingw32/bin/../lib/gcc/nios2-elf/4.1.2/../../../../nios2-elf/lib/mno-hw-mul\libc.a(lib_a-lseekr.o)
 .comment       0x00000000       0x27 c:/altera/12.0sp2/nios2eds/bin/gnu/h-i686-mingw32/bin/../lib/gcc/nios2-elf/4.1.2/../../../../nios2-elf/lib/mno-hw-mul\libc.a(lib_a-readr.o)
 .comment       0x00000000       0x27 c:/altera/12.0sp2/nios2eds/bin/gnu/h-i686-mingw32/bin/../lib/gcc/nios2-elf/4.1.2/mno-hw-mul\libgcc.a(lib2-mul.o)
 .comment       0x00000000       0x27 C:/Users/Rees/Documents/GitHub/uOS/project2-thread-scheduler_bsp/\libhal_bsp.a(alt_close.o)
 .comment       0x00000000       0x27 C:/Users/Rees/Documents/GitHub/uOS/project2-thread-scheduler_bsp/\libhal_bsp.a(alt_dev.o)
 .comment       0x00000000       0x27 C:/Users/Rees/Documents/GitHub/uOS/project2-thread-scheduler_bsp/\libhal_bsp.a(alt_errno.o)
 .comment       0x00000000       0x27 C:/Users/Rees/Documents/GitHub/uOS/project2-thread-scheduler_bsp/\libhal_bsp.a(alt_fstat.o)
 .comment       0x00000000       0x27 C:/Users/Rees/Documents/GitHub/uOS/project2-thread-scheduler_bsp/\libhal_bsp.a(alt_isatty.o)
 .comment       0x00000000       0x27 C:/Users/Rees/Documents/GitHub/uOS/project2-thread-scheduler_bsp/\libhal_bsp.a(alt_load.o)
 .comment       0x00000000       0x27 C:/Users/Rees/Documents/GitHub/uOS/project2-thread-scheduler_bsp/\libhal_bsp.a(alt_lseek.o)
 .comment       0x00000000       0x27 C:/Users/Rees/Documents/GitHub/uOS/project2-thread-scheduler_bsp/\libhal_bsp.a(alt_main.o)
 .comment       0x00000000       0x27 C:/Users/Rees/Documents/GitHub/uOS/project2-thread-scheduler_bsp/\libhal_bsp.a(alt_malloc_lock.o)
 .comment       0x00000000       0x27 C:/Users/Rees/Documents/GitHub/uOS/project2-thread-scheduler_bsp/\libhal_bsp.a(alt_read.o)
 .comment       0x00000000       0x27 C:/Users/Rees/Documents/GitHub/uOS/project2-thread-scheduler_bsp/\libhal_bsp.a(alt_release_fd.o)
 .comment       0x00000000       0x27 C:/Users/Rees/Documents/GitHub/uOS/project2-thread-scheduler_bsp/\libhal_bsp.a(alt_sbrk.o)
 .comment       0x00000000       0x27 C:/Users/Rees/Documents/GitHub/uOS/project2-thread-scheduler_bsp/\libhal_bsp.a(alt_write.o)
 .comment       0x00000000       0x27 C:/Users/Rees/Documents/GitHub/uOS/project2-thread-scheduler_bsp/\libhal_bsp.a(alt_sys_init.o)
 .comment       0x00000000       0x27 C:/Users/Rees/Documents/GitHub/uOS/project2-thread-scheduler_bsp/\libhal_bsp.a(altera_avalon_jtag_uart_fd.o)
 .comment       0x00000000       0x27 C:/Users/Rees/Documents/GitHub/uOS/project2-thread-scheduler_bsp/\libhal_bsp.a(altera_avalon_jtag_uart_init.o)
 .comment       0x00000000       0x27 C:/Users/Rees/Documents/GitHub/uOS/project2-thread-scheduler_bsp/\libhal_bsp.a(altera_avalon_jtag_uart_ioctl.o)
 .comment       0x00000000       0x27 C:/Users/Rees/Documents/GitHub/uOS/project2-thread-scheduler_bsp/\libhal_bsp.a(altera_avalon_jtag_uart_read.o)
 .comment       0x00000000       0x27 C:/Users/Rees/Documents/GitHub/uOS/project2-thread-scheduler_bsp/\libhal_bsp.a(altera_avalon_jtag_uart_write.o)
 .comment       0x00000000       0x27 C:/Users/Rees/Documents/GitHub/uOS/project2-thread-scheduler_bsp/\libhal_bsp.a(altera_avalon_timer_sc.o)
 .comment       0x00000000       0x27 C:/Users/Rees/Documents/GitHub/uOS/project2-thread-scheduler_bsp/\libhal_bsp.a(alt_alarm_start.o)
 .comment       0x00000000       0x27 C:/Users/Rees/Documents/GitHub/uOS/project2-thread-scheduler_bsp/\libhal_bsp.a(alt_dcache_flush_all.o)
 .comment       0x00000000       0x27 C:/Users/Rees/Documents/GitHub/uOS/project2-thread-scheduler_bsp/\libhal_bsp.a(alt_dev_llist_insert.o)
 .comment       0x00000000       0x27 C:/Users/Rees/Documents/GitHub/uOS/project2-thread-scheduler_bsp/\libhal_bsp.a(alt_do_ctors.o)
 .comment       0x00000000       0x27 C:/Users/Rees/Documents/GitHub/uOS/project2-thread-scheduler_bsp/\libhal_bsp.a(alt_do_dtors.o)
 .comment       0x00000000       0x27 C:/Users/Rees/Documents/GitHub/uOS/project2-thread-scheduler_bsp/\libhal_bsp.a(alt_icache_flush_all.o)
 .comment       0x00000000       0x27 C:/Users/Rees/Documents/GitHub/uOS/project2-thread-scheduler_bsp/\libhal_bsp.a(alt_iic.o)
 .comment       0x00000000       0x27 C:/Users/Rees/Documents/GitHub/uOS/project2-thread-scheduler_bsp/\libhal_bsp.a(alt_iic_isr_register.o)
 .comment       0x00000000       0x27 C:/Users/Rees/Documents/GitHub/uOS/project2-thread-scheduler_bsp/\libhal_bsp.a(alt_io_redirect.o)
 .comment       0x00000000       0x27 C:/Users/Rees/Documents/GitHub/uOS/project2-thread-scheduler_bsp/\libhal_bsp.a(alt_irq_handler.o)
 .comment       0x00000000       0x27 C:/Users/Rees/Documents/GitHub/uOS/project2-thread-scheduler_bsp/\libhal_bsp.a(alt_irq_vars.o)
 .comment       0x00000000       0x27 C:/Users/Rees/Documents/GitHub/uOS/project2-thread-scheduler_bsp/\libhal_bsp.a(alt_open.o)
 .comment       0x00000000       0x27 C:/Users/Rees/Documents/GitHub/uOS/project2-thread-scheduler_bsp/\libhal_bsp.a(alt_tick.o)
 .comment       0x00000000       0x27 C:/Users/Rees/Documents/GitHub/uOS/project2-thread-scheduler_bsp/\libhal_bsp.a(altera_nios2_irq.o)
 .comment       0x00000000       0x27 C:/Users/Rees/Documents/GitHub/uOS/project2-thread-scheduler_bsp/\libhal_bsp.a(alt_find_dev.o)
 .comment       0x00000000       0x27 C:/Users/Rees/Documents/GitHub/uOS/project2-thread-scheduler_bsp/\libhal_bsp.a(alt_find_file.o)
 .comment       0x00000000       0x27 C:/Users/Rees/Documents/GitHub/uOS/project2-thread-scheduler_bsp/\libhal_bsp.a(alt_get_fd.o)
 .comment       0x00000000       0x27 c:/altera/12.0sp2/nios2eds/bin/gnu/h-i686-mingw32/bin/../lib/gcc/nios2-elf/4.1.2/../../../../nios2-elf/lib/mno-hw-mul\libc.a(lib_a-atexit.o)
 .comment       0x00000000       0x27 c:/altera/12.0sp2/nios2eds/bin/gnu/h-i686-mingw32/bin/../lib/gcc/nios2-elf/4.1.2/../../../../nios2-elf/lib/mno-hw-mul\libc.a(lib_a-exit.o)
 .comment       0x00000000       0x27 c:/altera/12.0sp2/nios2eds/bin/gnu/h-i686-mingw32/bin/../lib/gcc/nios2-elf/4.1.2/../../../../nios2-elf/lib/mno-hw-mul\libc.a(lib_a-memcmp.o)
 .comment       0x00000000       0x27 c:/altera/12.0sp2/nios2eds/bin/gnu/h-i686-mingw32/bin/../lib/gcc/nios2-elf/4.1.2/../../../../nios2-elf/lib/mno-hw-mul\libc.a(lib_a-__atexit.o)
 .comment       0x00000000       0x27 c:/altera/12.0sp2/nios2eds/bin/gnu/h-i686-mingw32/bin/../lib/gcc/nios2-elf/4.1.2/../../../../nios2-elf/lib/mno-hw-mul\libc.a(lib_a-__call_atexit.o)
 .comment       0x00000000       0x27 C:/Users/Rees/Documents/GitHub/uOS/project2-thread-scheduler_bsp/\libhal_bsp.a(alt_exit.o)

.debug
 *(.debug)

.line
 *(.line)

.debug_srcinfo
 *(.debug_srcinfo)

.debug_sfnames
 *(.debug_sfnames)

.debug_aranges  0x00000000      0x8f8
 *(.debug_aranges)
 .debug_aranges
                0x00000000       0x28 C:/Users/Rees/Documents/GitHub/uOS/project2-thread-scheduler_bsp//obj/HAL/src/crt0.o
 .debug_aranges
                0x00000028       0x20 obj/default/hello_world.o
 .debug_aranges
                0x00000048       0x20 c:/altera/12.0sp2/nios2eds/bin/gnu/h-i686-mingw32/bin/../lib/gcc/nios2-elf/4.1.2/../../../../nios2-elf/lib/mno-hw-mul\libc.a(lib_a-puts.o)
 .debug_aranges
                0x00000068       0x20 c:/altera/12.0sp2/nios2eds/bin/gnu/h-i686-mingw32/bin/../lib/gcc/nios2-elf/4.1.2/../../../../nios2-elf/lib/mno-hw-mul\libc.a(lib_a-strlen.o)
 .debug_aranges
                0x00000088       0x20 c:/altera/12.0sp2/nios2eds/bin/gnu/h-i686-mingw32/bin/../lib/gcc/nios2-elf/4.1.2/../../../../nios2-elf/lib/mno-hw-mul\libc.a(lib_a-fvwrite.o)
 .debug_aranges
                0x000000a8       0x20 c:/altera/12.0sp2/nios2eds/bin/gnu/h-i686-mingw32/bin/../lib/gcc/nios2-elf/4.1.2/../../../../nios2-elf/lib/mno-hw-mul\libc.a(lib_a-mallocr.o)
 .debug_aranges
                0x000000c8       0x20 c:/altera/12.0sp2/nios2eds/bin/gnu/h-i686-mingw32/bin/../lib/gcc/nios2-elf/4.1.2/../../../../nios2-elf/lib/mno-hw-mul\libc.a(lib_a-memchr.o)
 .debug_aranges
                0x000000e8       0x20 c:/altera/12.0sp2/nios2eds/bin/gnu/h-i686-mingw32/bin/../lib/gcc/nios2-elf/4.1.2/../../../../nios2-elf/lib/mno-hw-mul\libc.a(lib_a-memcpy.o)
 .debug_aranges
                0x00000108       0x20 c:/altera/12.0sp2/nios2eds/bin/gnu/h-i686-mingw32/bin/../lib/gcc/nios2-elf/4.1.2/../../../../nios2-elf/lib/mno-hw-mul\libc.a(lib_a-memmove.o)
 .debug_aranges
                0x00000128       0x20 c:/altera/12.0sp2/nios2eds/bin/gnu/h-i686-mingw32/bin/../lib/gcc/nios2-elf/4.1.2/../../../../nios2-elf/lib/mno-hw-mul\libc.a(lib_a-reallocr.o)
 .debug_aranges
                0x00000148       0x20 c:/altera/12.0sp2/nios2eds/bin/gnu/h-i686-mingw32/bin/../lib/gcc/nios2-elf/4.1.2/../../../../nios2-elf/lib/mno-hw-mul\libc.a(lib_a-sbrkr.o)
 .debug_aranges
                0x00000168       0x20 c:/altera/12.0sp2/nios2eds/bin/gnu/h-i686-mingw32/bin/../lib/gcc/nios2-elf/4.1.2/../../../../nios2-elf/lib/mno-hw-mul\libc.a(lib_a-wsetup.o)
 .debug_aranges
                0x00000188       0x20 c:/altera/12.0sp2/nios2eds/bin/gnu/h-i686-mingw32/bin/../lib/gcc/nios2-elf/4.1.2/../../../../nios2-elf/lib/mno-hw-mul\libc.a(lib_a-fflush.o)
 .debug_aranges
                0x000001a8       0x20 c:/altera/12.0sp2/nios2eds/bin/gnu/h-i686-mingw32/bin/../lib/gcc/nios2-elf/4.1.2/../../../../nios2-elf/lib/mno-hw-mul\libc.a(lib_a-findfp.o)
 .debug_aranges
                0x000001c8       0x20 c:/altera/12.0sp2/nios2eds/bin/gnu/h-i686-mingw32/bin/../lib/gcc/nios2-elf/4.1.2/../../../../nios2-elf/lib/mno-hw-mul\libc.a(lib_a-freer.o)
 .debug_aranges
                0x000001e8       0x20 c:/altera/12.0sp2/nios2eds/bin/gnu/h-i686-mingw32/bin/../lib/gcc/nios2-elf/4.1.2/../../../../nios2-elf/lib/mno-hw-mul\libc.a(lib_a-fwalk.o)
 .debug_aranges
                0x00000208       0x20 c:/altera/12.0sp2/nios2eds/bin/gnu/h-i686-mingw32/bin/../lib/gcc/nios2-elf/4.1.2/../../../../nios2-elf/lib/mno-hw-mul\libc.a(lib_a-makebuf.o)
 .debug_aranges
                0x00000228       0x20 c:/altera/12.0sp2/nios2eds/bin/gnu/h-i686-mingw32/bin/../lib/gcc/nios2-elf/4.1.2/../../../../nios2-elf/lib/mno-hw-mul\libc.a(lib_a-memset.o)
 .debug_aranges
                0x00000248       0x20 c:/altera/12.0sp2/nios2eds/bin/gnu/h-i686-mingw32/bin/../lib/gcc/nios2-elf/4.1.2/../../../../nios2-elf/lib/mno-hw-mul\libc.a(lib_a-stdio.o)
 .debug_aranges
                0x00000268       0x20 c:/altera/12.0sp2/nios2eds/bin/gnu/h-i686-mingw32/bin/../lib/gcc/nios2-elf/4.1.2/../../../../nios2-elf/lib/mno-hw-mul\libc.a(lib_a-writer.o)
 .debug_aranges
                0x00000288       0x20 c:/altera/12.0sp2/nios2eds/bin/gnu/h-i686-mingw32/bin/../lib/gcc/nios2-elf/4.1.2/../../../../nios2-elf/lib/mno-hw-mul\libc.a(lib_a-closer.o)
 .debug_aranges
                0x000002a8       0x20 c:/altera/12.0sp2/nios2eds/bin/gnu/h-i686-mingw32/bin/../lib/gcc/nios2-elf/4.1.2/../../../../nios2-elf/lib/mno-hw-mul\libc.a(lib_a-fclose.o)
 .debug_aranges
                0x000002c8       0x20 c:/altera/12.0sp2/nios2eds/bin/gnu/h-i686-mingw32/bin/../lib/gcc/nios2-elf/4.1.2/../../../../nios2-elf/lib/mno-hw-mul\libc.a(lib_a-fstatr.o)
 .debug_aranges
                0x000002e8       0x20 c:/altera/12.0sp2/nios2eds/bin/gnu/h-i686-mingw32/bin/../lib/gcc/nios2-elf/4.1.2/../../../../nios2-elf/lib/mno-hw-mul\libc.a(lib_a-isattyr.o)
 .debug_aranges
                0x00000308       0x20 c:/altera/12.0sp2/nios2eds/bin/gnu/h-i686-mingw32/bin/../lib/gcc/nios2-elf/4.1.2/../../../../nios2-elf/lib/mno-hw-mul\libc.a(lib_a-lseekr.o)
 .debug_aranges
                0x00000328       0x20 c:/altera/12.0sp2/nios2eds/bin/gnu/h-i686-mingw32/bin/../lib/gcc/nios2-elf/4.1.2/../../../../nios2-elf/lib/mno-hw-mul\libc.a(lib_a-readr.o)
 .debug_aranges
                0x00000348       0x20 c:/altera/12.0sp2/nios2eds/bin/gnu/h-i686-mingw32/bin/../lib/gcc/nios2-elf/4.1.2/mno-hw-mul\libgcc.a(lib2-mul.o)
 .debug_aranges
                0x00000368       0x20 C:/Users/Rees/Documents/GitHub/uOS/project2-thread-scheduler_bsp/\libhal_bsp.a(alt_close.o)
 .debug_aranges
                0x00000388       0x20 C:/Users/Rees/Documents/GitHub/uOS/project2-thread-scheduler_bsp/\libhal_bsp.a(alt_dev.o)
 .debug_aranges
                0x000003a8       0x20 C:/Users/Rees/Documents/GitHub/uOS/project2-thread-scheduler_bsp/\libhal_bsp.a(alt_fstat.o)
 .debug_aranges
                0x000003c8       0x20 C:/Users/Rees/Documents/GitHub/uOS/project2-thread-scheduler_bsp/\libhal_bsp.a(alt_isatty.o)
 .debug_aranges
                0x000003e8       0x20 C:/Users/Rees/Documents/GitHub/uOS/project2-thread-scheduler_bsp/\libhal_bsp.a(alt_load.o)
 .debug_aranges
                0x00000408       0x20 C:/Users/Rees/Documents/GitHub/uOS/project2-thread-scheduler_bsp/\libhal_bsp.a(alt_lseek.o)
 .debug_aranges
                0x00000428       0x20 C:/Users/Rees/Documents/GitHub/uOS/project2-thread-scheduler_bsp/\libhal_bsp.a(alt_main.o)
 .debug_aranges
                0x00000448       0x20 C:/Users/Rees/Documents/GitHub/uOS/project2-thread-scheduler_bsp/\libhal_bsp.a(alt_malloc_lock.o)
 .debug_aranges
                0x00000468       0x20 C:/Users/Rees/Documents/GitHub/uOS/project2-thread-scheduler_bsp/\libhal_bsp.a(alt_read.o)
 .debug_aranges
                0x00000488       0x20 C:/Users/Rees/Documents/GitHub/uOS/project2-thread-scheduler_bsp/\libhal_bsp.a(alt_release_fd.o)
 .debug_aranges
                0x000004a8       0x20 C:/Users/Rees/Documents/GitHub/uOS/project2-thread-scheduler_bsp/\libhal_bsp.a(alt_sbrk.o)
 .debug_aranges
                0x000004c8       0x20 C:/Users/Rees/Documents/GitHub/uOS/project2-thread-scheduler_bsp/\libhal_bsp.a(alt_write.o)
 .debug_aranges
                0x000004e8       0x20 C:/Users/Rees/Documents/GitHub/uOS/project2-thread-scheduler_bsp/\libhal_bsp.a(alt_sys_init.o)
 .debug_aranges
                0x00000508       0x20 C:/Users/Rees/Documents/GitHub/uOS/project2-thread-scheduler_bsp/\libhal_bsp.a(altera_avalon_jtag_uart_fd.o)
 .debug_aranges
                0x00000528       0x20 C:/Users/Rees/Documents/GitHub/uOS/project2-thread-scheduler_bsp/\libhal_bsp.a(altera_avalon_jtag_uart_init.o)
 .debug_aranges
                0x00000548       0x20 C:/Users/Rees/Documents/GitHub/uOS/project2-thread-scheduler_bsp/\libhal_bsp.a(altera_avalon_jtag_uart_ioctl.o)
 .debug_aranges
                0x00000568       0x20 C:/Users/Rees/Documents/GitHub/uOS/project2-thread-scheduler_bsp/\libhal_bsp.a(altera_avalon_jtag_uart_read.o)
 .debug_aranges
                0x00000588       0x20 C:/Users/Rees/Documents/GitHub/uOS/project2-thread-scheduler_bsp/\libhal_bsp.a(altera_avalon_jtag_uart_write.o)
 .debug_aranges
                0x000005a8       0x20 C:/Users/Rees/Documents/GitHub/uOS/project2-thread-scheduler_bsp/\libhal_bsp.a(altera_avalon_timer_sc.o)
 .debug_aranges
                0x000005c8       0x20 C:/Users/Rees/Documents/GitHub/uOS/project2-thread-scheduler_bsp/\libhal_bsp.a(alt_alarm_start.o)
 .debug_aranges
                0x000005e8       0x20 C:/Users/Rees/Documents/GitHub/uOS/project2-thread-scheduler_bsp/\libhal_bsp.a(alt_dcache_flush_all.o)
 .debug_aranges
                0x00000608       0x20 C:/Users/Rees/Documents/GitHub/uOS/project2-thread-scheduler_bsp/\libhal_bsp.a(alt_dev_llist_insert.o)
 .debug_aranges
                0x00000628       0x20 C:/Users/Rees/Documents/GitHub/uOS/project2-thread-scheduler_bsp/\libhal_bsp.a(alt_do_ctors.o)
 .debug_aranges
                0x00000648       0x20 C:/Users/Rees/Documents/GitHub/uOS/project2-thread-scheduler_bsp/\libhal_bsp.a(alt_do_dtors.o)
 .debug_aranges
                0x00000668       0x20 C:/Users/Rees/Documents/GitHub/uOS/project2-thread-scheduler_bsp/\libhal_bsp.a(alt_icache_flush_all.o)
 .debug_aranges
                0x00000688       0x20 C:/Users/Rees/Documents/GitHub/uOS/project2-thread-scheduler_bsp/\libhal_bsp.a(alt_iic.o)
 .debug_aranges
                0x000006a8       0x20 C:/Users/Rees/Documents/GitHub/uOS/project2-thread-scheduler_bsp/\libhal_bsp.a(alt_iic_isr_register.o)
 .debug_aranges
                0x000006c8       0x20 C:/Users/Rees/Documents/GitHub/uOS/project2-thread-scheduler_bsp/\libhal_bsp.a(alt_io_redirect.o)
 .debug_aranges
                0x000006e8       0x30 C:/Users/Rees/Documents/GitHub/uOS/project2-thread-scheduler_bsp/\libhal_bsp.a(alt_irq_entry.o)
 .debug_aranges
                0x00000718       0x28 C:/Users/Rees/Documents/GitHub/uOS/project2-thread-scheduler_bsp/\libhal_bsp.a(alt_irq_handler.o)
 .debug_aranges
                0x00000740       0x20 C:/Users/Rees/Documents/GitHub/uOS/project2-thread-scheduler_bsp/\libhal_bsp.a(alt_open.o)
 .debug_aranges
                0x00000760       0x20 C:/Users/Rees/Documents/GitHub/uOS/project2-thread-scheduler_bsp/\libhal_bsp.a(alt_tick.o)
 .debug_aranges
                0x00000780       0x20 C:/Users/Rees/Documents/GitHub/uOS/project2-thread-scheduler_bsp/\libhal_bsp.a(altera_nios2_irq.o)
 .debug_aranges
                0x000007a0       0x38 C:/Users/Rees/Documents/GitHub/uOS/project2-thread-scheduler_bsp/\libhal_bsp.a(alt_exception_entry.o)
 .debug_aranges
                0x000007d8       0x20 C:/Users/Rees/Documents/GitHub/uOS/project2-thread-scheduler_bsp/\libhal_bsp.a(alt_find_dev.o)
 .debug_aranges
                0x000007f8       0x20 C:/Users/Rees/Documents/GitHub/uOS/project2-thread-scheduler_bsp/\libhal_bsp.a(alt_find_file.o)
 .debug_aranges
                0x00000818       0x20 C:/Users/Rees/Documents/GitHub/uOS/project2-thread-scheduler_bsp/\libhal_bsp.a(alt_get_fd.o)
 .debug_aranges
                0x00000838       0x20 c:/altera/12.0sp2/nios2eds/bin/gnu/h-i686-mingw32/bin/../lib/gcc/nios2-elf/4.1.2/../../../../nios2-elf/lib/mno-hw-mul\libc.a(lib_a-atexit.o)
 .debug_aranges
                0x00000858       0x20 c:/altera/12.0sp2/nios2eds/bin/gnu/h-i686-mingw32/bin/../lib/gcc/nios2-elf/4.1.2/../../../../nios2-elf/lib/mno-hw-mul\libc.a(lib_a-exit.o)
 .debug_aranges
                0x00000878       0x20 c:/altera/12.0sp2/nios2eds/bin/gnu/h-i686-mingw32/bin/../lib/gcc/nios2-elf/4.1.2/../../../../nios2-elf/lib/mno-hw-mul\libc.a(lib_a-memcmp.o)
 .debug_aranges
                0x00000898       0x20 c:/altera/12.0sp2/nios2eds/bin/gnu/h-i686-mingw32/bin/../lib/gcc/nios2-elf/4.1.2/../../../../nios2-elf/lib/mno-hw-mul\libc.a(lib_a-__atexit.o)
 .debug_aranges
                0x000008b8       0x20 c:/altera/12.0sp2/nios2eds/bin/gnu/h-i686-mingw32/bin/../lib/gcc/nios2-elf/4.1.2/../../../../nios2-elf/lib/mno-hw-mul\libc.a(lib_a-__call_atexit.o)
 .debug_aranges
                0x000008d8       0x20 C:/Users/Rees/Documents/GitHub/uOS/project2-thread-scheduler_bsp/\libhal_bsp.a(alt_exit.o)

.debug_pubnames
                0x00000000      0xd44
 *(.debug_pubnames)
 .debug_pubnames
                0x00000000       0x1b obj/default/hello_world.o
 .debug_pubnames
                0x0000001b       0x27 c:/altera/12.0sp2/nios2eds/bin/gnu/h-i686-mingw32/bin/../lib/gcc/nios2-elf/4.1.2/../../../../nios2-elf/lib/mno-hw-mul\libc.a(lib_a-puts.o)
 .debug_pubnames
                0x00000042       0x1d c:/altera/12.0sp2/nios2eds/bin/gnu/h-i686-mingw32/bin/../lib/gcc/nios2-elf/4.1.2/../../../../nios2-elf/lib/mno-hw-mul\libc.a(lib_a-strlen.o)
 .debug_pubnames
                0x0000005f       0x23 c:/altera/12.0sp2/nios2eds/bin/gnu/h-i686-mingw32/bin/../lib/gcc/nios2-elf/4.1.2/../../../../nios2-elf/lib/mno-hw-mul\libc.a(lib_a-fvwrite.o)
 .debug_pubnames
                0x00000082       0x39 c:/altera/12.0sp2/nios2eds/bin/gnu/h-i686-mingw32/bin/../lib/gcc/nios2-elf/4.1.2/../../../../nios2-elf/lib/mno-hw-mul\libc.a(lib_a-impure.o)
 .debug_pubnames
                0x000000bb       0xce c:/altera/12.0sp2/nios2eds/bin/gnu/h-i686-mingw32/bin/../lib/gcc/nios2-elf/4.1.2/../../../../nios2-elf/lib/mno-hw-mul\libc.a(lib_a-mallocr.o)
 .debug_pubnames
                0x00000189       0x1d c:/altera/12.0sp2/nios2eds/bin/gnu/h-i686-mingw32/bin/../lib/gcc/nios2-elf/4.1.2/../../../../nios2-elf/lib/mno-hw-mul\libc.a(lib_a-memchr.o)
 .debug_pubnames
                0x000001a6       0x1d c:/altera/12.0sp2/nios2eds/bin/gnu/h-i686-mingw32/bin/../lib/gcc/nios2-elf/4.1.2/../../../../nios2-elf/lib/mno-hw-mul\libc.a(lib_a-memcpy.o)
 .debug_pubnames
                0x000001c3       0x1e c:/altera/12.0sp2/nios2eds/bin/gnu/h-i686-mingw32/bin/../lib/gcc/nios2-elf/4.1.2/../../../../nios2-elf/lib/mno-hw-mul\libc.a(lib_a-memmove.o)
 .debug_pubnames
                0x000001e1       0x21 c:/altera/12.0sp2/nios2eds/bin/gnu/h-i686-mingw32/bin/../lib/gcc/nios2-elf/4.1.2/../../../../nios2-elf/lib/mno-hw-mul\libc.a(lib_a-reallocr.o)
 .debug_pubnames
                0x00000202       0x1e c:/altera/12.0sp2/nios2eds/bin/gnu/h-i686-mingw32/bin/../lib/gcc/nios2-elf/4.1.2/../../../../nios2-elf/lib/mno-hw-mul\libc.a(lib_a-sbrkr.o)
 .debug_pubnames
                0x00000220       0x22 c:/altera/12.0sp2/nios2eds/bin/gnu/h-i686-mingw32/bin/../lib/gcc/nios2-elf/4.1.2/../../../../nios2-elf/lib/mno-hw-mul\libc.a(lib_a-wsetup.o)
 .debug_pubnames
                0x00000242       0x2b c:/altera/12.0sp2/nios2eds/bin/gnu/h-i686-mingw32/bin/../lib/gcc/nios2-elf/4.1.2/../../../../nios2-elf/lib/mno-hw-mul\libc.a(lib_a-fflush.o)
 .debug_pubnames
                0x0000026d       0xdb c:/altera/12.0sp2/nios2eds/bin/gnu/h-i686-mingw32/bin/../lib/gcc/nios2-elf/4.1.2/../../../../nios2-elf/lib/mno-hw-mul\libc.a(lib_a-findfp.o)
 .debug_pubnames
                0x00000348       0x31 c:/altera/12.0sp2/nios2eds/bin/gnu/h-i686-mingw32/bin/../lib/gcc/nios2-elf/4.1.2/../../../../nios2-elf/lib/mno-hw-mul\libc.a(lib_a-freer.o)
 .debug_pubnames
                0x00000379       0x2e c:/altera/12.0sp2/nios2eds/bin/gnu/h-i686-mingw32/bin/../lib/gcc/nios2-elf/4.1.2/../../../../nios2-elf/lib/mno-hw-mul\libc.a(lib_a-fwalk.o)
 .debug_pubnames
                0x000003a7       0x1c c:/altera/12.0sp2/nios2eds/bin/gnu/h-i686-mingw32/bin/../lib/gcc/nios2-elf/4.1.2/../../../../nios2-elf/lib/mno-hw-mul\libc.a(lib_a-int_errno.o)
 .debug_pubnames
                0x000003c3       0x23 c:/altera/12.0sp2/nios2eds/bin/gnu/h-i686-mingw32/bin/../lib/gcc/nios2-elf/4.1.2/../../../../nios2-elf/lib/mno-hw-mul\libc.a(lib_a-makebuf.o)
 .debug_pubnames
                0x000003e6       0x1d c:/altera/12.0sp2/nios2eds/bin/gnu/h-i686-mingw32/bin/../lib/gcc/nios2-elf/4.1.2/../../../../nios2-elf/lib/mno-hw-mul\libc.a(lib_a-memset.o)
 .debug_pubnames
                0x00000403       0x44 c:/altera/12.0sp2/nios2eds/bin/gnu/h-i686-mingw32/bin/../lib/gcc/nios2-elf/4.1.2/../../../../nios2-elf/lib/mno-hw-mul\libc.a(lib_a-stdio.o)
 .debug_pubnames
                0x00000447       0x1f c:/altera/12.0sp2/nios2eds/bin/gnu/h-i686-mingw32/bin/../lib/gcc/nios2-elf/4.1.2/../../../../nios2-elf/lib/mno-hw-mul\libc.a(lib_a-writer.o)
 .debug_pubnames
                0x00000466       0x1f c:/altera/12.0sp2/nios2eds/bin/gnu/h-i686-mingw32/bin/../lib/gcc/nios2-elf/4.1.2/../../../../nios2-elf/lib/mno-hw-mul\libc.a(lib_a-closer.o)
 .debug_pubnames
                0x00000485       0x2b c:/altera/12.0sp2/nios2eds/bin/gnu/h-i686-mingw32/bin/../lib/gcc/nios2-elf/4.1.2/../../../../nios2-elf/lib/mno-hw-mul\libc.a(lib_a-fclose.o)
 .debug_pubnames
                0x000004b0       0x1f c:/altera/12.0sp2/nios2eds/bin/gnu/h-i686-mingw32/bin/../lib/gcc/nios2-elf/4.1.2/../../../../nios2-elf/lib/mno-hw-mul\libc.a(lib_a-fstatr.o)
 .debug_pubnames
                0x000004cf       0x20 c:/altera/12.0sp2/nios2eds/bin/gnu/h-i686-mingw32/bin/../lib/gcc/nios2-elf/4.1.2/../../../../nios2-elf/lib/mno-hw-mul\libc.a(lib_a-isattyr.o)
 .debug_pubnames
                0x000004ef       0x1f c:/altera/12.0sp2/nios2eds/bin/gnu/h-i686-mingw32/bin/../lib/gcc/nios2-elf/4.1.2/../../../../nios2-elf/lib/mno-hw-mul\libc.a(lib_a-lseekr.o)
 .debug_pubnames
                0x0000050e       0x1e c:/altera/12.0sp2/nios2eds/bin/gnu/h-i686-mingw32/bin/../lib/gcc/nios2-elf/4.1.2/../../../../nios2-elf/lib/mno-hw-mul\libc.a(lib_a-readr.o)
 .debug_pubnames
                0x0000052c       0x1f c:/altera/12.0sp2/nios2eds/bin/gnu/h-i686-mingw32/bin/../lib/gcc/nios2-elf/4.1.2/mno-hw-mul\libgcc.a(lib2-mul.o)
 .debug_pubnames
                0x0000054b       0x1c C:/Users/Rees/Documents/GitHub/uOS/project2-thread-scheduler_bsp/\libhal_bsp.a(alt_close.o)
 .debug_pubnames
                0x00000567       0x63 C:/Users/Rees/Documents/GitHub/uOS/project2-thread-scheduler_bsp/\libhal_bsp.a(alt_dev.o)
 .debug_pubnames
                0x000005ca       0x20 C:/Users/Rees/Documents/GitHub/uOS/project2-thread-scheduler_bsp/\libhal_bsp.a(alt_errno.o)
 .debug_pubnames
                0x000005ea       0x1c C:/Users/Rees/Documents/GitHub/uOS/project2-thread-scheduler_bsp/\libhal_bsp.a(alt_fstat.o)
 .debug_pubnames
                0x00000606       0x1d C:/Users/Rees/Documents/GitHub/uOS/project2-thread-scheduler_bsp/\libhal_bsp.a(alt_isatty.o)
 .debug_pubnames
                0x00000623       0x1f C:/Users/Rees/Documents/GitHub/uOS/project2-thread-scheduler_bsp/\libhal_bsp.a(alt_load.o)
 .debug_pubnames
                0x00000642       0x1c C:/Users/Rees/Documents/GitHub/uOS/project2-thread-scheduler_bsp/\libhal_bsp.a(alt_lseek.o)
 .debug_pubnames
                0x0000065e       0x46 C:/Users/Rees/Documents/GitHub/uOS/project2-thread-scheduler_bsp/\libhal_bsp.a(alt_main.o)
 .debug_pubnames
                0x000006a4       0x38 C:/Users/Rees/Documents/GitHub/uOS/project2-thread-scheduler_bsp/\libhal_bsp.a(alt_malloc_lock.o)
 .debug_pubnames
                0x000006dc       0x1b C:/Users/Rees/Documents/GitHub/uOS/project2-thread-scheduler_bsp/\libhal_bsp.a(alt_read.o)
 .debug_pubnames
                0x000006f7       0x25 C:/Users/Rees/Documents/GitHub/uOS/project2-thread-scheduler_bsp/\libhal_bsp.a(alt_release_fd.o)
 .debug_pubnames
                0x0000071c       0x1b C:/Users/Rees/Documents/GitHub/uOS/project2-thread-scheduler_bsp/\libhal_bsp.a(alt_sbrk.o)
 .debug_pubnames
                0x00000737       0x1c C:/Users/Rees/Documents/GitHub/uOS/project2-thread-scheduler_bsp/\libhal_bsp.a(alt_write.o)
 .debug_pubnames
                0x00000753       0x34 C:/Users/Rees/Documents/GitHub/uOS/project2-thread-scheduler_bsp/\libhal_bsp.a(alt_sys_init.o)
 .debug_pubnames
                0x00000787       0xa5 C:/Users/Rees/Documents/GitHub/uOS/project2-thread-scheduler_bsp/\libhal_bsp.a(altera_avalon_jtag_uart_fd.o)
 .debug_pubnames
                0x0000082c       0x55 C:/Users/Rees/Documents/GitHub/uOS/project2-thread-scheduler_bsp/\libhal_bsp.a(altera_avalon_jtag_uart_init.o)
 .debug_pubnames
                0x00000881       0x34 C:/Users/Rees/Documents/GitHub/uOS/project2-thread-scheduler_bsp/\libhal_bsp.a(altera_avalon_jtag_uart_ioctl.o)
 .debug_pubnames
                0x000008b5       0x33 C:/Users/Rees/Documents/GitHub/uOS/project2-thread-scheduler_bsp/\libhal_bsp.a(altera_avalon_jtag_uart_read.o)
 .debug_pubnames
                0x000008e8       0x34 C:/Users/Rees/Documents/GitHub/uOS/project2-thread-scheduler_bsp/\libhal_bsp.a(altera_avalon_jtag_uart_write.o)
 .debug_pubnames
                0x0000091c       0x2f C:/Users/Rees/Documents/GitHub/uOS/project2-thread-scheduler_bsp/\libhal_bsp.a(altera_avalon_timer_sc.o)
 .debug_pubnames
                0x0000094b       0x26 C:/Users/Rees/Documents/GitHub/uOS/project2-thread-scheduler_bsp/\libhal_bsp.a(alt_alarm_start.o)
 .debug_pubnames
                0x00000971       0x2b C:/Users/Rees/Documents/GitHub/uOS/project2-thread-scheduler_bsp/\libhal_bsp.a(alt_dcache_flush_all.o)
 .debug_pubnames
                0x0000099c       0x2b C:/Users/Rees/Documents/GitHub/uOS/project2-thread-scheduler_bsp/\libhal_bsp.a(alt_dev_llist_insert.o)
 .debug_pubnames
                0x000009c7       0x20 C:/Users/Rees/Documents/GitHub/uOS/project2-thread-scheduler_bsp/\libhal_bsp.a(alt_do_ctors.o)
 .debug_pubnames
                0x000009e7       0x20 C:/Users/Rees/Documents/GitHub/uOS/project2-thread-scheduler_bsp/\libhal_bsp.a(alt_do_dtors.o)
 .debug_pubnames
                0x00000a07       0x2b C:/Users/Rees/Documents/GitHub/uOS/project2-thread-scheduler_bsp/\libhal_bsp.a(alt_icache_flush_all.o)
 .debug_pubnames
                0x00000a32       0x6e C:/Users/Rees/Documents/GitHub/uOS/project2-thread-scheduler_bsp/\libhal_bsp.a(alt_iic.o)
 .debug_pubnames
                0x00000aa0       0x2b C:/Users/Rees/Documents/GitHub/uOS/project2-thread-scheduler_bsp/\libhal_bsp.a(alt_iic_isr_register.o)
 .debug_pubnames
                0x00000acb       0x26 C:/Users/Rees/Documents/GitHub/uOS/project2-thread-scheduler_bsp/\libhal_bsp.a(alt_io_redirect.o)
 .debug_pubnames
                0x00000af1       0x32 C:/Users/Rees/Documents/GitHub/uOS/project2-thread-scheduler_bsp/\libhal_bsp.a(alt_irq_handler.o)
 .debug_pubnames
                0x00000b23       0x3b C:/Users/Rees/Documents/GitHub/uOS/project2-thread-scheduler_bsp/\libhal_bsp.a(alt_irq_vars.o)
 .debug_pubnames
                0x00000b5e       0x1b C:/Users/Rees/Documents/GitHub/uOS/project2-thread-scheduler_bsp/\libhal_bsp.a(alt_open.o)
 .debug_pubnames
                0x00000b79       0x68 C:/Users/Rees/Documents/GitHub/uOS/project2-thread-scheduler_bsp/\libhal_bsp.a(alt_tick.o)
 .debug_pubnames
                0x00000be1       0x2c C:/Users/Rees/Documents/GitHub/uOS/project2-thread-scheduler_bsp/\libhal_bsp.a(altera_nios2_irq.o)
 .debug_pubnames
                0x00000c0d       0x23 C:/Users/Rees/Documents/GitHub/uOS/project2-thread-scheduler_bsp/\libhal_bsp.a(alt_find_dev.o)
 .debug_pubnames
                0x00000c30       0x24 C:/Users/Rees/Documents/GitHub/uOS/project2-thread-scheduler_bsp/\libhal_bsp.a(alt_find_file.o)
 .debug_pubnames
                0x00000c54       0x21 C:/Users/Rees/Documents/GitHub/uOS/project2-thread-scheduler_bsp/\libhal_bsp.a(alt_get_fd.o)
 .debug_pubnames
                0x00000c75       0x2a c:/altera/12.0sp2/nios2eds/bin/gnu/h-i686-mingw32/bin/../lib/gcc/nios2-elf/4.1.2/../../../../nios2-elf/lib/mno-hw-mul\libc.a(lib_a-atexit.o)
 .debug_pubnames
                0x00000c9f       0x1b c:/altera/12.0sp2/nios2eds/bin/gnu/h-i686-mingw32/bin/../lib/gcc/nios2-elf/4.1.2/../../../../nios2-elf/lib/mno-hw-mul\libc.a(lib_a-exit.o)
 .debug_pubnames
                0x00000cba       0x1d c:/altera/12.0sp2/nios2eds/bin/gnu/h-i686-mingw32/bin/../lib/gcc/nios2-elf/4.1.2/../../../../nios2-elf/lib/mno-hw-mul\libc.a(lib_a-memcmp.o)
 .debug_pubnames
                0x00000cd7       0x2a c:/altera/12.0sp2/nios2eds/bin/gnu/h-i686-mingw32/bin/../lib/gcc/nios2-elf/4.1.2/../../../../nios2-elf/lib/mno-hw-mul\libc.a(lib_a-__atexit.o)
 .debug_pubnames
                0x00000d01       0x27 c:/altera/12.0sp2/nios2eds/bin/gnu/h-i686-mingw32/bin/../lib/gcc/nios2-elf/4.1.2/../../../../nios2-elf/lib/mno-hw-mul\libc.a(lib_a-__call_atexit.o)
 .debug_pubnames
                0x00000d28       0x1c C:/Users/Rees/Documents/GitHub/uOS/project2-thread-scheduler_bsp/\libhal_bsp.a(alt_exit.o)

.debug_info     0x00000000    0x196ad
 *(.debug_info .gnu.linkonce.wi.*)
 .debug_info    0x00000000       0x72 C:/Users/Rees/Documents/GitHub/uOS/project2-thread-scheduler_bsp//obj/HAL/src/crt0.o
 .debug_info    0x00000072      0x131 obj/default/hello_world.o
 .debug_info    0x000001a3      0xa25 c:/altera/12.0sp2/nios2eds/bin/gnu/h-i686-mingw32/bin/../lib/gcc/nios2-elf/4.1.2/../../../../nios2-elf/lib/mno-hw-mul\libc.a(lib_a-puts.o)
 .debug_info    0x00000bc8       0xdb c:/altera/12.0sp2/nios2eds/bin/gnu/h-i686-mingw32/bin/../lib/gcc/nios2-elf/4.1.2/../../../../nios2-elf/lib/mno-hw-mul\libc.a(lib_a-strlen.o)
 .debug_info    0x00000ca3      0xa88 c:/altera/12.0sp2/nios2eds/bin/gnu/h-i686-mingw32/bin/../lib/gcc/nios2-elf/4.1.2/../../../../nios2-elf/lib/mno-hw-mul\libc.a(lib_a-fvwrite.o)
 .debug_info    0x0000172b      0x93d c:/altera/12.0sp2/nios2eds/bin/gnu/h-i686-mingw32/bin/../lib/gcc/nios2-elf/4.1.2/../../../../nios2-elf/lib/mno-hw-mul\libc.a(lib_a-impure.o)
 .debug_info    0x00002068      0xcd0 c:/altera/12.0sp2/nios2eds/bin/gnu/h-i686-mingw32/bin/../lib/gcc/nios2-elf/4.1.2/../../../../nios2-elf/lib/mno-hw-mul\libc.a(lib_a-mallocr.o)
 .debug_info    0x00002d38      0x138 c:/altera/12.0sp2/nios2eds/bin/gnu/h-i686-mingw32/bin/../lib/gcc/nios2-elf/4.1.2/../../../../nios2-elf/lib/mno-hw-mul\libc.a(lib_a-memchr.o)
 .debug_info    0x00002e70      0x106 c:/altera/12.0sp2/nios2eds/bin/gnu/h-i686-mingw32/bin/../lib/gcc/nios2-elf/4.1.2/../../../../nios2-elf/lib/mno-hw-mul\libc.a(lib_a-memcpy.o)
 .debug_info    0x00002f76      0x13e c:/altera/12.0sp2/nios2eds/bin/gnu/h-i686-mingw32/bin/../lib/gcc/nios2-elf/4.1.2/../../../../nios2-elf/lib/mno-hw-mul\libc.a(lib_a-memmove.o)
 .debug_info    0x000030b4      0xbd7 c:/altera/12.0sp2/nios2eds/bin/gnu/h-i686-mingw32/bin/../lib/gcc/nios2-elf/4.1.2/../../../../nios2-elf/lib/mno-hw-mul\libc.a(lib_a-reallocr.o)
 .debug_info    0x00003c8b      0x962 c:/altera/12.0sp2/nios2eds/bin/gnu/h-i686-mingw32/bin/../lib/gcc/nios2-elf/4.1.2/../../../../nios2-elf/lib/mno-hw-mul\libc.a(lib_a-sbrkr.o)
 .debug_info    0x000045ed      0x95d c:/altera/12.0sp2/nios2eds/bin/gnu/h-i686-mingw32/bin/../lib/gcc/nios2-elf/4.1.2/../../../../nios2-elf/lib/mno-hw-mul\libc.a(lib_a-wsetup.o)
 .debug_info    0x00004f4a      0x9fe c:/altera/12.0sp2/nios2eds/bin/gnu/h-i686-mingw32/bin/../lib/gcc/nios2-elf/4.1.2/../../../../nios2-elf/lib/mno-hw-mul\libc.a(lib_a-fflush.o)
 .debug_info    0x00005948      0xb72 c:/altera/12.0sp2/nios2eds/bin/gnu/h-i686-mingw32/bin/../lib/gcc/nios2-elf/4.1.2/../../../../nios2-elf/lib/mno-hw-mul\libc.a(lib_a-findfp.o)
 .debug_info    0x000064ba      0xbc9 c:/altera/12.0sp2/nios2eds/bin/gnu/h-i686-mingw32/bin/../lib/gcc/nios2-elf/4.1.2/../../../../nios2-elf/lib/mno-hw-mul\libc.a(lib_a-freer.o)
 .debug_info    0x00007083      0xaed c:/altera/12.0sp2/nios2eds/bin/gnu/h-i686-mingw32/bin/../lib/gcc/nios2-elf/4.1.2/../../../../nios2-elf/lib/mno-hw-mul\libc.a(lib_a-fwalk.o)
 .debug_info    0x00007b70       0x8c c:/altera/12.0sp2/nios2eds/bin/gnu/h-i686-mingw32/bin/../lib/gcc/nios2-elf/4.1.2/../../../../nios2-elf/lib/mno-hw-mul\libc.a(lib_a-int_errno.o)
 .debug_info    0x00007bfc      0xb1a c:/altera/12.0sp2/nios2eds/bin/gnu/h-i686-mingw32/bin/../lib/gcc/nios2-elf/4.1.2/../../../../nios2-elf/lib/mno-hw-mul\libc.a(lib_a-makebuf.o)
 .debug_info    0x00008716      0x113 c:/altera/12.0sp2/nios2eds/bin/gnu/h-i686-mingw32/bin/../lib/gcc/nios2-elf/4.1.2/../../../../nios2-elf/lib/mno-hw-mul\libc.a(lib_a-memset.o)
 .debug_info    0x00008829      0xaac c:/altera/12.0sp2/nios2eds/bin/gnu/h-i686-mingw32/bin/../lib/gcc/nios2-elf/4.1.2/../../../../nios2-elf/lib/mno-hw-mul\libc.a(lib_a-stdio.o)
 .debug_info    0x000092d5      0x993 c:/altera/12.0sp2/nios2eds/bin/gnu/h-i686-mingw32/bin/../lib/gcc/nios2-elf/4.1.2/../../../../nios2-elf/lib/mno-hw-mul\libc.a(lib_a-writer.o)
 .debug_info    0x00009c68      0x958 c:/altera/12.0sp2/nios2eds/bin/gnu/h-i686-mingw32/bin/../lib/gcc/nios2-elf/4.1.2/../../../../nios2-elf/lib/mno-hw-mul\libc.a(lib_a-closer.o)
 .debug_info    0x0000a5c0      0x994 c:/altera/12.0sp2/nios2eds/bin/gnu/h-i686-mingw32/bin/../lib/gcc/nios2-elf/4.1.2/../../../../nios2-elf/lib/mno-hw-mul\libc.a(lib_a-fclose.o)
 .debug_info    0x0000af54      0xafc c:/altera/12.0sp2/nios2eds/bin/gnu/h-i686-mingw32/bin/../lib/gcc/nios2-elf/4.1.2/../../../../nios2-elf/lib/mno-hw-mul\libc.a(lib_a-fstatr.o)
 .debug_info    0x0000ba50      0x958 c:/altera/12.0sp2/nios2eds/bin/gnu/h-i686-mingw32/bin/../lib/gcc/nios2-elf/4.1.2/../../../../nios2-elf/lib/mno-hw-mul\libc.a(lib_a-isattyr.o)