Archive member included because of file (symbol)

c:/altera/12.0sp2/nios2eds/bin/gnu/h-i686-mingw32/bin/../lib/gcc/nios2-elf/4.1.2/mno-hw-mul\libgcc.a(lib2-divmod.o)
                              obj/default/main.o (__udivsi3)
c:/altera/12.0sp2/nios2eds/bin/gnu/h-i686-mingw32/bin/../lib/gcc/nios2-elf/4.1.2/mno-hw-mul\libgcc.a(lib2-mul.o)
                              obj/default/main.o (__mulsi3)
c:/altera/12.0sp2/nios2eds/bin/gnu/h-i686-mingw32/bin/../lib/gcc/nios2-elf/4.1.2/../../../../nios2-elf/lib/mno-hw-mul\libc.a(lib_a-malloc.o)
                              obj/default/main.o (free)
c:/altera/12.0sp2/nios2eds/bin/gnu/h-i686-mingw32/bin/../lib/gcc/nios2-elf/4.1.2/../../../../nios2-elf/lib/mno-hw-mul\libc.a(lib_a-mallocr.o)
                              c:/altera/12.0sp2/nios2eds/bin/gnu/h-i686-mingw32/bin/../lib/gcc/nios2-elf/4.1.2/../../../../nios2-elf/lib/mno-hw-mul\libc.a(lib_a-malloc.o) (_malloc_r)
c:/altera/12.0sp2/nios2eds/bin/gnu/h-i686-mingw32/bin/../lib/gcc/nios2-elf/4.1.2/../../../../nios2-elf/lib/mno-hw-mul\libc.a(lib_a-sbrkr.o)
                              c:/altera/12.0sp2/nios2eds/bin/gnu/h-i686-mingw32/bin/../lib/gcc/nios2-elf/4.1.2/../../../../nios2-elf/lib/mno-hw-mul\libc.a(lib_a-mallocr.o) (_sbrk_r)
c:/altera/12.0sp2/nios2eds/bin/gnu/h-i686-mingw32/bin/../lib/gcc/nios2-elf/4.1.2/../../../../nios2-elf/lib/mno-hw-mul\libc.a(lib_a-freer.o)
                              c:/altera/12.0sp2/nios2eds/bin/gnu/h-i686-mingw32/bin/../lib/gcc/nios2-elf/4.1.2/../../../../nios2-elf/lib/mno-hw-mul\libc.a(lib_a-malloc.o) (_free_r)
c:/altera/12.0sp2/nios2eds/bin/gnu/h-i686-mingw32/bin/../lib/gcc/nios2-elf/4.1.2/../../../../nios2-elf/lib/mno-hw-mul\libc.a(lib_a-impure.o)
                              c:/altera/12.0sp2/nios2eds/bin/gnu/h-i686-mingw32/bin/../lib/gcc/nios2-elf/4.1.2/../../../../nios2-elf/lib/mno-hw-mul\libc.a(lib_a-malloc.o) (_impure_ptr)
c:/altera/12.0sp2/nios2eds/bin/gnu/h-i686-mingw32/bin/../lib/gcc/nios2-elf/4.1.2/../../../../nios2-elf/lib/mno-hw-mul\libc.a(lib_a-int_errno.o)
                              c:/altera/12.0sp2/nios2eds/bin/gnu/h-i686-mingw32/bin/../lib/gcc/nios2-elf/4.1.2/../../../../nios2-elf/lib/mno-hw-mul\libc.a(lib_a-sbrkr.o) (errno)
C:/Users/Rees/Documents/GitHub/uOS/project2-thread-scheduler_bsp/\libhal_bsp.a(alt_alarm_start.o)
                              obj/default/main.o (alt_alarm_start)
C:/Users/Rees/Documents/GitHub/uOS/project2-thread-scheduler_bsp/\libhal_bsp.a(alt_load.o)
                              C:/Users/Rees/Documents/GitHub/uOS/project2-thread-scheduler_bsp//obj/HAL/src/crt0.o (alt_load)
C:/Users/Rees/Documents/GitHub/uOS/project2-thread-scheduler_bsp/\libhal_bsp.a(alt_main.o)
                              C:/Users/Rees/Documents/GitHub/uOS/project2-thread-scheduler_bsp//obj/HAL/src/crt0.o (alt_main)
C:/Users/Rees/Documents/GitHub/uOS/project2-thread-scheduler_bsp/\libhal_bsp.a(alt_malloc_lock.o)
                              c:/altera/12.0sp2/nios2eds/bin/gnu/h-i686-mingw32/bin/../lib/gcc/nios2-elf/4.1.2/../../../../nios2-elf/lib/mno-hw-mul\libc.a(lib_a-mallocr.o) (__malloc_lock)
C:/Users/Rees/Documents/GitHub/uOS/project2-thread-scheduler_bsp/\libhal_bsp.a(alt_printf.o)
                              obj/default/main.o (alt_printf)
C:/Users/Rees/Documents/GitHub/uOS/project2-thread-scheduler_bsp/\libhal_bsp.a(alt_putchar.o)
                              C:/Users/Rees/Documents/GitHub/uOS/project2-thread-scheduler_bsp/\libhal_bsp.a(alt_printf.o) (alt_putchar)
C:/Users/Rees/Documents/GitHub/uOS/project2-thread-scheduler_bsp/\libhal_bsp.a(alt_sbrk.o)
                              c:/altera/12.0sp2/nios2eds/bin/gnu/h-i686-mingw32/bin/../lib/gcc/nios2-elf/4.1.2/../../../../nios2-elf/lib/mno-hw-mul\libc.a(lib_a-sbrkr.o) (sbrk)
C:/Users/Rees/Documents/GitHub/uOS/project2-thread-scheduler_bsp/\libhal_bsp.a(alt_tick.o)
                              obj/default/main.o (_alt_tick_rate)
C:/Users/Rees/Documents/GitHub/uOS/project2-thread-scheduler_bsp/\libhal_bsp.a(alt_sys_init.o)
                              C:/Users/Rees/Documents/GitHub/uOS/project2-thread-scheduler_bsp/\libhal_bsp.a(alt_main.o) (alt_irq_init)
C:/Users/Rees/Documents/GitHub/uOS/project2-thread-scheduler_bsp/\libhal_bsp.a(altera_avalon_jtag_uart_fd.o)
                              C:/Users/Rees/Documents/GitHub/uOS/project2-thread-scheduler_bsp/\libhal_bsp.a(alt_sys_init.o) (altera_avalon_jtag_uart_read_fd)
C:/Users/Rees/Documents/GitHub/uOS/project2-thread-scheduler_bsp/\libhal_bsp.a(altera_avalon_jtag_uart_init.o)
                              C:/Users/Rees/Documents/GitHub/uOS/project2-thread-scheduler_bsp/\libhal_bsp.a(alt_sys_init.o) (altera_avalon_jtag_uart_init)
C:/Users/Rees/Documents/GitHub/uOS/project2-thread-scheduler_bsp/\libhal_bsp.a(altera_avalon_jtag_uart_ioctl.o)
                              C:/Users/Rees/Documents/GitHub/uOS/project2-thread-scheduler_bsp/\libhal_bsp.a(altera_avalon_jtag_uart_fd.o) (altera_avalon_jtag_uart_ioctl)
[...]
Memory Configuration

Name             Origin             Length             Attributes
reset            0x00000000         0x00000020
SDRAM            0x00000020         0x007fffe0
SRAM             0x08000000         0x00080000
Onchip_memory    0x09000000         0x00002000
*default*        0x00000000         0xffffffff

Linker script and memory map

LOAD C:/Users/Rees/Documents/GitHub/uOS/project2-thread-scheduler_bsp//obj/HAL/src/crt0.o
LOAD obj/default/main.o
LOAD c:/altera/12.0sp2/nios2eds/bin/gnu/h-i686-mingw32/bin/../lib/gcc/nios2-elf/4.1.2/../../../../nios2-elf/lib/mno-hw-mul\libstdc++.a
LOAD c:/altera/12.0sp2/nios2eds/bin/gnu/h-i686-mingw32/bin/../lib/gcc/nios2-elf/4.1.2/../../../../nios2-elf/lib/mno-hw-mul\libm.a
LOAD c:/altera/12.0sp2/nios2eds/bin/gnu/h-i686-mingw32/bin/../lib/gcc/nios2-elf/4.1.2/mno-hw-mul\libgcc.a
START GROUP
LOAD c:/altera/12.0sp2/nios2eds/bin/gnu/h-i686-mingw32/bin/../lib/gcc/nios2-elf/4.1.2/../../../../nios2-elf/lib/mno-hw-mul\libc.a
LOAD c:/altera/12.0sp2/nios2eds/bin/gnu/h-i686-mingw32/bin/../lib/gcc/nios2-elf/4.1.2/mno-hw-mul\libgcc.a
LOAD C:/Users/Rees/Documents/GitHub/uOS/project2-thread-scheduler_bsp/\libhal_bsp.a
END GROUP
LOAD c:/altera/12.0sp2/nios2eds/bin/gnu/h-i686-mingw32/bin/../lib/gcc/nios2-elf/4.1.2/mno-hw-mul\libgcc.a
                0x00000000                __alt_mem_SDRAM = 0x0
                0x08000000                __alt_mem_SRAM = 0x8000000
                0x09000000                __alt_mem_Onchip_memory = 0x9000000

.entry          0x00000000       0x20
 *(.entry)
 .entry         0x00000000       0x20 C:/Users/Rees/Documents/GitHub/uOS/project2-thread-scheduler_bsp//obj/HAL/src/crt0.o
                0x00000000                __reset

.exceptions     0x00000020      0x194
                0x00000020                PROVIDE (__ram_exceptions_start, ABSOLUTE (.))
                0x00000020                . = ALIGN (0x20)
 *(.irq)
 *(.exceptions.entry.label)
 .exceptions.entry.label
                0x00000020        0x0 C:/Users/Rees/Documents/GitHub/uOS/project2-thread-scheduler_bsp/\libhal_bsp.a(alt_irq_entry.o)
                0x00000020                alt_irq_entry
 .exceptions.entry.label
                0x00000020        0x0 C:/Users/Rees/Documents/GitHub/uOS/project2-thread-scheduler_bsp/\libhal_bsp.a(alt_exception_entry.o)
                0x00000020                alt_exception
 *(.exceptions.entry.user)
 *(.exceptions.entry)
 .exceptions.entry
                0x00000020       0x54 C:/Users/Rees/Documents/GitHub/uOS/project2-thread-scheduler_bsp/\libhal_bsp.a(alt_exception_entry.o)
 *(.exceptions.irqtest.user)
 *(.exceptions.irqtest)
 .exceptions.irqtest
                0x00000074       0x10 C:/Users/Rees/Documents/GitHub/uOS/project2-thread-scheduler_bsp/\libhal_bsp.a(alt_irq_entry.o)
 *(.exceptions.irqhandler.user)
 *(.exceptions.irqhandler)
 .exceptions.irqhandler
                0x00000084        0x4 C:/Users/Rees/Documents/GitHub/uOS/project2-thread-scheduler_bsp/\libhal_bsp.a(alt_irq_entry.o)
 *(.exceptions.irqreturn.user)
 *(.exceptions.irqreturn)
 .exceptions.irqreturn
                0x00000088        0x4 C:/Users/Rees/Documents/GitHub/uOS/project2-thread-scheduler_bsp/\libhal_bsp.a(alt_irq_entry.o)
 *(.exceptions.notirq.label)
 .exceptions.notirq.label
                0x0000008c        0x0 C:/Users/Rees/Documents/GitHub/uOS/project2-thread-scheduler_bsp/\libhal_bsp.a(alt_irq_entry.o)
 *(.exceptions.notirq.user)
 *(.exceptions.notirq)
 .exceptions.notirq
                0x0000008c        0x8 C:/Users/Rees/Documents/GitHub/uOS/project2-thread-scheduler_bsp/\libhal_bsp.a(alt_exception_entry.o)
 *(.exceptions.soft.user)
 *(.exceptions.soft)
 *(.exceptions.unknown.user)
 *(.exceptions.unknown)
 .exceptions.unknown
                0x00000094        0x4 C:/Users/Rees/Documents/GitHub/uOS/project2-thread-scheduler_bsp/\libhal_bsp.a(alt_exception_entry.o)
 *(.exceptions.exit.label)
 .exceptions.exit.label
                0x00000098        0x0 C:/Users/Rees/Documents/GitHub/uOS/project2-thread-scheduler_bsp/\libhal_bsp.a(alt_irq_entry.o)
 .exceptions.exit.label
                0x00000098        0x0 C:/Users/Rees/Documents/GitHub/uOS/project2-thread-scheduler_bsp/\libhal_bsp.a(alt_exception_entry.o)
 *(.exceptions.exit.user)
 *(.exceptions.exit)
 .exceptions.exit
                0x00000098       0x54 C:/Users/Rees/Documents/GitHub/uOS/project2-thread-scheduler_bsp/\libhal_bsp.a(alt_exception_entry.o)
 *(.exceptions)
 .exceptions    0x000000ec       0xc8 C:/Users/Rees/Documents/GitHub/uOS/project2-thread-scheduler_bsp/\libhal_bsp.a(alt_irq_handler.o)
                0x000000ec                alt_irq_handler
                0x000001b4                PROVIDE (__ram_exceptions_end, ABSOLUTE (.))
                0x00000020                PROVIDE (__flash_exceptions_start, LOADADDR (.exceptions))

.text           0x000001b4     0x52e0
                0x000001b4                PROVIDE (stext, ABSOLUTE (.))
 *(.interp)
 *(.hash)
 *(.dynsym)
 *(.dynstr)
 *(.gnu.version)
 *(.gnu.version_d)
 *(.gnu.version_r)
 *(.rel.init)
 *(.rela.init)
 *(.rel.text .rel.text.* .rel.gnu.linkonce.t.*)
 *(.rela.text .rela.text.* .rela.gnu.linkonce.t.*)
 *(.rel.fini)
 *(.rela.fini)
 *(.rel.rodata .rel.rodata.* .rel.gnu.linkonce.r.*)
 *(.rela.rodata .rela.rodata.* .rela.gnu.linkonce.r.*)
 *(.rel.data .rel.data.* .rel.gnu.linkonce.d.*)
 *(.rela.data .rela.data.* .rela.gnu.linkonce.d.*)
 *(.rel.tdata .rel.tdata.* .rel.gnu.linkonce.td.*)
 *(.rela.tdata .rela.tdata.* .rela.gnu.linkonce.td.*)
 *(.rel.tbss .rel.tbss.* .rel.gnu.linkonce.tb.*)
 *(.rela.tbss .rela.tbss.* .rela.gnu.linkonce.tb.*)
 *(.rel.ctors)
 *(.rela.ctors)
 *(.rel.dtors)
 *(.rela.dtors)
 *(.rel.got)
 *(.rela.got)
 *(.rel.sdata .rel.sdata.* .rel.gnu.linkonce.s.*)
 *(.rela.sdata .rela.sdata.* .rela.gnu.linkonce.s.*)
 *(.rel.sbss .rel.sbss.* .rel.gnu.linkonce.sb.*)
 *(.rela.sbss .rela.sbss.* .rela.gnu.linkonce.sb.*)
 *(.rel.sdata2 .rel.sdata2.* .rel.gnu.linkonce.s2.*)
 *(.rela.sdata2 .rela.sdata2.* .rela.gnu.linkonce.s2.*)
 *(.rel.sbss2 .rel.sbss2.* .rel.gnu.linkonce.sb2.*)
 *(.rela.sbss2 .rela.sbss2.* .rela.gnu.linkonce.sb2.*)
 *(.rel.bss .rel.bss.* .rel.gnu.linkonce.b.*)
 *(.rela.bss .rela.bss.* .rela.gnu.linkonce.b.*)
 *(.rel.plt)
 *(.rela.plt)
 *(.rel.dyn)
 *(.init)
 *(.plt)
 *(.text .stub .text.* .gnu.linkonce.t.*)
 .text          0x000001b4       0x3c C:/Users/Rees/Documents/GitHub/uOS/project2-thread-scheduler_bsp//obj/HAL/src/crt0.o
                0x000001b4                _start
 .text          0x000001f0      0x4ac obj/default/main.o
                0x000001f0                main
                0x0000021c                mythread
                0x000002c4                mythread_create
                0x00000344                mythread_scheduler
                0x00000390                prune_queue
                0x000004a0                prioritize_queue
                0x0000059c                prototype_os
                0x00000644                interrupt_handler
 .text          0x0000069c      0x14c c:/altera/12.0sp2/nios2eds/bin/gnu/h-i686-mingw32/bin/../lib/gcc/nios2-elf/4.1.2/mno-hw-mul\libgcc.a(lib2-divmod.o)
                0x00000718                __divsi3
                0x00000778                __modsi3
                0x000007d8                __udivsi3
                0x000007e0                __umodsi3
 .text          0x000007e8       0x38 c:/altera/12.0sp2/nios2eds/bin/gnu/h-i686-mingw32/bin/../lib/gcc/nios2-elf/4.1.2/mno-hw-mul\libgcc.a(lib2-mul.o)
                0x000007e8                __mulsi3
 .text          0x00000820       0x28 c:/altera/12.0sp2/nios2eds/bin/gnu/h-i686-mingw32/bin/../lib/gcc/nios2-elf/4.1.2/../../../../nios2-elf/lib/mno-hw-mul\libc.a(lib_a-malloc.o)
                0x00000820                free
                0x00000834                malloc
 .text          0x00000848      0x740 c:/altera/12.0sp2/nios2eds/bin/gnu/h-i686-mingw32/bin/../lib/gcc/nios2-elf/4.1.2/../../../../nios2-elf/lib/mno-hw-mul\libc.a(lib_a-mallocr.o)
                0x00000848                _malloc_r
 .text          0x00000f88       0x70 c:/altera/12.0sp2/nios2eds/bin/gnu/h-i686-mingw32/bin/../lib/gcc/nios2-elf/4.1.2/../../../../nios2-elf/lib/mno-hw-mul\libc.a(lib_a-sbrkr.o)
                0x00000f88                _sbrk_r
 .text          0x00000ff8      0x440 c:/altera/12.0sp2/nios2eds/bin/gnu/h-i686-mingw32/bin/../lib/gcc/nios2-elf/4.1.2/../../../../nios2-elf/lib/mno-hw-mul\libc.a(lib_a-freer.o)
                0x00000ff8                _malloc_trim_r
                0x00001124                _free_r
 .text          0x00001438        0x0 c:/altera/12.0sp2/nios2eds/bin/gnu/h-i686-mingw32/bin/../lib/gcc/nios2-elf/4.1.2/../../../../nios2-elf/lib/mno-hw-mul\libc.a(lib_a-impure.o)
 .text          0x00001438        0x0 c:/altera/12.0sp2/nios2eds/bin/gnu/h-i686-mingw32/bin/../lib/gcc/nios2-elf/4.1.2/../../../../nios2-elf/lib/mno-hw-mul\libc.a(lib_a-int_errno.o)
 .text          0x00001438      0x154 C:/Users/Rees/Documents/GitHub/uOS/project2-thread-scheduler_bsp/\libhal_bsp.a(alt_alarm_start.o)
                0x00001438                alt_alarm_start
 .text          0x0000158c       0xec C:/Users/Rees/Documents/GitHub/uOS/project2-thread-scheduler_bsp/\libhal_bsp.a(alt_load.o)
                0x0000158c                alt_load
 .text          0x00001678       0x6c C:/Users/Rees/Documents/GitHub/uOS/project2-thread-scheduler_bsp/\libhal_bsp.a(alt_main.o)
                0x00001678                alt_main
 .text          0x000016e4       0x40 C:/Users/Rees/Documents/GitHub/uOS/project2-thread-scheduler_bsp/\libhal_bsp.a(alt_malloc_lock.o)
                0x000016e4                __malloc_lock
                0x00001704                __malloc_unlock
 .text          0x00001724      0x258 C:/Users/Rees/Documents/GitHub/uOS/project2-thread-scheduler_bsp/\libhal_bsp.a(alt_printf.o)
                0x00001724                alt_printf
 .text          0x0000197c       0x40 C:/Users/Rees/Documents/GitHub/uOS/project2-thread-scheduler_bsp/\libhal_bsp.a(alt_putchar.o)
                0x0000197c                alt_putchar
 .text          0x000019bc       0xbc C:/Users/Rees/Documents/GitHub/uOS/project2-thread-scheduler_bsp/\libhal_bsp.a(alt_sbrk.o)
                0x000019bc                sbrk
 .text          0x00001a78      0x1a4 C:/Users/Rees/Documents/GitHub/uOS/project2-thread-scheduler_bsp/\libhal_bsp.a(alt_tick.o)
                0x00001a78                alt_alarm_stop
                0x00001b10                alt_tick
 .text          0x00001c1c       0xc8 C:/Users/Rees/Documents/GitHub/uOS/project2-thread-scheduler_bsp/\libhal_bsp.a(alt_sys_init.o)
                0x00001c1c                alt_irq_init
                0x00001c50                alt_sys_init
 .text          0x00001ce4      0x148 C:/Users/Rees/Documents/GitHub/uOS/project2-thread-scheduler_bsp/\libhal_bsp.a(altera_avalon_jtag_uart_fd.o)
                0x00001ce4                altera_avalon_jtag_uart_read_fd
                0x00001d3c                altera_avalon_jtag_uart_write_fd
                0x00001d94                altera_avalon_jtag_uart_close_fd
                0x00001ddc                altera_avalon_jtag_uart_ioctl_fd
 .text          0x00001e2c      0x40c C:/Users/Rees/Documents/GitHub/uOS/project2-thread-scheduler_bsp/\libhal_bsp.a(altera_avalon_jtag_uart_init.o)
                0x00001e2c                altera_avalon_jtag_uart_init
                0x000021c4                altera_avalon_jtag_uart_close
 .text          0x00002238       0xf4 C:/Users/Rees/Documents/GitHub/uOS/project2-thread-scheduler_bsp/\libhal_bsp.a(altera_avalon_jtag_uart_ioctl.o)
                0x00002238                altera_avalon_jtag_uart_ioctl
 .text          0x0000232c      0x224 C:/Users/Rees/Documents/GitHub/uOS/project2-thread-scheduler_bsp/\libhal_bsp.a(altera_avalon_jtag_uart_read.o)
                0x0000232c                altera_avalon_jtag_uart_read
 .text          0x00002550      0x240 C:/Users/Rees/Documents/GitHub/uOS/project2-thread-scheduler_bsp/\libhal_bsp.a(altera_avalon_jtag_uart_write.o)
                0x00002550                altera_avalon_jtag_uart_write
 .text          0x00002790      0x100 C:/Users/Rees/Documents/GitHub/uOS/project2-thread-scheduler_bsp/\libhal_bsp.a(altera_avalon_timer_sc.o)
                0x00002800                alt_avalon_timer_sc_init
 .text          0x00002890      0x160 C:/Users/Rees/Documents/GitHub/uOS/project2-thread-scheduler_bsp/\libhal_bsp.a(alt_close.o)
                0x00002890                close
 .text          0x000029f0       0x1c C:/Users/Rees/Documents/GitHub/uOS/project2-thread-scheduler_bsp/\libhal_bsp.a(alt_dcache_flush_all.o)
                0x000029f0                alt_dcache_flush_all
 .text          0x00002a0c       0x2c C:/Users/Rees/Documents/GitHub/uOS/project2-thread-scheduler_bsp/\libhal_bsp.a(alt_dev.o)
 .text          0x00002a38      0x114 C:/Users/Rees/Documents/GitHub/uOS/project2-thread-scheduler_bsp/\libhal_bsp.a(alt_dev_llist_insert.o)
                0x00002a38                alt_dev_llist_insert
 .text          0x00002b4c       0x64 C:/Users/Rees/Documents/GitHub/uOS/project2-thread-scheduler_bsp/\libhal_bsp.a(alt_do_ctors.o)
                0x00002b4c                _do_ctors
 .text          0x00002bb0       0x64 C:/Users/Rees/Documents/GitHub/uOS/project2-thread-scheduler_bsp/\libhal_bsp.a(alt_do_dtors.o)
                0x00002bb0                _do_dtors
 .text          0x00002c14        0x0 C:/Users/Rees/Documents/GitHub/uOS/project2-thread-scheduler_bsp/\libhal_bsp.a(alt_errno.o)
 .text          0x00002c14       0x1c C:/Users/Rees/Documents/GitHub/uOS/project2-thread-scheduler_bsp/\libhal_bsp.a(alt_icache_flush_all.o)
                0x00002c14                alt_icache_flush_all
 .text          0x00002c30      0x1d4 C:/Users/Rees/Documents/GitHub/uOS/project2-thread-scheduler_bsp/\libhal_bsp.a(alt_iic.o)
                0x00002c30                alt_ic_isr_register
                0x00002c80                alt_ic_irq_enable
                0x00002d1c                alt_ic_irq_disable
                0x00002dbc                alt_ic_irq_enabled
 .text          0x00002e04       0xf8 C:/Users/Rees/Documents/GitHub/uOS/project2-thread-scheduler_bsp/\libhal_bsp.a(alt_iic_isr_register.o)
                0x00002e04                alt_iic_isr_register
 .text          0x00002efc      0x150 C:/Users/Rees/Documents/GitHub/uOS/project2-thread-scheduler_bsp/\libhal_bsp.a(alt_io_redirect.o)
                0x00002fd4                alt_io_redirect
 .text          0x0000304c        0x0 C:/Users/Rees/Documents/GitHub/uOS/project2-thread-scheduler_bsp/\libhal_bsp.a(alt_irq_entry.o)
 .text          0x0000304c        0x0 C:/Users/Rees/Documents/GitHub/uOS/project2-thread-scheduler_bsp/\libhal_bsp.a(alt_irq_handler.o)
 .text          0x0000304c        0x0 C:/Users/Rees/Documents/GitHub/uOS/project2-thread-scheduler_bsp/\libhal_bsp.a(alt_irq_vars.o)
 .text          0x0000304c      0x2e4 C:/Users/Rees/Documents/GitHub/uOS/project2-thread-scheduler_bsp/\libhal_bsp.a(alt_open.o)
                0x00003144                open
 .text          0x00003330       0x78 C:/Users/Rees/Documents/GitHub/uOS/project2-thread-scheduler_bsp/\libhal_bsp.a(alt_release_fd.o)
                0x00003330                alt_release_fd
 .text          0x000033a8       0x20 C:/Users/Rees/Documents/GitHub/uOS/project2-thread-scheduler_bsp/\libhal_bsp.a(altera_nios2_irq.o)
                0x000033a8                altera_nios2_irq_init
 .text          0x000033c8        0x0 C:/Users/Rees/Documents/GitHub/uOS/project2-thread-scheduler_bsp/\libhal_bsp.a(alt_exception_entry.o)
 .text          0x000033c8       0x94 C:/Users/Rees/Documents/GitHub/uOS/project2-thread-scheduler_bsp/\libhal_bsp.a(alt_find_dev.o)
                0x000033c8                alt_find_dev
 .text          0x0000345c      0x120 C:/Users/Rees/Documents/GitHub/uOS/project2-thread-scheduler_bsp/\libhal_bsp.a(alt_find_file.o)
                0x0000345c                alt_find_file
 .text          0x0000357c       0xd0 C:/Users/Rees/Documents/GitHub/uOS/project2-thread-scheduler_bsp/\libhal_bsp.a(alt_get_fd.o)
                0x0000357c                alt_get_fd
 .text          0x0000364c       0x14 c:/altera/12.0sp2/nios2eds/bin/gnu/h-i686-mingw32/bin/../lib/gcc/nios2-elf/4.1.2/../../../../nios2-elf/lib/mno-hw-mul\libc.a(lib_a-atexit.o)
                0x0000364c                atexit
 .text          0x00003660       0x38 c:/altera/12.0sp2/nios2eds/bin/gnu/h-i686-mingw32/bin/../lib/gcc/nios2-elf/4.1.2/../../../../nios2-elf/lib/mno-hw-mul\libc.a(lib_a-exit.o)
                0x00003660                exit
 .text          0x00003698       0x74 c:/altera/12.0sp2/nios2eds/bin/gnu/h-i686-mingw32/bin/../lib/gcc/nios2-elf/4.1.2/../../../../nios2-elf/lib/mno-hw-mul\libc.a(lib_a-memcmp.o)
                0x00003698                memcmp
 .text          0x0000370c       0xa0 c:/altera/12.0sp2/nios2eds/bin/gnu/h-i686-mingw32/bin/../lib/gcc/nios2-elf/4.1.2/../../../../nios2-elf/lib/mno-hw-mul\libc.a(lib_a-memcpy.o)
                0x0000370c                memcpy
 .text          0x000037ac      0x1ec c:/altera/12.0sp2/nios2eds/bin/gnu/h-i686-mingw32/bin/../lib/gcc/nios2-elf/4.1.2/../../../../nios2-elf/lib/mno-hw-mul\libc.a(lib_a-putc.o)
                0x000037ac                putc
                0x000038b0                _putc_r
 .text          0x00003998       0x74 c:/altera/12.0sp2/nios2eds/bin/gnu/h-i686-mingw32/bin/../lib/gcc/nios2-elf/4.1.2/../../../../nios2-elf/lib/mno-hw-mul\libc.a(lib_a-strlen.o)
                0x00003998                strlen
 .text          0x00003a0c      0x14c c:/altera/12.0sp2/nios2eds/bin/gnu/h-i686-mingw32/bin/../lib/gcc/nios2-elf/4.1.2/../../../../nios2-elf/lib/mno-hw-mul\libc.a(lib_a-wbuf.o)
                0x00003a0c                __swbuf_r
                0x00003b3c                __swbuf
 .text          0x00003b58      0x13c c:/altera/12.0sp2/nios2eds/bin/gnu/h-i686-mingw32/bin/../lib/gcc/nios2-elf/4.1.2/../../../../nios2-elf/lib/mno-hw-mul\libc.a(lib_a-wsetup.o)
                0x00003b58                __swsetup_r
 .text          0x00003c94      0x134 c:/altera/12.0sp2/nios2eds/bin/gnu/h-i686-mingw32/bin/../lib/gcc/nios2-elf/4.1.2/../../../../nios2-elf/lib/mno-hw-mul\libc.a(lib_a-__atexit.o)
                0x00003c94                __register_exitproc
 .text          0x00003dc8      0x1b4 c:/altera/12.0sp2/nios2eds/bin/gnu/h-i686-mingw32/bin/../lib/gcc/nios2-elf/4.1.2/../../../../nios2-elf/lib/mno-hw-mul\libc.a(lib_a-__call_atexit.o)
                0x00003dcc                __call_exitprocs
 .text          0x00003f7c      0x230 c:/altera/12.0sp2/nios2eds/bin/gnu/h-i686-mingw32/bin/../lib/gcc/nios2-elf/4.1.2/../../../../nios2-elf/lib/mno-hw-mul\libc.a(lib_a-fflush.o)
                0x00003f7c                _fflush_r
                0x00004178                fflush
 .text          0x000041ac      0x2f4 c:/altera/12.0sp2/nios2eds/bin/gnu/h-i686-mingw32/bin/../lib/gcc/nios2-elf/4.1.2/../../../../nios2-elf/lib/mno-hw-mul\libc.a(lib_a-findfp.o)
                0x00004204                __sfp_lock_acquire
                0x00004208                __sfp_lock_release
                0x0000420c                __sinit_lock_acquire
                0x00004210                __sinit_lock_release
                0x00004214                __sinit
                0x000042c8                __fp_unlock_all
                0x000042e0                __fp_lock_all
                0x000042f8                _cleanup_r
                0x00004304                _cleanup
                0x00004314                __sfmoreglue
                0x000043b0                __sfp
 .text          0x000044a0      0x180 c:/altera/12.0sp2/nios2eds/bin/gnu/h-i686-mingw32/bin/../lib/gcc/nios2-elf/4.1.2/../../../../nios2-elf/lib/mno-hw-mul\libc.a(lib_a-fwalk.o)
                0x000044a0                _fwalk_reent
                0x00004568                _fwalk
 .text          0x00004620      0x194 c:/altera/12.0sp2/nios2eds/bin/gnu/h-i686-mingw32/bin/../lib/gcc/nios2-elf/4.1.2/../../../../nios2-elf/lib/mno-hw-mul\libc.a(lib_a-makebuf.o)
                0x00004620                __smakebuf_r
 .text          0x000047b4       0x98 c:/altera/12.0sp2/nios2eds/bin/gnu/h-i686-mingw32/bin/../lib/gcc/nios2-elf/4.1.2/../../../../nios2-elf/lib/mno-hw-mul\libc.a(lib_a-memset.o)
                0x000047b4                memset
 .text          0x0000484c      0x14c c:/altera/12.0sp2/nios2eds/bin/gnu/h-i686-mingw32/bin/../lib/gcc/nios2-elf/4.1.2/../../../../nios2-elf/lib/mno-hw-mul\libc.a(lib_a-stdio.o)
                0x0000484c                __sclose
                0x00004854                __sseek
                0x000048bc                __swrite
                0x00004938                __sread
 .text          0x00004998       0x78 c:/altera/12.0sp2/nios2eds/bin/gnu/h-i686-mingw32/bin/../lib/gcc/nios2-elf/4.1.2/../../../../nios2-elf/lib/mno-hw-mul\libc.a(lib_a-writer.o)
                0x00004998                _write_r
 .text          0x00004a10       0x70 c:/altera/12.0sp2/nios2eds/bin/gnu/h-i686-mingw32/bin/../lib/gcc/nios2-elf/4.1.2/../../../../nios2-elf/lib/mno-hw-mul\libc.a(lib_a-closer.o)
                0x00004a10                _close_r
 .text          0x00004a80      0x124 c:/altera/12.0sp2/nios2eds/bin/gnu/h-i686-mingw32/bin/../lib/gcc/nios2-elf/4.1.2/../../../../nios2-elf/lib/mno-hw-mul\libc.a(lib_a-fclose.o)
                0x00004a80                _fclose_r
                0x00004b90                fclose
 .text          0x00004ba4       0x74 c:/altera/12.0sp2/nios2eds/bin/gnu/h-i686-mingw32/bin/../lib/gcc/nios2-elf/4.1.2/../../../../nios2-elf/lib/mno-hw-mul\libc.a(lib_a-fstatr.o)
                0x00004ba4                _fstat_r
 .text          0x00004c18       0x70 c:/altera/12.0sp2/nios2eds/bin/gnu/h-i686-mingw32/bin/../lib/gcc/nios2-elf/4.1.2/../../../../nios2-elf/lib/mno-hw-mul\libc.a(lib_a-isattyr.o)
                0x00004c18                _isatty_r
 .text          0x00004c88       0x78 c:/altera/12.0sp2/nios2eds/bin/gnu/h-i686-mingw32/bin/../lib/gcc/nios2-elf/4.1.2/../../../../nios2-elf/lib/mno-hw-mul\libc.a(lib_a-lseekr.o)
                0x00004c88                _lseek_r
 .text          0x00004d00       0x78 c:/altera/12.0sp2/nios2eds/bin/gnu/h-i686-mingw32/bin/../lib/gcc/nios2-elf/4.1.2/../../../../nios2-elf/lib/mno-hw-mul\libc.a(lib_a-readr.o)
                0x00004d00                _read_r
 .text          0x00004d78       0x60 C:/Users/Rees/Documents/GitHub/uOS/project2-thread-scheduler_bsp/\libhal_bsp.a(alt_exit.o)
                0x00004db8                _exit
 .text          0x00004dd8      0x138 C:/Users/Rees/Documents/GitHub/uOS/project2-thread-scheduler_bsp/\libhal_bsp.a(alt_fstat.o)
                0x00004dd8                fstat
 .text          0x00004f10      0x124 C:/Users/Rees/Documents/GitHub/uOS/project2-thread-scheduler_bsp/\libhal_bsp.a(alt_isatty.o)
                0x00004f10                isatty
 .text          0x00005034      0x154 C:/Users/Rees/Documents/GitHub/uOS/project2-thread-scheduler_bsp/\libhal_bsp.a(alt_lseek.o)
                0x00005034                lseek
 .text          0x00005188      0x184 C:/Users/Rees/Documents/GitHub/uOS/project2-thread-scheduler_bsp/\libhal_bsp.a(alt_read.o)
                0x00005188                read
 .text          0x0000530c      0x184 C:/Users/Rees/Documents/GitHub/uOS/project2-thread-scheduler_bsp/\libhal_bsp.a(alt_write.o)
                0x0000530c                write
 *(.gnu.warning.*)
 *(.fini)
                0x00005490                PROVIDE (__etext, ABSOLUTE (.))
                0x00005490                PROVIDE (_etext, ABSOLUTE (.))
                0x00005490                PROVIDE (etext, ABSOLUTE (.))
 *(.eh_frame_hdr)
                0x00005490                . = ALIGN (0x4)
                0x00005490                PROVIDE (__preinit_array_start, ABSOLUTE (.))
 *(.preinit_array)
                0x00005490                PROVIDE (__preinit_array_end, ABSOLUTE (.))
                0x00005490                PROVIDE (__init_array_start, ABSOLUTE (.))
 *(.init_array)
                0x00005490                PROVIDE (__init_array_end, ABSOLUTE (.))
                0x00005490                PROVIDE (__fini_array_start, ABSOLUTE (.))
 *(.fini_array)
                0x00005490                PROVIDE (__fini_array_end, ABSOLUTE (.))
 *(.eh_frame)
 *(.gcc_except_table)
 *(.dynamic)
                0x00005490                PROVIDE (__CTOR_LIST__, ABSOLUTE (.))
 *(.ctors)
 *(SORT(.ctors.*))
 .ctors.65535   0x00005490        0x4 c:/altera/12.0sp2/nios2eds/bin/gnu/h-i686-mingw32/bin/../lib/gcc/nios2-elf/4.1.2/../../../../nios2-elf/lib/mno-hw-mul\libc.a(lib_a-__call_atexit.o)
                0x00005494                PROVIDE (__CTOR_END__, ABSOLUTE (.))
                0x00005494                PROVIDE (__DTOR_LIST__, ABSOLUTE (.))
 *(.dtors)
 *(SORT(.dtors.*))
                0x00005494                PROVIDE (__DTOR_END__, ABSOLUTE (.))
 *(.jcr)
                0x00005494                . = ALIGN (0x4)

.rodata         0x00005494       0xb4
                0x00005494                PROVIDE (__ram_rodata_start, ABSOLUTE (.))
                0x00005494                . = ALIGN (0x4)
 *(.rodata .rodata.* .gnu.linkonce.r.*)
 .rodata        0x00005494       0x84 obj/default/main.o
 .rodata.str1.4
                0x00005518        0x4 c:/altera/12.0sp2/nios2eds/bin/gnu/h-i686-mingw32/bin/../lib/gcc/nios2-elf/4.1.2/../../../../nios2-elf/lib/mno-hw-mul\libc.a(lib_a-impure.o)
 .rodata        0x0000551c       0x10 C:/Users/Rees/Documents/GitHub/uOS/project2-thread-scheduler_bsp/\libhal_bsp.a(alt_main.o)
 .rodata        0x0000552c       0x10 C:/Users/Rees/Documents/GitHub/uOS/project2-thread-scheduler_bsp/\libhal_bsp.a(alt_sys_init.o)
 .rodata        0x0000553c        0xc C:/Users/Rees/Documents/GitHub/uOS/project2-thread-scheduler_bsp/\libhal_bsp.a(alt_dev.o)
 *(.rodata1)
                0x00005548                . = ALIGN (0x4)
                0x00005548                PROVIDE (__ram_rodata_end, ABSOLUTE (.))
                0x00005494                PROVIDE (__flash_rodata_start, LOADADDR (.rodata))

.rwdata         0x00005548     0x1a48 load address 0x00006f90
                0x00005548                PROVIDE (__ram_rwdata_start, ABSOLUTE (.))
                0x00005548                . = ALIGN (0x4)
 *(.got.plt)
 *(.got)
 *(.data1)
 *(.data .data.* .gnu.linkonce.d.*)
 .data          0x00005548        0x0 C:/Users/Rees/Documents/GitHub/uOS/project2-thread-scheduler_bsp//obj/HAL/src/crt0.o
 .data          0x00005548        0x0 obj/default/main.o
 .data          0x00005548        0x0 c:/altera/12.0sp2/nios2eds/bin/gnu/h-i686-mingw32/bin/../lib/gcc/nios2-elf/4.1.2/mno-hw-mul\libgcc.a(lib2-divmod.o)
 .data          0x00005548        0x0 c:/altera/12.0sp2/nios2eds/bin/gnu/h-i686-mingw32/bin/../lib/gcc/nios2-elf/4.1.2/mno-hw-mul\libgcc.a(lib2-mul.o)
 .data          0x00005548        0x0 c:/altera/12.0sp2/nios2eds/bin/gnu/h-i686-mingw32/bin/../lib/gcc/nios2-elf/4.1.2/../../../../nios2-elf/lib/mno-hw-mul\libc.a(lib_a-malloc.o)
 .data          0x00005548      0x408 c:/altera/12.0sp2/nios2eds/bin/gnu/h-i686-mingw32/bin/../lib/gcc/nios2-elf/4.1.2/../../../../nios2-elf/lib/mno-hw-mul\libc.a(lib_a-mallocr.o)
                0x00005548                __malloc_av_
 .data          0x00005950        0x0 c:/altera/12.0sp2/nios2eds/bin/gnu/h-i686-mingw32/bin/../lib/gcc/nios2-elf/4.1.2/../../../../nios2-elf/lib/mno-hw-mul\libc.a(lib_a-sbrkr.o)
 .data          0x00005950        0x0 c:/altera/12.0sp2/nios2eds/bin/gnu/h-i686-mingw32/bin/../lib/gcc/nios2-elf/4.1.2/../../../../nios2-elf/lib/mno-hw-mul\libc.a(lib_a-freer.o)
 .data          0x00005950      0x400 c:/altera/12.0sp2/nios2eds/bin/gnu/h-i686-mingw32/bin/../lib/gcc/nios2-elf/4.1.2/../../../../nios2-elf/lib/mno-hw-mul\libc.a(lib_a-impure.o)
 .data          0x00005d50        0x0 c:/altera/12.0sp2/nios2eds/bin/gnu/h-i686-mingw32/bin/../lib/gcc/nios2-elf/4.1.2/../../../../nios2-elf/lib/mno-hw-mul\libc.a(lib_a-int_errno.o)
 .data          0x00005d50        0x0 C:/Users/Rees/Documents/GitHub/uOS/project2-thread-scheduler_bsp/\libhal_bsp.a(alt_alarm_start.o)
 .data          0x00005d50        0x0 C:/Users/Rees/Documents/GitHub/uOS/project2-thread-scheduler_bsp/\libhal_bsp.a(alt_load.o)
 .data          0x00005d50        0x0 C:/Users/Rees/Documents/GitHub/uOS/project2-thread-scheduler_bsp/\libhal_bsp.a(alt_main.o)
 .data          0x00005d50        0x0 C:/Users/Rees/Documents/GitHub/uOS/project2-thread-scheduler_bsp/\libhal_bsp.a(alt_malloc_lock.o)
 .data          0x00005d50        0x0 C:/Users/Rees/Documents/GitHub/uOS/project2-thread-scheduler_bsp/\libhal_bsp.a(alt_printf.o)
 .data          0x00005d50        0x0 C:/Users/Rees/Documents/GitHub/uOS/project2-thread-scheduler_bsp/\libhal_bsp.a(alt_putchar.o)
 .data          0x00005d50        0x0 C:/Users/Rees/Documents/GitHub/uOS/project2-thread-scheduler_bsp/\libhal_bsp.a(alt_sbrk.o)
 .data          0x00005d50        0x0 C:/Users/Rees/Documents/GitHub/uOS/project2-thread-scheduler_bsp/\libhal_bsp.a(alt_tick.o)
 .data          0x00005d50     0x1060 C:/Users/Rees/Documents/GitHub/uOS/project2-thread-scheduler_bsp/\libhal_bsp.a(alt_sys_init.o)
 .data          0x00006db0        0x0 C:/Users/Rees/Documents/GitHub/uOS/project2-thread-scheduler_bsp/\libhal_bsp.a(altera_avalon_jtag_uart_fd.o)
 .data          0x00006db0        0x0 C:/Users/Rees/Documents/GitHub/uOS/project2-thread-scheduler_bsp/\libhal_bsp.a(altera_avalon_jtag_uart_init.o)
 .data          0x00006db0        0x0 C:/Users/Rees/Documents/GitHub/uOS/project2-thread-scheduler_bsp/\libhal_bsp.a(altera_avalon_jtag_uart_ioctl.o)
 .data          0x00006db0        0x0 C:/Users/Rees/Documents/GitHub/uOS/project2-thread-scheduler_bsp/\libhal_bsp.a(altera_avalon_jtag_uart_read.o)
 .data          0x00006db0        0x0 C:/Users/Rees/Documents/GitHub/uOS/project2-thread-scheduler_bsp/\libhal_bsp.a(altera_avalon_jtag_uart_write.o)
 .data          0x00006db0        0x0 C:/Users/Rees/Documents/GitHub/uOS/project2-thread-scheduler_bsp/\libhal_bsp.a(altera_avalon_timer_sc.o)
 .data          0x00006db0        0x0 C:/Users/Rees/Documents/GitHub/uOS/project2-thread-scheduler_bsp/\libhal_bsp.a(alt_close.o)
 .data          0x00006db0        0x0 C:/Users/Rees/Documents/GitHub/uOS/project2-thread-scheduler_bsp/\libhal_bsp.a(alt_dcache_flush_all.o)
 .data          0x00006db0      0x1a8 C:/Users/Rees/Documents/GitHub/uOS/project2-thread-scheduler_bsp/\libhal_bsp.a(alt_dev.o)
                0x00006db0                alt_dev_null
                0x00006dd8                alt_fd_list
 .data          0x00006f58        0x0 C:/Users/Rees/Documents/GitHub/uOS/project2-thread-scheduler_bsp/\libhal_bsp.a(alt_dev_llist_insert.o)
 .data          0x00006f58        0x0 C:/Users/Rees/Documents/GitHub/uOS/project2-thread-scheduler_bsp/\libhal_bsp.a(alt_do_ctors.o)
 .data          0x00006f58        0x0 C:/Users/Rees/Documents/GitHub/uOS/project2-thread-scheduler_bsp/\libhal_bsp.a(alt_do_dtors.o)
 .data          0x00006f58        0x0 C:/Users/Rees/Documents/GitHub/uOS/project2-thread-scheduler_bsp/\libhal_bsp.a(alt_errno.o)
 .data          0x00006f58        0x0 C:/Users/Rees/Documents/GitHub/uOS/project2-thread-scheduler_bsp/\libhal_bsp.a(alt_icache_flush_all.o)
 .data          0x00006f58        0x0 C:/Users/Rees/Documents/GitHub/uOS/project2-thread-scheduler_bsp/\libhal_bsp.a(alt_iic.o)
 .data          0x00006f58        0x0 C:/Users/Rees/Documents/GitHub/uOS/project2-thread-scheduler_bsp/\libhal_bsp.a(alt_iic_isr_register.o)
 .data          0x00006f58        0x0 C:/Users/Rees/Documents/GitHub/uOS/project2-thread-scheduler_bsp/\libhal_bsp.a(alt_io_redirect.o)
 .data          0x00006f58        0x0 C:/Users/Rees/Documents/GitHub/uOS/project2-thread-scheduler_bsp/\libhal_bsp.a(alt_irq_entry.o)
 .data          0x00006f58        0x0 C:/Users/Rees/Documents/GitHub/uOS/project2-thread-scheduler_bsp/\libhal_bsp.a(alt_irq_handler.o)
 .data          0x00006f58        0x0 C:/Users/Rees/Documents/GitHub/uOS/project2-thread-scheduler_bsp/\libhal_bsp.a(alt_irq_vars.o)
 .data          0x00006f58        0x0 C:/Users/Rees/Documents/GitHub/uOS/project2-thread-scheduler_bsp/\libhal_bsp.a(alt_open.o)
 .data          0x00006f58        0x0 C:/Users/Rees/Documents/GitHub/uOS/project2-thread-scheduler_bsp/\libhal_bsp.a(alt_release_fd.o)
 .data          0x00006f58        0x0 C:/Users/Rees/Documents/GitHub/uOS/project2-thread-scheduler_bsp/\libhal_bsp.a(altera_nios2_irq.o)
 .data          0x00006f58        0x0 C:/Users/Rees/Documents/GitHub/uOS/project2-thread-scheduler_bsp/\libhal_bsp.a(alt_exception_entry.o)
 .data          0x00006f58        0x0 C:/Users/Rees/Documents/GitHub/uOS/project2-thread-scheduler_bsp/\libhal_bsp.a(alt_find_dev.o)
 .data          0x00006f58        0x0 C:/Users/Rees/Documents/GitHub/uOS/project2-thread-scheduler_bsp/\libhal_bsp.a(alt_find_file.o)
 .data          0x00006f58        0x0 C:/Users/Rees/Documents/GitHub/uOS/project2-thread-scheduler_bsp/\libhal_bsp.a(alt_get_fd.o)
 .data          0x00006f58        0x0 c:/altera/12.0sp2/nios2eds/bin/gnu/h-i686-mingw32/bin/../lib/gcc/nios2-elf/4.1.2/../../../../nios2-elf/lib/mno-hw-mul\libc.a(lib_a-atexit.o)
 .data          0x00006f58        0x0 c:/altera/12.0sp2/nios2eds/bin/gnu/h-i686-mingw32/bin/../lib/gcc/nios2-elf/4.1.2/../../../../nios2-elf/lib/mno-hw-mul\libc.a(lib_a-exit.o)
 .data          0x00006f58        0x0 c:/altera/12.0sp2/nios2eds/bin/gnu/h-i686-mingw32/bin/../lib/gcc/nios2-elf/4.1.2/../../../../nios2-elf/lib/mno-hw-mul\libc.a(lib_a-memcmp.o)
 .data          0x00006f58        0x0 c:/altera/12.0sp2/nios2eds/bin/gnu/h-i686-mingw32/bin/../lib/gcc/nios2-elf/4.1.2/../../../../nios2-elf/lib/mno-hw-mul\libc.a(lib_a-memcpy.o)
 .data          0x00006f58        0x0 c:/altera/12.0sp2/nios2eds/bin/gnu/h-i686-mingw32/bin/../lib/gcc/nios2-elf/4.1.2/../../../../nios2-elf/lib/mno-hw-mul\libc.a(lib_a-putc.o)
 .data          0x00006f58        0x0 c:/altera/12.0sp2/nios2eds/bin/gnu/h-i686-mingw32/bin/../lib/gcc/nios2-elf/4.1.2/../../../../nios2-elf/lib/mno-hw-mul\libc.a(lib_a-strlen.o)
 .data          0x00006f58        0x0 c:/altera/12.0sp2/nios2eds/bin/gnu/h-i686-mingw32/bin/../lib/gcc/nios2-elf/4.1.2/../../../../nios2-elf/lib/mno-hw-mul\libc.a(lib_a-wbuf.o)
 .data          0x00006f58        0x0 c:/altera/12.0sp2/nios2eds/bin/gnu/h-i686-mingw32/bin/../lib/gcc/nios2-elf/4.1.2/../../../../nios2-elf/lib/mno-hw-mul\libc.a(lib_a-wsetup.o)
 .data          0x00006f58        0x0 c:/altera/12.0sp2/nios2eds/bin/gnu/h-i686-mingw32/bin/../lib/gcc/nios2-elf/4.1.2/../../../../nios2-elf/lib/mno-hw-mul\libc.a(lib_a-__atexit.o)
 .data          0x00006f58        0x0 c:/altera/12.0sp2/nios2eds/bin/gnu/h-i686-mingw32/bin/../lib/gcc/nios2-elf/4.1.2/../../../../nios2-elf/lib/mno-hw-mul\libc.a(lib_a-__call_atexit.o)
 .data          0x00006f58        0x0 c:/altera/12.0sp2/nios2eds/bin/gnu/h-i686-mingw32/bin/../lib/gcc/nios2-elf/4.1.2/../../../../nios2-elf/lib/mno-hw-mul\libc.a(lib_a-fflush.o)
 .data          0x00006f58        0x0 c:/altera/12.0sp2/nios2eds/bin/gnu/h-i686-mingw32/bin/../lib/gcc/nios2-elf/4.1.2/../../../../nios2-elf/lib/mno-hw-mul\libc.a(lib_a-findfp.o)
 .data          0x00006f58        0x0 c:/altera/12.0sp2/nios2eds/bin/gnu/h-i686-mingw32/bin/../lib/gcc/nios2-elf/4.1.2/../../../../nios2-elf/lib/mno-hw-mul\libc.a(lib_a-fwalk.o)
 .data          0x00006f58        0x0 c:/altera/12.0sp2/nios2eds/bin/gnu/h-i686-mingw32/bin/../lib/gcc/nios2-elf/4.1.2/../../../../nios2-elf/lib/mno-hw-mul\libc.a(lib_a-makebuf.o)
 .data          0x00006f58        0x0 c:/altera/12.0sp2/nios2eds/bin/gnu/h-i686-mingw32/bin/../lib/gcc/nios2-elf/4.1.2/../../../../nios2-elf/lib/mno-hw-mul\libc.a(lib_a-memset.o)
 .data          0x00006f58        0x0 c:/altera/12.0sp2/nios2eds/bin/gnu/h-i686-mingw32/bin/../lib/gcc/nios2-elf/4.1.2/../../../../nios2-elf/lib/mno-hw-mul\libc.a(lib_a-stdio.o)
 .data          0x00006f58        0x0 c:/altera/12.0sp2/nios2eds/bin/gnu/h-i686-mingw32/bin/../lib/gcc/nios2-elf/4.1.2/../../../../nios2-elf/lib/mno-hw-mul\libc.a(lib_a-writer.o)
 .data          0x00006f58        0x0 c:/altera/12.0sp2/nios2eds/bin/gnu/h-i686-mingw32/bin/../lib/gcc/nios2-elf/4.1.2/../../../../nios2-elf/lib/mno-hw-mul\libc.a(lib_a-closer.o)
 .data          0x00006f58        0x0 c:/altera/12.0sp2/nios2eds/bin/gnu/h-i686-mingw32/bin/../lib/gcc/nios2-elf/4.1.2/../../../../nios2-elf/lib/mno-hw-mul\libc.a(lib_a-fclose.o)
 .data          0x00006f58        0x0 c:/altera/12.0sp2/nios2eds/bin/gnu/h-i686-mingw32/bin/../lib/gcc/nios2-elf/4.1.2/../../../../nios2-elf/lib/mno-hw-mul\libc.a(lib_a-fstatr.o)
 .data          0x00006f58        0x0 c:/altera/12.0sp2/nios2eds/bin/gnu/h-i686-mingw32/bin/../lib/gcc/nios2-elf/4.1.2/../../../../nios2-elf/lib/mno-hw-mul\libc.a(lib_a-isattyr.o)
 .data          0x00006f58        0x0 c:/altera/12.0sp2/nios2eds/bin/gnu/h-i686-mingw32/bin/../lib/gcc/nios2-elf/4.1.2/../../../../nios2-elf/lib/mno-hw-mul\libc.a(lib_a-lseekr.o)
 .data          0x00006f58        0x0 c:/altera/12.0sp2/nios2eds/bin/gnu/h-i686-mingw32/bin/../lib/gcc/nios2-elf/4.1.2/../../../../nios2-elf/lib/mno-hw-mul\libc.a(lib_a-readr.o)
 .data          0x00006f58        0x0 C:/Users/Rees/Documents/GitHub/uOS/project2-thread-scheduler_bsp/\libhal_bsp.a(alt_exit.o)
 .data          0x00006f58        0x0 C:/Users/Rees/Documents/GitHub/uOS/project2-thread-scheduler_bsp/\libhal_bsp.a(alt_fstat.o)
 .data          0x00006f58        0x0 C:/Users/Rees/Documents/GitHub/uOS/project2-thread-scheduler_bsp/\libhal_bsp.a(alt_isatty.o)
 .data          0x00006f58        0x0 C:/Users/Rees/Documents/GitHub/uOS/project2-thread-scheduler_bsp/\libhal_bsp.a(alt_lseek.o)
 .data          0x00006f58        0x0 C:/Users/Rees/Documents/GitHub/uOS/project2-thread-scheduler_bsp/\libhal_bsp.a(alt_read.o)
 .data          0x00006f58        0x0 C:/Users/Rees/Documents/GitHub/uOS/project2-thread-scheduler_bsp/\libhal_bsp.a(alt_write.o)
                0x0000ef58                _gp = ABSOLUTE ((. + 0x8000))
                0x0000ef58                PROVIDE (gp, _gp)
 *(.rwdata .rwdata.*)
 *(.sdata .sdata.* .gnu.linkonce.s.*)
 .sdata         0x00006f58        0x8 c:/altera/12.0sp2/nios2eds/bin/gnu/h-i686-mingw32/bin/../lib/gcc/nios2-elf/4.1.2/../../../../nios2-elf/lib/mno-hw-mul\libc.a(lib_a-mallocr.o)
                0x00006f58                __malloc_trim_threshold
                0x00006f5c                __malloc_sbrk_base
 .sdata         0x00006f60        0x8 c:/altera/12.0sp2/nios2eds/bin/gnu/h-i686-mingw32/bin/../lib/gcc/nios2-elf/4.1.2/../../../../nios2-elf/lib/mno-hw-mul\libc.a(lib_a-impure.o)
                0x00006f60                _impure_ptr
                0x00006f64                _global_impure_ptr
 .sdata         0x00006f68        0x4 C:/Users/Rees/Documents/GitHub/uOS/project2-thread-scheduler_bsp/\libhal_bsp.a(alt_sbrk.o)
 .sdata         0x00006f6c        0x8 C:/Users/Rees/Documents/GitHub/uOS/project2-thread-scheduler_bsp/\libhal_bsp.a(alt_tick.o)
                0x00006f6c                alt_alarm_list
 .sdata         0x00006f74       0x14 C:/Users/Rees/Documents/GitHub/uOS/project2-thread-scheduler_bsp/\libhal_bsp.a(alt_dev.o)
                0x00006f74                alt_fs_list
                0x00006f7c                alt_dev_list
                0x00006f84                alt_max_fd
 .sdata         0x00006f88        0x4 C:/Users/Rees/Documents/GitHub/uOS/project2-thread-scheduler_bsp/\libhal_bsp.a(alt_errno.o)
                0x00006f88                alt_errno
 .sdata         0x00006f8c        0x4 C:/Users/Rees/Documents/GitHub/uOS/project2-thread-scheduler_bsp/\libhal_bsp.a(alt_irq_vars.o)
                0x00006f8c                alt_priority_mask
 *(.sdata2 .sdata2.* .gnu.linkonce.s2.*)
                0x00006f90                . = ALIGN (0x4)
                0x00006f90                _edata = ABSOLUTE (.)
                0x00006f90                PROVIDE (edata, ABSOLUTE (.))
                0x00006f90                PROVIDE (__ram_rwdata_end, ABSOLUTE (.))
                0x00006f90                PROVIDE (__flash_rwdata_start, LOADADDR (.rwdata))

.bss            0x000089d8      0x32c
                0x000089d8                __bss_start = ABSOLUTE (.)
                0x000089d8                PROVIDE (__sbss_start, ABSOLUTE (.))
                0x000089d8                PROVIDE (___sbss_start, ABSOLUTE (.))
 *(.dynsbss)
 *(.sbss .sbss.* .gnu.linkonce.sb.*)
 .sbss          0x000089d8        0x4 obj/default/main.o
                0x000089d8                run_queue_count
 .sbss          0x000089dc        0xc c:/altera/12.0sp2/nios2eds/bin/gnu/h-i686-mingw32/bin/../lib/gcc/nios2-elf/4.1.2/../../../../nios2-elf/lib/mno-hw-mul\libc.a(lib_a-mallocr.o)
                0x000089dc                __malloc_top_pad
                0x000089e0                __malloc_max_sbrked_mem
                0x000089e4                __malloc_max_total_mem
 .sbss          0x000089e8        0x4 c:/altera/12.0sp2/nios2eds/bin/gnu/h-i686-mingw32/bin/../lib/gcc/nios2-elf/4.1.2/../../../../nios2-elf/lib/mno-hw-mul\libc.a(lib_a-int_errno.o)
                0x000089e8                errno
 .sbss          0x000089ec        0xc C:/Users/Rees/Documents/GitHub/uOS/project2-thread-scheduler_bsp/\libhal_bsp.a(alt_main.o)
                0x000089ec                alt_argc
                0x000089f0                alt_argv
                0x000089f4                alt_envp
 .sbss          0x000089f8        0x8 C:/Users/Rees/Documents/GitHub/uOS/project2-thread-scheduler_bsp/\libhal_bsp.a(alt_tick.o)
                0x000089f8                _alt_tick_rate
                0x000089fc                _alt_nticks
 .sbss          0x00008a00        0x4 C:/Users/Rees/Documents/GitHub/uOS/project2-thread-scheduler_bsp/\libhal_bsp.a(alt_irq_vars.o)
                0x00008a00                alt_irq_active
 *(.sbss2 .sbss2.* .gnu.linkonce.sb2.*)
 *(.scommon)
                0x00008a04                PROVIDE (__sbss_end, ABSOLUTE (.))
                0x00008a04                PROVIDE (___sbss_end, ABSOLUTE (.))
 *(.dynbss)
 *(.bss .bss.* .gnu.linkonce.b.*)
 .bss           0x00008a04        0x0 C:/Users/Rees/Documents/GitHub/uOS/project2-thread-scheduler_bsp//obj/HAL/src/crt0.o
 .bss           0x00008a04        0x0 obj/default/main.o
 .bss           0x00008a04        0x0 c:/altera/12.0sp2/nios2eds/bin/gnu/h-i686-mingw32/bin/../lib/gcc/nios2-elf/4.1.2/mno-hw-mul\libgcc.a(lib2-divmod.o)
 .bss           0x00008a04        0x0 c:/altera/12.0sp2/nios2eds/bin/gnu/h-i686-mingw32/bin/../lib/gcc/nios2-elf/4.1.2/mno-hw-mul\libgcc.a(lib2-mul.o)
 .bss           0x00008a04        0x0 c:/altera/12.0sp2/nios2eds/bin/gnu/h-i686-mingw32/bin/../lib/gcc/nios2-elf/4.1.2/../../../../nios2-elf/lib/mno-hw-mul\libc.a(lib_a-malloc.o)
 .bss           0x00008a04       0x28 c:/altera/12.0sp2/nios2eds/bin/gnu/h-i686-mingw32/bin/../lib/gcc/nios2-elf/4.1.2/../../../../nios2-elf/lib/mno-hw-mul\libc.a(lib_a-mallocr.o)
                0x00008a04                __malloc_current_mallinfo
 .bss           0x00008a2c        0x0 c:/altera/12.0sp2/nios2eds/bin/gnu/h-i686-mingw32/bin/../lib/gcc/nios2-elf/4.1.2/../../../../nios2-elf/lib/mno-hw-mul\libc.a(lib_a-sbrkr.o)
 .bss           0x00008a2c        0x0 c:/altera/12.0sp2/nios2eds/bin/gnu/h-i686-mingw32/bin/../lib/gcc/nios2-elf/4.1.2/../../../../nios2-elf/lib/mno-hw-mul\libc.a(lib_a-freer.o)
 .bss           0x00008a2c        0x0 c:/altera/12.0sp2/nios2eds/bin/gnu/h-i686-mingw32/bin/../lib/gcc/nios2-elf/4.1.2/../../../../nios2-elf/lib/mno-hw-mul\libc.a(lib_a-impure.o)
 .bss           0x00008a2c        0x0 c:/altera/12.0sp2/nios2eds/bin/gnu/h-i686-mingw32/bin/../lib/gcc/nios2-elf/4.1.2/../../../../nios2-elf/lib/mno-hw-mul\libc.a(lib_a-int_errno.o)
 .bss           0x00008a2c        0x0 C:/Users/Rees/Documents/GitHub/uOS/project2-thread-scheduler_bsp/\libhal_bsp.a(alt_alarm_start.o)
 .bss           0x00008a2c        0x0 C:/Users/Rees/Documents/GitHub/uOS/project2-thread-scheduler_bsp/\libhal_bsp.a(alt_load.o)
 .bss           0x00008a2c        0x0 C:/Users/Rees/Documents/GitHub/uOS/project2-thread-scheduler_bsp/\libhal_bsp.a(alt_main.o)
 .bss           0x00008a2c        0x0 C:/Users/Rees/Documents/GitHub/uOS/project2-thread-scheduler_bsp/\libhal_bsp.a(alt_malloc_lock.o)
 .bss           0x00008a2c        0x0 C:/Users/Rees/Documents/GitHub/uOS/project2-thread-scheduler_bsp/\libhal_bsp.a(alt_printf.o)
 .bss           0x00008a2c        0x0 C:/Users/Rees/Documents/GitHub/uOS/project2-thread-scheduler_bsp/\libhal_bsp.a(alt_putchar.o)
 .bss           0x00008a2c        0x0 C:/Users/Rees/Documents/GitHub/uOS/project2-thread-scheduler_bsp/\libhal_bsp.a(alt_sbrk.o)
 .bss           0x00008a2c        0x0 C:/Users/Rees/Documents/GitHub/uOS/project2-thread-scheduler_bsp/\libhal_bsp.a(alt_tick.o)
 .bss           0x00008a2c        0x0 C:/Users/Rees/Documents/GitHub/uOS/project2-thread-scheduler_bsp/\libhal_bsp.a(alt_sys_init.o)
 .bss           0x00008a2c        0x0 C:/Users/Rees/Documents/GitHub/uOS/project2-thread-scheduler_bsp/\libhal_bsp.a(altera_avalon_jtag_uart_fd.o)
 .bss           0x00008a2c        0x0 C:/Users/Rees/Documents/GitHub/uOS/project2-thread-scheduler_bsp/\libhal_bsp.a(altera_avalon_jtag_uart_init.o)
 .bss           0x00008a2c        0x0 C:/Users/Rees/Documents/GitHub/uOS/project2-thread-scheduler_bsp/\libhal_bsp.a(altera_avalon_jtag_uart_ioctl.o)
 .bss           0x00008a2c        0x0 C:/Users/Rees/Documents/GitHub/uOS/project2-thread-scheduler_bsp/\libhal_bsp.a(altera_avalon_jtag_uart_read.o)
 .bss           0x00008a2c        0x0 C:/Users/Rees/Documents/GitHub/uOS/project2-thread-scheduler_bsp/\libhal_bsp.a(altera_avalon_jtag_uart_write.o)
 .bss           0x00008a2c        0x0 C:/Users/Rees/Documents/GitHub/uOS/project2-thread-scheduler_bsp/\libhal_bsp.a(altera_avalon_timer_sc.o)
 .bss           0x00008a2c        0x0 C:/Users/Rees/Documents/GitHub/uOS/project2-thread-scheduler_bsp/\libhal_bsp.a(alt_close.o)
 .bss           0x00008a2c        0x0 C:/Users/Rees/Documents/GitHub/uOS/project2-thread-scheduler_bsp/\libhal_bsp.a(alt_dcache_flush_all.o)
 .bss           0x00008a2c        0x0 C:/Users/Rees/Documents/GitHub/uOS/project2-thread-scheduler_bsp/\libhal_bsp.a(alt_dev.o)
 .bss           0x00008a2c        0x0 C:/Users/Rees/Documents/GitHub/uOS/project2-thread-scheduler_bsp/\libhal_bsp.a(alt_dev_llist_insert.o)
 .bss           0x00008a2c        0x0 C:/Users/Rees/Documents/GitHub/uOS/project2-thread-scheduler_bsp/\libhal_bsp.a(alt_do_ctors.o)
 .bss           0x00008a2c        0x0 C:/Users/Rees/Documents/GitHub/uOS/project2-thread-scheduler_bsp/\libhal_bsp.a(alt_do_dtors.o)
 .bss           0x00008a2c        0x0 C:/Users/Rees/Documents/GitHub/uOS/project2-thread-scheduler_bsp/\libhal_bsp.a(alt_errno.o)
 .bss           0x00008a2c        0x0 C:/Users/Rees/Documents/GitHub/uOS/project2-thread-scheduler_bsp/\libhal_bsp.a(alt_icache_flush_all.o)
 .bss           0x00008a2c        0x0 C:/Users/Rees/Documents/GitHub/uOS/project2-thread-scheduler_bsp/\libhal_bsp.a(alt_iic.o)
 .bss           0x00008a2c        0x0 C:/Users/Rees/Documents/GitHub/uOS/project2-thread-scheduler_bsp/\libhal_bsp.a(alt_iic_isr_register.o)
 .bss           0x00008a2c        0x0 C:/Users/Rees/Documents/GitHub/uOS/project2-thread-scheduler_bsp/\libhal_bsp.a(alt_io_redirect.o)
 .bss           0x00008a2c        0x0 C:/Users/Rees/Documents/GitHub/uOS/project2-thread-scheduler_bsp/\libhal_bsp.a(alt_irq_entry.o)
 .bss           0x00008a2c        0x0 C:/Users/Rees/Documents/GitHub/uOS/project2-thread-scheduler_bsp/\libhal_bsp.a(alt_irq_handler.o)
 .bss           0x00008a2c        0x0 C:/Users/Rees/Documents/GitHub/uOS/project2-thread-scheduler_bsp/\libhal_bsp.a(alt_irq_vars.o)
 .bss           0x00008a2c        0x0 C:/Users/Rees/Documents/GitHub/uOS/project2-thread-scheduler_bsp/\libhal_bsp.a(alt_open.o)
 .bss           0x00008a2c        0x0 C:/Users/Rees/Documents/GitHub/uOS/project2-thread-scheduler_bsp/\libhal_bsp.a(alt_release_fd.o)
 .bss           0x00008a2c        0x0 C:/Users/Rees/Documents/GitHub/uOS/project2-thread-scheduler_bsp/\libhal_bsp.a(altera_nios2_irq.o)
 .bss           0x00008a2c        0x0 C:/Users/Rees/Documents/GitHub/uOS/project2-thread-scheduler_bsp/\libhal_bsp.a(alt_exception_entry.o)
 .bss           0x00008a2c        0x0 C:/Users/Rees/Documents/GitHub/uOS/project2-thread-scheduler_bsp/\libhal_bsp.a(alt_find_dev.o)
 .bss           0x00008a2c        0x0 C:/Users/Rees/Documents/GitHub/uOS/project2-thread-scheduler_bsp/\libhal_bsp.a(alt_find_file.o)
 .bss           0x00008a2c        0x0 C:/Users/Rees/Documents/GitHub/uOS/project2-thread-scheduler_bsp/\libhal_bsp.a(alt_get_fd.o)
 .bss           0x00008a2c        0x0 c:/altera/12.0sp2/nios2eds/bin/gnu/h-i686-mingw32/bin/../lib/gcc/nios2-elf/4.1.2/../../../../nios2-elf/lib/mno-hw-mul\libc.a(lib_a-atexit.o)
 .bss           0x00008a2c        0x0 c:/altera/12.0sp2/nios2eds/bin/gnu/h-i686-mingw32/bin/../lib/gcc/nios2-elf/4.1.2/../../../../nios2-elf/lib/mno-hw-mul\libc.a(lib_a-exit.o)
 .bss           0x00008a2c        0x0 c:/altera/12.0sp2/nios2eds/bin/gnu/h-i686-mingw32/bin/../lib/gcc/nios2-elf/4.1.2/../../../../nios2-elf/lib/mno-hw-mul\libc.a(lib_a-memcmp.o)
 .bss           0x00008a2c        0x0 c:/altera/12.0sp2/nios2eds/bin/gnu/h-i686-mingw32/bin/../lib/gcc/nios2-elf/4.1.2/../../../../nios2-elf/lib/mno-hw-mul\libc.a(lib_a-memcpy.o)
 .bss           0x00008a2c        0x0 c:/altera/12.0sp2/nios2eds/bin/gnu/h-i686-mingw32/bin/../lib/gcc/nios2-elf/4.1.2/../../../../nios2-elf/lib/mno-hw-mul\libc.a(lib_a-putc.o)
 .bss           0x00008a2c        0x0 c:/altera/12.0sp2/nios2eds/bin/gnu/h-i686-mingw32/bin/../lib/gcc/nios2-elf/4.1.2/../../../../nios2-elf/lib/mno-hw-mul\libc.a(lib_a-strlen.o)
 .bss           0x00008a2c        0x0 c:/altera/12.0sp2/nios2eds/bin/gnu/h-i686-mingw32/bin/../lib/gcc/nios2-elf/4.1.2/../../../../nios2-elf/lib/mno-hw-mul\libc.a(lib_a-wbuf.o)
 .bss           0x00008a2c        0x0 c:/altera/12.0sp2/nios2eds/bin/gnu/h-i686-mingw32/bin/../lib/gcc/nios2-elf/4.1.2/../../../../nios2-elf/lib/mno-hw-mul\libc.a(lib_a-wsetup.o)
 .bss           0x00008a2c        0x0 c:/altera/12.0sp2/nios2eds/bin/gnu/h-i686-mingw32/bin/../lib/gcc/nios2-elf/4.1.2/../../../../nios2-elf/lib/mno-hw-mul\libc.a(lib_a-__atexit.o)
 .bss           0x00008a2c        0x0 c:/altera/12.0sp2/nios2eds/bin/gnu/h-i686-mingw32/bin/../lib/gcc/nios2-elf/4.1.2/../../../../nios2-elf/lib/mno-hw-mul\libc.a(lib_a-__call_atexit.o)
 .bss           0x00008a2c        0x0 c:/altera/12.0sp2/nios2eds/bin/gnu/h-i686-mingw32/bin/../lib/gcc/nios2-elf/4.1.2/../../../../nios2-elf/lib/mno-hw-mul\libc.a(lib_a-fflush.o)
 .bss           0x00008a2c        0x0 c:/altera/12.0sp2/nios2eds/bin/gnu/h-i686-mingw32/bin/../lib/gcc/nios2-elf/4.1.2/../../../../nios2-elf/lib/mno-hw-mul\libc.a(lib_a-findfp.o)
 .bss           0x00008a2c        0x0 c:/altera/12.0sp2/nios2eds/bin/gnu/h-i686-mingw32/bin/../lib/gcc/nios2-elf/4.1.2/../../../../nios2-elf/lib/mno-hw-mul\libc.a(lib_a-fwalk.o)
 .bss           0x00008a2c        0x0 c:/altera/12.0sp2/nios2eds/bin/gnu/h-i686-mingw32/bin/../lib/gcc/nios2-elf/4.1.2/../../../../nios2-elf/lib/mno-hw-mul\libc.a(lib_a-makebuf.o)
 .bss           0x00008a2c        0x0 c:/altera/12.0sp2/nios2eds/bin/gnu/h-i686-mingw32/bin/../lib/gcc/nios2-elf/4.1.2/../../../../nios2-elf/lib/mno-hw-mul\libc.a(lib_a-memset.o)
 .bss           0x00008a2c        0x0 c:/altera/12.0sp2/nios2eds/bin/gnu/h-i686-mingw32/bin/../lib/gcc/nios2-elf/4.1.2/../../../../nios2-elf/lib/mno-hw-mul\libc.a(lib_a-stdio.o)
 .bss           0x00008a2c        0x0 c:/altera/12.0sp2/nios2eds/bin/gnu/h-i686-mingw32/bin/../lib/gcc/nios2-elf/4.1.2/../../../../nios2-elf/lib/mno-hw-mul\libc.a(lib_a-writer.o)
 .bss           0x00008a2c        0x0 c:/altera/12.0sp2/nios2eds/bin/gnu/h-i686-mingw32/bin/../lib/gcc/nios2-elf/4.1.2/../../../../nios2-elf/lib/mno-hw-mul\libc.a(lib_a-closer.o)
 .bss           0x00008a2c        0x0 c:/altera/12.0sp2/nios2eds/bin/gnu/h-i686-mingw32/bin/../lib/gcc/nios2-elf/4.1.2/../../../../nios2-elf/lib/mno-hw-mul\libc.a(lib_a-fclose.o)
 .bss           0x00008a2c        0x0 c:/altera/12.0sp2/nios2eds/bin/gnu/h-i686-mingw32/bin/../lib/gcc/nios2-elf/4.1.2/../../../../nios2-elf/lib/mno-hw-mul\libc.a(lib_a-fstatr.o)
 .bss           0x00008a2c        0x0 c:/altera/12.0sp2/nios2eds/bin/gnu/h-i686-mingw32/bin/../lib/gcc/nios2-elf/4.1.2/../../../../nios2-elf/lib/mno-hw-mul\libc.a(lib_a-isattyr.o)
 .bss           0x00008a2c        0x0 c:/altera/12.0sp2/nios2eds/bin/gnu/h-i686-mingw32/bin/../lib/gcc/nios2-elf/4.1.2/../../../../nios2-elf/lib/mno-hw-mul\libc.a(lib_a-lseekr.o)
 .bss           0x00008a2c        0x0 c:/altera/12.0sp2/nios2eds/bin/gnu/h-i686-mingw32/bin/../lib/gcc/nios2-elf/4.1.2/../../../../nios2-elf/lib/mno-hw-mul\libc.a(lib_a-readr.o)
 .bss           0x00008a2c        0x0 C:/Users/Rees/Documents/GitHub/uOS/project2-thread-scheduler_bsp/\libhal_bsp.a(alt_exit.o)
 .bss           0x00008a2c        0x0 C:/Users/Rees/Documents/GitHub/uOS/project2-thread-scheduler_bsp/\libhal_bsp.a(alt_fstat.o)
 .bss           0x00008a2c        0x0 C:/Users/Rees/Documents/GitHub/uOS/project2-thread-scheduler_bsp/\libhal_bsp.a(alt_isatty.o)
 .bss           0x00008a2c        0x0 C:/Users/Rees/Documents/GitHub/uOS/project2-thread-scheduler_bsp/\libhal_bsp.a(alt_lseek.o)
 .bss           0x00008a2c        0x0 C:/Users/Rees/Documents/GitHub/uOS/project2-thread-scheduler_bsp/\libhal_bsp.a(alt_read.o)
 .bss           0x00008a2c        0x0 C:/Users/Rees/Documents/GitHub/uOS/project2-thread-scheduler_bsp/\libhal_bsp.a(alt_write.o)
 *(COMMON)
 COMMON         0x00008a2c       0x48 obj/default/main.o
                0x00008a2c                run_queue
                0x00008a5c                alarm
 COMMON         0x00008a74      0x100 C:/Users/Rees/Documents/GitHub/uOS/project2-thread-scheduler_bsp/\libhal_bsp.a(alt_irq_handler.o)
                0x00008a74                alt_irq
 COMMON         0x00008b74      0x190 c:/altera/12.0sp2/nios2eds/bin/gnu/h-i686-mingw32/bin/../lib/gcc/nios2-elf/4.1.2/../../../../nios2-elf/lib/mno-hw-mul\libc.a(lib_a-atexit.o)
                0x00008b74                _atexit0
                0x00008d04                . = ALIGN (0x4)
                0x00008d04                __bss_end = ABSOLUTE (.)

.SDRAM          0x00008d04        0x0
                0x00008d04                PROVIDE (_alt_partition_SDRAM_start, ABSOLUTE (.))
 *(.SDRAM. SDRAM.*)
                0x00008d04                . = ALIGN (0x4)
                0x00008d04                PROVIDE (_alt_partition_SDRAM_end, ABSOLUTE (.))
                0x00008d04                _end = ABSOLUTE (.)
                0x00008d04                end = ABSOLUTE (.)
                0x00008d04                __alt_stack_base = ABSOLUTE (.)
                0x00008d04                PROVIDE (_alt_partition_SDRAM_load_addr, LOADADDR (.SDRAM))

.SRAM           0x08000000        0x0 load address 0x00008d04
                0x08000000                PROVIDE (_alt_partition_SRAM_start, ABSOLUTE (.))
 *(.SRAM. SRAM.*)
                0x08000000                . = ALIGN (0x4)
                0x08000000                PROVIDE (_alt_partition_SRAM_end, ABSOLUTE (.))
                0x00008d04                PROVIDE (_alt_partition_SRAM_load_addr, LOADADDR (.SRAM))

.Onchip_memory  0x09000000        0x0 load address 0x00008d04
                0x09000000                PROVIDE (_alt_partition_Onchip_memory_start, ABSOLUTE (.))
 *(.Onchip_memory. Onchip_memory.*)
                0x09000000                . = ALIGN (0x4)
                0x09000000                PROVIDE (_alt_partition_Onchip_memory_end, ABSOLUTE (.))
                0x00008d04                PROVIDE (_alt_partition_Onchip_memory_load_addr, LOADADDR (.Onchip_memory))

.stab
 *(.stab)

.stabstr
 *(.stabstr)

.stab.excl
 *(.stab.excl)

.stab.exclstr
 *(.stab.exclstr)

.stab.index
 *(.stab.index)

.stab.indexstr
 *(.stab.indexstr)

.comment        0x00000000       0x26
 *(.comment)
 .comment       0x00000000       0x26 obj/default/main.o
                                 0x27 (size before relaxing)
 .comment       0x00000000       0x27 c:/altera/12.0sp2/nios2eds/bin/gnu/h-i686-mingw32/bin/../lib/gcc/nios2-elf/4.1.2/mno-hw-mul\libgcc.a(lib2-divmod.o)
 .comment       0x00000000       0x27 c:/altera/12.0sp2/nios2eds/bin/gnu/h-i686-mingw32/bin/../lib/gcc/nios2-elf/4.1.2/mno-hw-mul\libgcc.a(lib2-mul.o)
 .comment       0x00000000       0x27 c:/altera/12.0sp2/nios2eds/bin/gnu/h-i686-mingw32/bin/../lib/gcc/nios2-elf/4.1.2/../../../../nios2-elf/lib/mno-hw-mul\libc.a(lib_a-malloc.o)
 .comment       0x00000000       0x27 c:/altera/12.0sp2/nios2eds/bin/gnu/h-i686-mingw32/bin/../lib/gcc/nios2-elf/4.1.2/../../../../nios2-elf/lib/mno-hw-mul\libc.a(lib_a-mallocr.o)
 .comment       0x00000000       0x27 c:/altera/12.0sp2/nios2eds/bin/gnu/h-i686-mingw32/bin/../lib/gcc/nios2-elf/4.1.2/../../../../nios2-elf/lib/mno-hw-mul\libc.a(lib_a-sbrkr.o)
 .comment       0x00000000       0x27 c:/altera/12.0sp2/nios2eds/bin/gnu/h-i686-mingw32/bin/../lib/gcc/nios2-elf/4.1.2/../../../../nios2-elf/lib/mno-hw-mul\libc.a(lib_a-freer.o)
 .comment       0x00000000       0x27 c:/altera/12.0sp2/nios2eds/bin/gnu/h-i686-mingw32/bin/../lib/gcc/nios2-elf/4.1.2/../../../../nios2-elf/lib/mno-hw-mul\libc.a(lib_a-impure.o)
 .comment       0x00000000       0x27 c:/altera/12.0sp2/nios2eds/bin/gnu/h-i686-mingw32/bin/../lib/gcc/nios2-elf/4.1.2/../../../../nios2-elf/lib/mno-hw-mul\libc.a(lib_a-int_errno.o)
 .comment       0x00000000       0x27 C:/Users/Rees/Documents/GitHub/uOS/project2-thread-scheduler_bsp/\libhal_bsp.a(alt_alarm_start.o)
 .comment       0x00000000       0x27 C:/Users/Rees/Documents/GitHub/uOS/project2-thread-scheduler_bsp/\libhal_bsp.a(alt_load.o)
 .comment       0x00000000       0x27 C:/Users/Rees/Documents/GitHub/uOS/project2-thread-scheduler_bsp/\libhal_bsp.a(alt_main.o)
 .comment       0x00000000       0x27 C:/Users/Rees/Documents/GitHub/uOS/project2-thread-scheduler_bsp/\libhal_bsp.a(alt_malloc_lock.o)
 .comment       0x00000000       0x27 C:/Users/Rees/Documents/GitHub/uOS/project2-thread-scheduler_bsp/\libhal_bsp.a(alt_printf.o)
 .comment       0x00000000       0x27 C:/Users/Rees/Documents/GitHub/uOS/project2-thread-scheduler_bsp/\libhal_bsp.a(alt_putchar.o)
 .comment       0x00000000       0x27 C:/Users/Rees/Documents/GitHub/uOS/project2-thread-scheduler_bsp/\libhal_bsp.a(alt_sbrk.o)
 .comment       0x00000000       0x27 C:/Users/Rees/Documents/GitHub/uOS/project2-thread-scheduler_bsp/\libhal_bsp.a(alt_tick.o)
 .comment       0x00000000       0x27 C:/Users/Rees/Documents/GitHub/uOS/project2-thread-scheduler_bsp/\libhal_bsp.a(alt_sys_init.o)
 .comment       0x00000000       0x27 C:/Users/Rees/Documents/GitHub/uOS/project2-thread-scheduler_bsp/\libhal_bsp.a(altera_avalon_jtag_uart_fd.o)
 .comment       0x00000000       0x27 C:/Users/Rees/Documents/GitHub/uOS/project2-thread-scheduler_bsp/\libhal_bsp.a(altera_avalon_jtag_uart_init.o)
 .comment       0x00000000       0x27 C:/Users/Rees/Documents/GitHub/uOS/project2-thread-scheduler_bsp/\libhal_bsp.a(altera_avalon_jtag_uart_ioctl.o)
 .comment       0x00000000       0x27 C:/Users/Rees/Documents/GitHub/uOS/project2-thread-scheduler_bsp/\libhal_bsp.a(altera_avalon_jtag_uart_read.o)
 .comment       0x00000000       0x27 C:/Users/Rees/Documents/GitHub/uOS/project2-thread-scheduler_bsp/\libhal_bsp.a(altera_avalon_jtag_uart_write.o)
 .comment       0x00000000       0x27 C:/Users/Rees/Documents/GitHub/uOS/project2-thread-scheduler_bsp/\libhal_bsp.a(altera_avalon_timer_sc.o)
 .comment       0x00000000       0x27 C:/Users/Rees/Documents/GitHub/uOS/project2-thread-scheduler_bsp/\libhal_bsp.a(alt_close.o)
 .comment       0x00000000       0x27 C:/Users/Rees/Documents/GitHub/uOS/project2-thread-scheduler_bsp/\libhal_bsp.a(alt_dcache_flush_all.o)
 .comment       0x00000000       0x27 C:/Users/Rees/Documents/GitHub/uOS/project2-thread-scheduler_bsp/\libhal_bsp.a(alt_dev.o)
 .comment       0x00000000       0x27 C:/Users/Rees/Documents/GitHub/uOS/project2-thread-scheduler_bsp/\libhal_bsp.a(alt_dev_llist_insert.o)
 .comment       0x00000000       0x27 C:/Users/Rees/Documents/GitHub/uOS/project2-thread-scheduler_bsp/\libhal_bsp.a(alt_do_ctors.o)
 .comment       0x00000000       0x27 C:/Users/Rees/Documents/GitHub/uOS/project2-thread-scheduler_bsp/\libhal_bsp.a(alt_do_dtors.o)
 .comment       0x00000000       0x27 C:/Users/Rees/Documents/GitHub/uOS/project2-thread-scheduler_bsp/\libhal_bsp.a(alt_errno.o)
 .comment       0x00000000       0x27 C:/Users/Rees/Documents/GitHub/uOS/project2-thread-scheduler_bsp/\libhal_bsp.a(alt_icache_flush_all.o)
 .comment       0x00000000       0x27 C:/Users/Rees/Documents/GitHub/uOS/project2-thread-scheduler_bsp/\libhal_bsp.a(alt_iic.o)
 .comment       0x00000000       0x27 C:/Users/Rees/Documents/GitHub/uOS/project2-thread-scheduler_bsp/\libhal_bsp.a(alt_iic_isr_register.o)
 .comment       0x00000000       0x27 C:/Users/Rees/Documents/GitHub/uOS/project2-thread-scheduler_bsp/\libhal_bsp.a(alt_io_redirect.o)
 .comment       0x00000000       0x27 C:/Users/Rees/Documents/GitHub/uOS/project2-thread-scheduler_bsp/\libhal_bsp.a(alt_irq_handler.o)
 .comment       0x00000000       0x27 C:/Users/Rees/Documents/GitHub/uOS/project2-thread-scheduler_bsp/\libhal_bsp.a(alt_irq_vars.o)
 .comment       0x00000000       0x27 C:/Users/Rees/Documents/GitHub/uOS/project2-thread-scheduler_bsp/\libhal_bsp.a(alt_open.o)
 .comment       0x00000000       0x27 C:/Users/Rees/Documents/GitHub/uOS/project2-thread-scheduler_bsp/\libhal_bsp.a(alt_release_fd.o)
 .comment       0x00000000       0x27 C:/Users/Rees/Documents/GitHub/uOS/project2-thread-scheduler_bsp/\libhal_bsp.a(altera_nios2_irq.o)
 .comment       0x00000000       0x27 C:/Users/Rees/Documents/GitHub/uOS/project2-thread-scheduler_bsp/\libhal_bsp.a(alt_find_dev.o)
 .comment       0x00000000       0x27 C:/Users/Rees/Documents/GitHub/uOS/project2-thread-scheduler_bsp/\libhal_bsp.a(alt_find_file.o)
 .comment       0x00000000       0x27 C:/Users/Rees/Documents/GitHub/uOS/project2-thread-scheduler_bsp/\libhal_bsp.a(alt_get_fd.o)
 .comment       0x00000000       0x27 c:/altera/12.0sp2/nios2eds/bin/gnu/h-i686-mingw32/bin/../lib/gcc/nios2-elf/4.1.2/../../../../nios2-elf/lib/mno-hw-mul\libc.a(lib_a-atexit.o)
 .comment       0x00000000       0x27 c:/altera/12.0sp2/nios2eds/bin/gnu/h-i686-mingw32/bin/../lib/gcc/nios2-elf/4.1.2/../../../../nios2-elf/lib/mno-hw-mul\libc.a(lib_a-exit.o)
 .comment       0x00000000       0x27 c:/altera/12.0sp2/nios2eds/bin/gnu/h-i686-mingw32/bin/../lib/gcc/nios2-elf/4.1.2/../../../../nios2-elf/lib/mno-hw-mul\libc.a(lib_a-memcmp.o)
 .comment       0x00000000       0x27 c:/altera/12.0sp2/nios2eds/bin/gnu/h-i686-mingw32/bin/../lib/gcc/nios2-elf/4.1.2/../../../../nios2-elf/lib/mno-hw-mul\libc.a(lib_a-memcpy.o)
 .comment       0x00000000       0x27 c:/altera/12.0sp2/nios2eds/bin/gnu/h-i686-mingw32/bin/../lib/gcc/nios2-elf/4.1.2/../../../../nios2-elf/lib/mno-hw-mul\libc.a(lib_a-putc.o)
 .comment       0x00000000       0x27 c:/altera/12.0sp2/nios2eds/bin/gnu/h-i686-mingw32/bin/../lib/gcc/nios2-elf/4.1.2/../../../../nios2-elf/lib/mno-hw-mul\libc.a(lib_a-strlen.o)
 .comment       0x00000000       0x27 c:/altera/12.0sp2/nios2eds/bin/gnu/h-i686-mingw32/bin/../lib/gcc/nios2-elf/4.1.2/../../../../nios2-elf/lib/mno-hw-mul\libc.a(lib_a-wbuf.o)
 .comment       0x00000000       0x27 c:/altera/12.0sp2/nios2eds/bin/gnu/h-i686-mingw32/bin/../lib/gcc/nios2-elf/4.1.2/../../../../nios2-elf/lib/mno-hw-mul\libc.a(lib_a-wsetup.o)
 .comment       0x00000000       0x27 c:/altera/12.0sp2/nios2eds/bin/gnu/h-i686-mingw32/bin/../lib/gcc/nios2-elf/4.1.2/../../../../nios2-elf/lib/mno-hw-mul\libc.a(lib_a-__atexit.o)
 .comment       0x00000000       0x27 c:/altera/12.0sp2/nios2eds/bin/gnu/h-i686-mingw32/bin/../lib/gcc/nios2-elf/4.1.2/../../../../nios2-elf/lib/mno-hw-mul\libc.a(lib_a-__call_atexit.o)
 .comment       0x00000000       0x27 c:/altera/12.0sp2/nios2eds/bin/gnu/h-i686-mingw32/bin/../lib/gcc/nios2-elf/4.1.2/../../../../nios2-elf/lib/mno-hw-mul\libc.a(lib_a-fflush.o)
 .comment       0x00000000       0x27 c:/altera/12.0sp2/nios2eds/bin/gnu/h-i686-mingw32/bin/../lib/gcc/nios2-elf/4.1.2/../../../../nios2-elf/lib/mno-hw-mul\libc.a(lib_a-findfp.o)
 .comment       0x00000000       0x27 c:/altera/12.0sp2/nios2eds/bin/gnu/h-i686-mingw32/bin/../lib/gcc/nios2-elf/4.1.2/../../../../nios2-elf/lib/mno-hw-mul\libc.a(lib_a-fwalk.o)
 .comment       0x00000000       0x27 c:/altera/12.0sp2/nios2eds/bin/gnu/h-i686-mingw32/bin/../lib/gcc/nios2-elf/4.1.2/../../../../nios2-elf/lib/mno-hw-mul\libc.a(lib_a-makebuf.o)
 .comment       0x00000000       0x27 c:/altera/12.0sp2/nios2eds/bin/gnu/h-i686-mingw32/bin/../lib/gcc/nios2-elf/4.1.2/../../../../nios2-elf/lib/mno-hw-mul\libc.a(lib_a-memset.o)
 .comment       0x00000000       0x27 c:/altera/12.0sp2/nios2eds/bin/gnu/h-i686-mingw32/bin/../lib/gcc/nios2-elf/4.1.2/../../../../nios2-elf/lib/mno-hw-mul\libc.a(lib_a-stdio.o)
 .comment       0x00000000       0x27 c:/altera/12.0sp2/nios2eds/bin/gnu/h-i686-mingw32/bin/../lib/gcc/nios2-elf/4.1.2/../../../../nios2-elf/lib/mno-hw-mul\libc.a(lib_a-writer.o)
 .comment       0x00000000       0x27 c:/altera/12.0sp2/nios2eds/bin/gnu/h-i686-mingw32/bin/../lib/gcc/nios2-elf/4.1.2/../../../../nios2-elf/lib/mno-hw-mul\libc.a(lib_a-closer.o)
 .comment       0x00000000       0x27 c:/altera/12.0sp2/nios2eds/bin/gnu/h-i686-mingw32/bin/../lib/gcc/nios2-elf/4.1.2/../../../../nios2-elf/lib/mno-hw-mul\libc.a(lib_a-fclose.o)
 .comment       0x00000000       0x27 c:/altera/12.0sp2/nios2eds/bin/gnu/h-i686-mingw32/bin/../lib/gcc/nios2-elf/4.1.2/../../../../nios2-elf/lib/mno-hw-mul\libc.a(lib_a-fstatr.o)
 .comment       0x00000000       0x27 c:/altera/12.0sp2/nios2eds/bin/gnu/h-i686-mingw32/bin/../lib/gcc/nios2-elf/4.1.2/../../../../nios2-elf/lib/mno-hw-mul\libc.a(lib_a-isattyr.o)
 .comment       0x00000000       0x27 c:/altera/12.0sp2/nios2eds/bin/gnu/h-i686-mingw32/bin/../lib/gcc/nios2-elf/4.1.2/../../../../nios2-elf/lib/mno-hw-mul\libc.a(lib_a-lseekr.o)
 .comment       0x00000000       0x27 c:/altera/12.0sp2/nios2eds/bin/gnu/h-i686-mingw32/bin/../lib/gcc/nios2-elf/4.1.2/../../../../nios2-elf/lib/mno-hw-mul\libc.a(lib_a-readr.o)
 .comment       0x00000000       0x27 C:/Users/Rees/Documents/GitHub/uOS/project2-thread-scheduler_bsp/\libhal_bsp.a(alt_exit.o)
 .comment       0x00000000       0x27 C:/Users/Rees/Documents/GitHub/uOS/project2-thread-scheduler_bsp/\libhal_bsp.a(alt_fstat.o)
 .comment       0x00000000       0x27 C:/Users/Rees/Documents/GitHub/uOS/project2-thread-scheduler_bsp/\libhal_bsp.a(alt_isatty.o)
 .comment       0x00000000       0x27 C:/Users/Rees/Documents/GitHub/uOS/project2-thread-scheduler_bsp/\libhal_bsp.a(alt_lseek.o)
 .comment       0x00000000       0x27 C:/Users/Rees/Documents/GitHub/uOS/project2-thread-scheduler_bsp/\libhal_bsp.a(alt_read.o)
 .comment       0x00000000       0x27 C:/Users/Rees/Documents/GitHub/uOS/project2-thread-scheduler_bsp/\libhal_bsp.a(alt_write.o)

.debug
 *(.debug)

.line
 *(.line)

.debug_srcinfo
 *(.debug_srcinfo)

.debug_sfnames
 *(.debug_sfnames)

.debug_aranges  0x00000000      0x918
 *(.debug_aranges)
 .debug_aranges
                0x00000000       0x28 C:/Users/Rees/Documents/GitHub/uOS/project2-thread-scheduler_bsp//obj/HAL/src/crt0.o
 .debug_aranges
                0x00000028       0x20 obj/default/main.o
 .debug_aranges
                0x00000048       0x20 c:/altera/12.0sp2/nios2eds/bin/gnu/h-i686-mingw32/bin/../lib/gcc/nios2-elf/4.1.2/mno-hw-mul\libgcc.a(lib2-divmod.o)
 .debug_aranges
                0x00000068       0x20 c:/altera/12.0sp2/nios2eds/bin/gnu/h-i686-mingw32/bin/../lib/gcc/nios2-elf/4.1.2/mno-hw-mul\libgcc.a(lib2-mul.o)
 .debug_aranges
                0x00000088       0x20 c:/altera/12.0sp2/nios2eds/bin/gnu/h-i686-mingw32/bin/../lib/gcc/nios2-elf/4.1.2/../../../../nios2-elf/lib/mno-hw-mul\libc.a(lib_a-malloc.o)
 .debug_aranges
                0x000000a8       0x20 c:/altera/12.0sp2/nios2eds/bin/gnu/h-i686-mingw32/bin/../lib/gcc/nios2-elf/4.1.2/../../../../nios2-elf/lib/mno-hw-mul\libc.a(lib_a-mallocr.o)
 .debug_aranges
                0x000000c8       0x20 c:/altera/12.0sp2/nios2eds/bin/gnu/h-i686-mingw32/bin/../lib/gcc/nios2-elf/4.1.2/../../../../nios2-elf/lib/mno-hw-mul\libc.a(lib_a-sbrkr.o)
 .debug_aranges
                0x000000e8       0x20 c:/altera/12.0sp2/nios2eds/bin/gnu/h-i686-mingw32/bin/../lib/gcc/nios2-elf/4.1.2/../../../../nios2-elf/lib/mno-hw-mul\libc.a(lib_a-freer.o)
 .debug_aranges
                0x00000108       0x20 C:/Users/Rees/Documents/GitHub/uOS/project2-thread-scheduler_bsp/\libhal_bsp.a(alt_alarm_start.o)
 .debug_aranges
                0x00000128       0x20 C:/Users/Rees/Documents/GitHub/uOS/project2-thread-scheduler_bsp/\libhal_bsp.a(alt_load.o)
 .debug_aranges
                0x00000148       0x20 C:/Users/Rees/Documents/GitHub/uOS/project2-thread-scheduler_bsp/\libhal_bsp.a(alt_main.o)
 .debug_aranges
                0x00000168       0x20 C:/Users/Rees/Documents/GitHub/uOS/project2-thread-scheduler_bsp/\libhal_bsp.a(alt_malloc_lock.o)
 .debug_aranges
                0x00000188       0x20 C:/Users/Rees/Documents/GitHub/uOS/project2-thread-scheduler_bsp/\libhal_bsp.a(alt_printf.o)
 .debug_aranges
                0x000001a8       0x20 C:/Users/Rees/Documents/GitHub/uOS/project2-thread-scheduler_bsp/\libhal_bsp.a(alt_putchar.o)
 .debug_aranges
                0x000001c8       0x20 C:/Users/Rees/Documents/GitHub/uOS/project2-thread-scheduler_bsp/\libhal_bsp.a(alt_sbrk.o)
 .debug_aranges
                0x000001e8       0x20 C:/Users/Rees/Documents/GitHub/uOS/project2-thread-scheduler_bsp/\libhal_bsp.a(alt_tick.o)
 .debug_aranges
                0x00000208       0x20 C:/Users/Rees/Documents/GitHub/uOS/project2-thread-scheduler_bsp/\libhal_bsp.a(alt_sys_init.o)
 .debug_aranges
                0x00000228       0x20 C:/Users/Rees/Documents/GitHub/uOS/project2-thread-scheduler_bsp/\libhal_bsp.a(altera_avalon_jtag_uart_fd.o)
 .debug_aranges
                0x00000248       0x20 C:/Users/Rees/Documents/GitHub/uOS/project2-thread-scheduler_bsp/\libhal_bsp.a(altera_avalon_jtag_uart_init.o)
 .debug_aranges
                0x00000268       0x20 C:/Users/Rees/Documents/GitHub/uOS/project2-thread-scheduler_bsp/\libhal_bsp.a(altera_avalon_jtag_uart_ioctl.o)
 .debug_aranges
                0x00000288       0x20 C:/Users/Rees/Documents/GitHub/uOS/project2-thread-scheduler_bsp/\libhal_bsp.a(altera_avalon_jtag_uart_read.o)
 .debug_aranges
                0x000002a8       0x20 C:/Users/Rees/Documents/GitHub/uOS/project2-thread-scheduler_bsp/\libhal_bsp.a(altera_avalon_jtag_uart_write.o)
 .debug_aranges
                0x000002c8       0x20 C:/Users/Rees/Documents/GitHub/uOS/project2-thread-scheduler_bsp/\libhal_bsp.a(altera_avalon_timer_sc.o)
 .debug_aranges
                0x000002e8       0x20 C:/Users/Rees/Documents/GitHub/uOS/project2-thread-scheduler_bsp/\libhal_bsp.a(alt_close.o)
 .debug_aranges
                0x00000308       0x20 C:/Users/Rees/Documents/GitHub/uOS/project2-thread-scheduler_bsp/\libhal_bsp.a(alt_dcache_flush_all.o)
 .debug_aranges
                0x00000328       0x20 C:/Users/Rees/Documents/GitHub/uOS/project2-thread-scheduler_bsp/\libhal_bsp.a(alt_dev.o)
 .debug_aranges
                0x00000348       0x20 C:/Users/Rees/Documents/GitHub/uOS/project2-thread-scheduler_bsp/\libhal_bsp.a(alt_dev_llist_insert.o)
 .debug_aranges
                0x00000368       0x20 C:/Users/Rees/Documents/GitHub/uOS/project2-thread-scheduler_bsp/\libhal_bsp.a(alt_do_ctors.o)
 .debug_aranges
                0x00000388       0x20 C:/Users/Rees/Documents/GitHub/uOS/project2-thread-scheduler_bsp/\libhal_bsp.a(alt_do_dtors.o)
 .debug_aranges
                0x000003a8       0x20 C:/Users/Rees/Documents/GitHub/uOS/project2-thread-scheduler_bsp/\libhal_bsp.a(alt_icache_flush_all.o)
 .debug_aranges
                0x000003c8       0x20 C:/Users/Rees/Documents/GitHub/uOS/project2-thread-scheduler_bsp/\libhal_bsp.a(alt_iic.o)
 .debug_aranges
                0x000003e8       0x20 C:/Users/Rees/Documents/GitHub/uOS/project2-thread-scheduler_bsp/\libhal_bsp.a(alt_iic_isr_register.o)
 .debug_aranges
                0x00000408       0x20 C:/Users/Rees/Documents/GitHub/uOS/project2-thread-scheduler_bsp/\libhal_bsp.a(alt_io_redirect.o)
 .debug_aranges
                0x00000428       0x30 C:/Users/Rees/Documents/GitHub/uOS/project2-thread-scheduler_bsp/\libhal_bsp.a(alt_irq_entry.o)
 .debug_aranges
                0x00000458       0x28 C:/Users/Rees/Documents/GitHub/uOS/project2-thread-scheduler_bsp/\libhal_bsp.a(alt_irq_handler.o)
 .debug_aranges
                0x00000480       0x20 C:/Users/Rees/Documents/GitHub/uOS/project2-thread-scheduler_bsp/\libhal_bsp.a(alt_open.o)
 .debug_aranges
                0x000004a0       0x20 C:/Users/Rees/Documents/GitHub/uOS/project2-thread-scheduler_bsp/\libhal_bsp.a(alt_release_fd.o)
 .debug_aranges
                0x000004c0       0x20 C:/Users/Rees/Documents/GitHub/uOS/project2-thread-scheduler_bsp/\libhal_bsp.a(altera_nios2_irq.o)
 .debug_aranges
                0x000004e0       0x38 C:/Users/Rees/Documents/GitHub/uOS/project2-thread-scheduler_bsp/\libhal_bsp.a(alt_exception_entry.o)
 .debug_aranges
                0x00000518       0x20 C:/Users/Rees/Documents/GitHub/uOS/project2-thread-scheduler_bsp/\libhal_bsp.a(alt_find_dev.o)
 .debug_aranges
                0x00000538       0x20 C:/Users/Rees/Documents/GitHub/uOS/project2-thread-scheduler_bsp/\libhal_bsp.a(alt_find_file.o)
 .debug_aranges
                0x00000558       0x20 C:/Users/Rees/Documents/GitHub/uOS/project2-thread-scheduler_bsp/\libhal_bsp.a(alt_get_fd.o)
 .debug_aranges
                0x00000578       0x20 c:/altera/12.0sp2/nios2eds/bin/gnu/h-i686-mingw32/bin/../lib/gcc/nios2-elf/4.1.2/../../../../nios2-elf/lib/mno-hw-mul\libc.a(lib_a-atexit.o)
 .debug_aranges
                0x00000598       0x20 c:/altera/12.0sp2/nios2eds/bin/gnu/h-i686-mingw32/bin/../lib/gcc/nios2-elf/4.1.2/../../../../nios2-elf/lib/mno-hw-mul\libc.a(lib_a-exit.o)
 .debug_aranges
                0x000005b8       0x20 c:/altera/12.0sp2/nios2eds/bin/gnu/h-i686-mingw32/bin/../lib/gcc/nios2-elf/4.1.2/../../../../nios2-elf/lib/mno-hw-mul\libc.a(lib_a-memcmp.o)
 .debug_aranges
                0x000005d8       0x20 c:/altera/12.0sp2/nios2eds/bin/gnu/h-i686-mingw32/bin/../lib/gcc/nios2-elf/4.1.2/../../../../nios2-elf/lib/mno-hw-mul\libc.a(lib_a-memcpy.o)
 .debug_aranges
                0x000005f8       0x20 c:/altera/12.0sp2/nios2eds/bin/gnu/h-i686-mingw32/bin/../lib/gcc/nios2-elf/4.1.2/../../../../nios2-elf/lib/mno-hw-mul\libc.a(lib_a-putc.o)
 .debug_aranges
                0x00000618       0x20 c:/altera/12.0sp2/nios2eds/bin/gnu/h-i686-mingw32/bin/../lib/gcc/nios2-elf/4.1.2/../../../../nios2-elf/lib/mno-hw-mul\libc.a(lib_a-strlen.o)
 .debug_aranges
                0x00000638       0x20 c:/altera/12.0sp2/nios2eds/bin/gnu/h-i686-mingw32/bin/../lib/gcc/nios2-elf/4.1.2/../../../../nios2-elf/lib/mno-hw-mul\libc.a(lib_a-wbuf.o)
 .debug_aranges
                0x00000658       0x20 c:/altera/12.0sp2/nios2eds/bin/gnu/h-i686-mingw32/bin/../lib/gcc/nios2-elf/4.1.2/../../../../nios2-elf/lib/mno-hw-mul\libc.a(lib_a-wsetup.o)
 .debug_aranges
                0x00000678       0x20 c:/altera/12.0sp2/nios2eds/bin/gnu/h-i686-mingw32/bin/../lib/gcc/nios2-elf/4.1.2/../../../../nios2-elf/lib/mno-hw-mul\libc.a(lib_a-__atexit.o)
 .debug_aranges
                0x00000698       0x20 c:/altera/12.0sp2/nios2eds/bin/gnu/h-i686-mingw32/bin/../lib/gcc/nios2-elf/4.1.2/../../../../nios2-elf/lib/mno-hw-mul\libc.a(lib_a-__call_atexit.o)
 .debug_aranges
                0x000006b8       0x20 c:/altera/12.0sp2/nios2eds/bin/gnu/h-i686-mingw32/bin/../lib/gcc/nios2-elf/4.1.2/../../../../nios2-elf/lib/mno-hw-mul\libc.a(lib_a-fflush.o)
 .debug_aranges
                0x000006d8       0x20 c:/altera/12.0sp2/nios2eds/bin/gnu/h-i686-mingw32/bin/../lib/gcc/nios2-elf/4.1.2/../../../../nios2-elf/lib/mno-hw-mul\libc.a(lib_a-findfp.o)
 .debug_aranges
                0x000006f8       0x20 c:/altera/12.0sp2/nios2eds/bin/gnu/h-i686-mingw32/bin/../lib/gcc/nios2-elf/4.1.2/../../../../nios2-elf/lib/mno-hw-mul\libc.a(lib_a-fwalk.o)
 .debug_aranges
                0x00000718       0x20 c:/altera/12.0sp2/nios2eds/bin/gnu/h-i686-mingw32/bin/../lib/gcc/nios2-elf/4.1.2/../../../../nios2-elf/lib/mno-hw-mul\libc.a(lib_a-makebuf.o)
 .debug_aranges
                0x00000738       0x20 c:/altera/12.0sp2/nios2eds/bin/gnu/h-i686-mingw32/bin/../lib/gcc/nios2-elf/4.1.2/../../../../nios2-elf/lib/mno-hw-mul\libc.a(lib_a-memset.o)
 .debug_aranges
                0x00000758       0x20 c:/altera/12.0sp2/nios2eds/bin/gnu/h-i686-mingw32/bin/../lib/gcc/nios2-elf/4.1.2/../../../../nios2-elf/lib/mno-hw-mul\libc.a(lib_a-stdio.o)
 .debug_aranges
                0x00000778       0x20 c:/altera/12.0sp2/nios2eds/bin/gnu/h-i686-mingw32/bin/../lib/gcc/nios2-elf/4.1.2/../../../../nios2-elf/lib/mno-hw-mul\libc.a(lib_a-writer.o)
 .debug_aranges
                0x00000798       0x20 c:/altera/12.0sp2/nios2eds/bin/gnu/h-i686-mingw32/bin/../lib/gcc/nios2-elf/4.1.2/../../../../nios2-elf/lib/mno-hw-mul\libc.a(lib_a-closer.o)
 .debug_aranges
                0x000007b8       0x20 c:/altera/12.0sp2/nios2eds/bin/gnu/h-i686-mingw32/bin/../lib/gcc/nios2-elf/4.1.2/../../../../nios2-elf/lib/mno-hw-mul\libc.a(lib_a-fclose.o)
 .debug_aranges
                0x000007d8       0x20 c:/altera/12.0sp2/nios2eds/bin/gnu/h-i686-mingw32/bin/../lib/gcc/nios2-elf/4.1.2/../../../../nios2-elf/lib/mno-hw-mul\libc.a(lib_a-fstatr.o)
 .debug_aranges
                0x000007f8       0x20 c:/altera/12.0sp2/nios2eds/bin/gnu/h-i686-mingw32/bin/../lib/gcc/nios2-elf/4.1.2/../../../../nios2-elf/lib/mno-hw-mul\libc.a(lib_a-isattyr.o)
 .debug_aranges
                0x00000818       0x20 c:/altera/12.0sp2/nios2eds/bin/gnu/h-i686-mingw32/bin/../lib/gcc/nios2-elf/4.1.2/../../../../nios2-elf/lib/mno-hw-mul\libc.a(lib_a-lseekr.o)
 .debug_aranges
                0x00000838       0x20 c:/altera/12.0sp2/nios2eds/bin/gnu/h-i686-mingw32/bin/../lib/gcc/nios2-elf/4.1.2/../../../../nios2-elf/lib/mno-hw-mul\libc.a(lib_a-readr.o)
 .debug_aranges
                0x00000858       0x20 C:/Users/Rees/Documents/GitHub/uOS/project2-thread-scheduler_bsp/\libhal_bsp.a(alt_exit.o)
 .debug_aranges
                0x00000878       0x20 C:/Users/Rees/Documents/GitHub/uOS/project2-thread-scheduler_bsp/\libhal_bsp.a(alt_fstat.o)
 .debug_aranges
                0x00000898       0x20 C:/Users/Rees/Documents/GitHub/uOS/project2-thread-scheduler_bsp/\libhal_bsp.a(alt_isatty.o)
 .debug_aranges
                0x000008b8       0x20 C:/Users/Rees/Documents/GitHub/uOS/project2-thread-scheduler_bsp/\libhal_bsp.a(alt_lseek.o)
 .debug_aranges
                0x000008d8       0x20 C:/Users/Rees/Documents/GitHub/uOS/project2-thread-scheduler_bsp/\libhal_bsp.a(alt_read.o)
 .debug_aranges
                0x000008f8       0x20 C:/Users/Rees/Documents/GitHub/uOS/project2-thread-scheduler_bsp/\libhal_bsp.a(alt_write.o)

.debug_pubnames
                0x00000000      0xe52
 *(.debug_pubnames)
 .debug_pubnames
                0x00000000       0xcb obj/default/main.o
 .debug_pubnames
                0x000000cb       0x48 c:/altera/12.0sp2/nios2eds/bin/gnu/h-i686-mingw32/bin/../lib/gcc/nios2-elf/4.1.2/mno-hw-mul\libgcc.a(lib2-divmod.o)
 .debug_pubnames
                0x00000113       0x1f c:/altera/12.0sp2/nios2eds/bin/gnu/h-i686-mingw32/bin/../lib/gcc/nios2-elf/4.1.2/mno-hw-mul\libgcc.a(lib2-mul.o)
 .debug_pubnames
                0x00000132       0x26 c:/altera/12.0sp2/nios2eds/bin/gnu/h-i686-mingw32/bin/../lib/gcc/nios2-elf/4.1.2/../../../../nios2-elf/lib/mno-hw-mul\libc.a(lib_a-malloc.o)
 .debug_pubnames
                0x00000158       0xce c:/altera/12.0sp2/nios2eds/bin/gnu/h-i686-mingw32/bin/../lib/gcc/nios2-elf/4.1.2/../../../../nios2-elf/lib/mno-hw-mul\libc.a(lib_a-mallocr.o)
 .debug_pubnames
                0x00000226       0x1e c:/altera/12.0sp2/nios2eds/bin/gnu/h-i686-mingw32/bin/../lib/gcc/nios2-elf/4.1.2/../../../../nios2-elf/lib/mno-hw-mul\libc.a(lib_a-sbrkr.o)
 .debug_pubnames
                0x00000244       0x31 c:/altera/12.0sp2/nios2eds/bin/gnu/h-i686-mingw32/bin/../lib/gcc/nios2-elf/4.1.2/../../../../nios2-elf/lib/mno-hw-mul\libc.a(lib_a-freer.o)
 .debug_pubnames
                0x00000275       0x39 c:/altera/12.0sp2/nios2eds/bin/gnu/h-i686-mingw32/bin/../lib/gcc/nios2-elf/4.1.2/../../../../nios2-elf/lib/mno-hw-mul\libc.a(lib_a-impure.o)
 .debug_pubnames
                0x000002ae       0x1c c:/altera/12.0sp2/nios2eds/bin/gnu/h-i686-mingw32/bin/../lib/gcc/nios2-elf/4.1.2/../../../../nios2-elf/lib/mno-hw-mul\libc.a(lib_a-int_errno.o)
 .debug_pubnames
                0x000002ca       0x26 C:/Users/Rees/Documents/GitHub/uOS/project2-thread-scheduler_bsp/\libhal_bsp.a(alt_alarm_start.o)
 .debug_pubnames
                0x000002f0       0x1f C:/Users/Rees/Documents/GitHub/uOS/project2-thread-scheduler_bsp/\libhal_bsp.a(alt_load.o)
 .debug_pubnames
                0x0000030f       0x46 C:/Users/Rees/Documents/GitHub/uOS/project2-thread-scheduler_bsp/\libhal_bsp.a(alt_main.o)
 .debug_pubnames
                0x00000355       0x38 C:/Users/Rees/Documents/GitHub/uOS/project2-thread-scheduler_bsp/\libhal_bsp.a(alt_malloc_lock.o)
 .debug_pubnames
                0x0000038d       0x21 C:/Users/Rees/Documents/GitHub/uOS/project2-thread-scheduler_bsp/\libhal_bsp.a(alt_printf.o)
 .debug_pubnames
                0x000003ae       0x22 C:/Users/Rees/Documents/GitHub/uOS/project2-thread-scheduler_bsp/\libhal_bsp.a(alt_putchar.o)
 .debug_pubnames
                0x000003d0       0x1b C:/Users/Rees/Documents/GitHub/uOS/project2-thread-scheduler_bsp/\libhal_bsp.a(alt_sbrk.o)
 .debug_pubnames
                0x000003eb       0x68 C:/Users/Rees/Documents/GitHub/uOS/project2-thread-scheduler_bsp/\libhal_bsp.a(alt_tick.o)
 .debug_pubnames
                0x00000453       0x34 C:/Users/Rees/Documents/GitHub/uOS/project2-thread-scheduler_bsp/\libhal_bsp.a(alt_sys_init.o)
 .debug_pubnames
                0x00000487       0xa5 C:/Users/Rees/Documents/GitHub/uOS/project2-thread-scheduler_bsp/\libhal_bsp.a(altera_avalon_jtag_uart_fd.o)
 .debug_pubnames
                0x0000052c       0x55 C:/Users/Rees/Documents/GitHub/uOS/project2-thread-scheduler_bsp/\libhal_bsp.a(altera_avalon_jtag_uart_init.o)
 .debug_pubnames
                0x00000581       0x34 C:/Users/Rees/Documents/GitHub/uOS/project2-thread-scheduler_bsp/\libhal_bsp.a(altera_avalon_jtag_uart_ioctl.o)
 .debug_pubnames
                0x000005b5       0x33 C:/Users/Rees/Documents/GitHub/uOS/project2-thread-scheduler_bsp/\libhal_bsp.a(altera_avalon_jtag_uart_read.o)
 .debug_pubnames
                0x000005e8       0x34 C:/Users/Rees/Documents/GitHub/uOS/project2-thread-scheduler_bsp/\libhal_bsp.a(altera_avalon_jtag_uart_write.o)
 .debug_pubnames
                0x0000061c       0x2f C:/Users/Rees/Documents/GitHub/uOS/project2-thread-scheduler_bsp/\libhal_bsp.a(altera_avalon_timer_sc.o)
 .debug_pubnames
                0x0000064b       0x1c C:/Users/Rees/Documents/GitHub/uOS/project2-thread-scheduler_bsp/\libhal_bsp.a(alt_close.o)
 .debug_pubnames
                0x00000667       0x2b C:/Users/Rees/Documents/GitHub/uOS/project2-thread-scheduler_bsp/\libhal_bsp.a(alt_dcache_flush_all.o)
 .debug_pubnames
                0x00000692       0x63 C:/Users/Rees/Documents/GitHub/uOS/project2-thread-scheduler_bsp/\libhal_bsp.a(alt_dev.o)
 .debug_pubnames
                0x000006f5       0x2b C:/Users/Rees/Documents/GitHub/uOS/project2-thread-scheduler_bsp/\libhal_bsp.a(alt_dev_llist_insert.o)
 .debug_pubnames
                0x00000720       0x20 C:/Users/Rees/Documents/GitHub/uOS/project2-thread-scheduler_bsp/\libhal_bsp.a(alt_do_ctors.o)
 .debug_pubnames
                0x00000740       0x20 C:/Users/Rees/Documents/GitHub/uOS/project2-thread-scheduler_bsp/\libhal_bsp.a(alt_do_dtors.o)
 .debug_pubnames
                0x00000760       0x20 C:/Users/Rees/Documents/GitHub/uOS/project2-thread-scheduler_bsp/\libhal_bsp.a(alt_errno.o)
 .debug_pubnames
                0x00000780       0x2b C:/Users/Rees/Documents/GitHub/uOS/project2-thread-scheduler_bsp/\libhal_bsp.a(alt_icache_flush_all.o)
 .debug_pubnames
                0x000007ab       0x6e C:/Users/Rees/Documents/GitHub/uOS/project2-thread-scheduler_bsp/\libhal_bsp.a(alt_iic.o)
 .debug_pubnames
                0x00000819       0x2b C:/Users/Rees/Documents/GitHub/uOS/project2-thread-scheduler_bsp/\libhal_bsp.a(alt_iic_isr_register.o)
 .debug_pubnames
                0x00000844       0x26 C:/Users/Rees/Documents/GitHub/uOS/project2-thread-scheduler_bsp/\libhal_bsp.a(alt_io_redirect.o)
 .debug_pubnames
                0x0000086a       0x32 C:/Users/Rees/Documents/GitHub/uOS/project2-thread-scheduler_bsp/\libhal_bsp.a(alt_irq_handler.o)
 .debug_pubnames
                0x0000089c       0x3b C:/Users/Rees/Documents/GitHub/uOS/project2-thread-scheduler_bsp/\libhal_bsp.a(alt_irq_vars.o)
 .debug_pubnames
                0x000008d7       0x1b C:/Users/Rees/Documents/GitHub/uOS/project2-thread-scheduler_bsp/\libhal_bsp.a(alt_open.o)
 .debug_pubnames
                0x000008f2       0x25 C:/Users/Rees/Documents/GitHub/uOS/project2-thread-scheduler_bsp/\libhal_bsp.a(alt_release_fd.o)
 .debug_pubnames
                0x00000917       0x2c C:/Users/Rees/Documents/GitHub/uOS/project2-thread-scheduler_bsp/\libhal_bsp.a(altera_nios2_irq.o)
 .debug_pubnames
                0x00000943       0x23 C:/Users/Rees/Documents/GitHub/uOS/project2-thread-scheduler_bsp/\libhal_bsp.a(alt_find_dev.o)
 .debug_pubnames
                0x00000966       0x24 C:/Users/Rees/Documents/GitHub/uOS/project2-thread-scheduler_bsp/\libhal_bsp.a(alt_find_file.o)
 .debug_pubnames
                0x0000098a       0x21 C:/Users/Rees/Documents/GitHub/uOS/project2-thread-scheduler_bsp/\libhal_bsp.a(alt_get_fd.o)
 .debug_pubnames
                0x000009ab       0x2a c:/altera/12.0sp2/nios2eds/bin/gnu/h-i686-mingw32/bin/../lib/gcc/nios2-elf/4.1.2/../../../../nios2-elf/lib/mno-hw-mul\libc.a(lib_a-atexit.o)
 .debug_pubnames
                0x000009d5       0x1b c:/altera/12.0sp2/nios2eds/bin/gnu/h-i686-mingw32/bin/../lib/gcc/nios2-elf/4.1.2/../../../../nios2-elf/lib/mno-hw-mul\libc.a(lib_a-exit.o)
 .debug_pubnames
                0x000009f0       0x1d c:/altera/12.0sp2/nios2eds/bin/gnu/h-i686-mingw32/bin/../lib/gcc/nios2-elf/4.1.2/../../../../nios2-elf/lib/mno-hw-mul\libc.a(lib_a-memcmp.o)
 .debug_pubnames
                0x00000a0d       0x1d c:/altera/12.0sp2/nios2eds/bin/gnu/h-i686-mingw32/bin/../lib/gcc/nios2-elf/4.1.2/../../../../nios2-elf/lib/mno-hw-mul\libc.a(lib_a-memcpy.o)
 .debug_pubnames
                0x00000a2a       0x27 c:/altera/12.0sp2/nios2eds/bin/gnu/h-i686-mingw32/bin/../lib/gcc/nios2-elf/4.1.2/../../../../nios2-elf/lib/mno-hw-mul\libc.a(lib_a-putc.o)
 .debug_pubnames
                0x00000a51       0x1d c:/altera/12.0sp2/nios2eds/bin/gnu/h-i686-mingw32/bin/../lib/gcc/nios2-elf/4.1.2/../../../../nios2-elf/lib/mno-hw-mul\libc.a(lib_a-strlen.o)
 .debug_pubnames
                0x00000a6e       0x2c c:/altera/12.0sp2/nios2eds/bin/gnu/h-i686-mingw32/bin/../lib/gcc/nios2-elf/4.1.2/../../../../nios2-elf/lib/mno-hw-mul\libc.a(lib_a-wbuf.o)
 .debug_pubnames
                0x00000a9a       0x22 c:/altera/12.0sp2/nios2eds/bin/gnu/h-i686-mingw32/bin/../lib/gcc/nios2-elf/4.1.2/../../../../nios2-elf/lib/mno-hw-mul\libc.a(lib_a-wsetup.o)
 .debug_pubnames
                0x00000abc       0x2a c:/altera/12.0sp2/nios2eds/bin/gnu/h-i686-mingw32/bin/../lib/gcc/nios2-elf/4.1.2/../../../../nios2-elf/lib/mno-hw-mul\libc.a(lib_a-__atexit.o)
 .debug_pubnames
                0x00000ae6       0x27 c:/altera/12.0sp2/nios2eds/bin/gnu/h-i686-mingw32/bin/../lib/gcc/nios2-elf/4.1.2/../../../../nios2-elf/lib/mno-hw-mul\libc.a(lib_a-__call_atexit.o)
 .debug_pubnames
                0x00000b0d       0x2b c:/altera/12.0sp2/nios2eds/bin/gnu/h-i686-mingw32/bin/../lib/gcc/nios2-elf/4.1.2/../../../../nios2-elf/lib/mno-hw-mul\libc.a(lib_a-fflush.o)
 .debug_pubnames
                0x00000b38       0xdb c:/altera/12.0sp2/nios2eds/bin/gnu/h-i686-mingw32/bin/../lib/gcc/nios2-elf/4.1.2/../../../../nios2-elf/lib/mno-hw-mul\libc.a(lib_a-findfp.o)
 .debug_pubnames
                0x00000c13       0x2e c:/altera/12.0sp2/nios2eds/bin/gnu/h-i686-mingw32/bin/../lib/gcc/nios2-elf/4.1.2/../../../../nios2-elf/lib/mno-hw-mul\libc.a(lib_a-fwalk.o)
 .debug_pubnames
                0x00000c41       0x23 c:/altera/12.0sp2/nios2eds/bin/gnu/h-i686-mingw32/bin/../lib/gcc/nios2-elf/4.1.2/../../../../nios2-elf/lib/mno-hw-mul\libc.a(lib_a-makebuf.o)
 .debug_pubnames
                0x00000c64       0x1d c:/altera/12.0sp2/nios2eds/bin/gnu/h-i686-mingw32/bin/../lib/gcc/nios2-elf/4.1.2/../../../../nios2-elf/lib/mno-hw-mul\libc.a(lib_a-memset.o)
 .debug_pubnames
                0x00000c81       0x44 c:/altera/12.0sp2/nios2eds/bin/gnu/h-i686-mingw32/bin/../lib/gcc/nios2-elf/4.1.2/../../../../nios2-elf/lib/mno-hw-mul\libc.a(lib_a-stdio.o)
 .debug_pubnames
                0x00000cc5       0x1f c:/altera/12.0sp2/nios2eds/bin/gnu/h-i686-mingw32/bin/../lib/gcc/nios2-elf/4.1.2/../../../../nios2-elf/lib/mno-hw-mul\libc.a(lib_a-writer.o)
 .debug_pubnames
                0x00000ce4       0x1f c:/altera/12.0sp2/nios2eds/bin/gnu/h-i686-mingw32/bin/../lib/gcc/nios2-elf/4.1.2/../../../../nios2-elf/lib/mno-hw-mul\libc.a(lib_a-closer.o)
 .debug_pubnames
                0x00000d03       0x2b c:/altera/12.0sp2/nios2eds/bin/gnu/h-i686-mingw32/bin/../lib/gcc/nios2-elf/4.1.2/../../../../nios2-elf/lib/mno-hw-mul\libc.a(lib_a-fclose.o)
 .debug_pubnames
                0x00000d2e       0x1f c:/altera/12.0sp2/nios2eds/bin/gnu/h-i686-mingw32/bin/../lib/gcc/nios2-elf/4.1.2/../../../../nios2-elf/lib/mno-hw-mul\libc.a(lib_a-fstatr.o)
 .debug_pubnames
                0x00000d4d       0x20 c:/altera/12.0sp2/nios2eds/bin/gnu/h-i686-mingw32/bin/../lib/gcc/nios2-elf/4.1.2/../../../../nios2-elf/lib/mno-hw-mul\libc.a(lib_a-isattyr.o)
 .debug_pubnames
                0x00000d6d       0x1f c:/altera/12.0sp2/nios2eds/bin/gnu/h-i686-mingw32/bin/../lib/gcc/nios2-elf/4.1.2/../../../../nios2-elf/lib/mno-hw-mul\libc.a(lib_a-lseekr.o)
 .debug_pubnames
                0x00000d8c       0x1e c:/altera/12.0sp2/nios2eds/bin/gnu/h-i686-mingw32/bin/../lib/gcc/nios2-elf/4.1.2/../../../../nios2-elf/lib/mno-hw-mul\libc.a(lib_a-readr.o)
 .debug_pubnames
                0x00000daa       0x1c C:/Users/Rees/Documents/GitHub/uOS/project2-thread-scheduler_bsp/\libhal_bsp.a(alt_exit.o)
 .debug_pubnames
                0x00000dc6       0x1c C:/Users/Rees/Documents/GitHub/uOS/project2-thread-scheduler_bsp/\libhal_bsp.a(alt_fstat.o)
 .debug_pubnames
                0x00000de2       0x1d C:/Users/Rees/Documents/GitHub/uOS/project2-thread-scheduler_bsp/\libhal_bsp.a(alt_isatty.o)
 .debug_pubnames
                0x00000dff       0x1c C:/Users/Rees/Documents/GitHub/uOS/project2-thread-scheduler_bsp/\libhal_bsp.a(alt_lseek.o)
 .debug_pubnames
                0x00000e1b       0x1b C:/Users/Rees/Documents/GitHub/uOS/project2-thread-scheduler_bsp/\libhal_bsp.a(alt_read.o)
 .debug_pubnames
                0x00000e36       0x1c C:/Users/Rees/Documents/GitHub/uOS/project2-thread-scheduler_bsp/\libhal_bsp.a(alt_write.o)

.debug_info     0x00000000    0x1a484
 *(.debug_info .gnu.linkonce.wi.*)
 .debug_info    0x00000000       0x72 C:/Users/Rees/Documents/GitHub/uOS/project2-thread-scheduler_bsp//obj/HAL/src/crt0.o
 .debug_info    0x00000072      0x577 obj/default/main.o
 .debug_info    0x000005e9      0x21c c:/altera/12.0sp2/nios2eds/bin/gnu/h-i686-mingw32/bin/../lib/gcc/nios2-elf/4.1.2/mno-hw-mul\libgcc.a(lib2-divmod.o)
 .debug_info    0x00000805       0xf3 c:/altera/12.0sp2/nios2eds/bin/gnu/h-i686-mingw32/bin/../lib/gcc/nios2-elf/4.1.2/mno-hw-mul\libgcc.a(lib2-mul.o)
 .debug_info    0x000008f8      0x96e c:/altera/12.0sp2/nios2eds/bin/gnu/h-i686-mingw32/bin/../lib/gcc/nios2-elf/4.1.2/../../../../nios2-elf/lib/mno-hw-mul\libc.a(lib_a-malloc.o)
 .debug_info    0x00001266      0xcd0 c:/altera/12.0sp2/nios2eds/bin/gnu/h-i686-mingw32/bin/../lib/gcc/nios2-elf/4.1.2/../../../../nios2-elf/lib/mno-hw-mul\libc.a(lib_a-mallocr.o)
 .debug_info    0x00001f36      0x962 c:/altera/12.0sp2/nios2eds/bin/gnu/h-i686-mingw32/bin/../lib/gcc/nios2-elf/4.1.2/../../../../nios2-elf/lib/mno-hw-mul\libc.a(lib_a-sbrkr.o)
 .debug_info    0x00002898      0xbc9 c:/altera/12.0sp2/nios2eds/bin/gnu/h-i686-mingw32/bin/../lib/gcc/nios2-elf/4.1.2/../../../../nios2-elf/lib/mno-hw-mul\libc.a(lib_a-freer.o)
 .debug_info    0x00003461      0x93d c:/altera/12.0sp2/nios2eds/bin/gnu/h-i686-mingw32/bin/../lib/gcc/nios2-elf/4.1.2/../../../../nios2-elf/lib/mno-hw-mul\libc.a(lib_a-impure.o)
 .debug_info    0x00003d9e       0x8c c:/altera/12.0sp2/nios2eds/bin/gnu/h-i686-mingw32/bin/../lib/gcc/nios2-elf/4.1.2/../../../../nios2-elf/lib/mno-hw-mul\libc.a(lib_a-int_errno.o)
 .debug_info    0x00003e2a      0x439 C:/Users/Rees/Documents/GitHub/uOS/project2-thread-scheduler_bsp/\libhal_bsp.a(alt_alarm_start.o)
 .debug_info    0x00004263      0x284 C:/Users/Rees/Documents/GitHub/uOS/project2-thread-scheduler_bsp/\libhal_bsp.a(alt_load.o)
 .debug_info    0x000044e7      0x21c C:/Users/Rees/Documents/GitHub/uOS/project2-thread-scheduler_bsp/\libhal_bsp.a(alt_main.o)
 .debug_info    0x00004703      0xc0f C:/Users/Rees/Documents/GitHub/uOS/project2-thread-scheduler_bsp/\libhal_bsp.a(alt_malloc_lock.o)
 .debug_info    0x00005312      0x19f C:/Users/Rees/Documents/GitHub/uOS/project2-thread-scheduler_bsp/\libhal_bsp.a(alt_printf.o)
 .debug_info    0x000054b1      0xbf3 C:/Users/Rees/Documents/GitHub/uOS/project2-thread-scheduler_bsp/\libhal_bsp.a(alt_putchar.o)
 .debug_info    0x000060a4      0x2ae C:/Users/Rees/Documents/GitHub/uOS/project2-thread-scheduler_bsp/\libhal_bsp.a(alt_sbrk.o)
 .debug_info    0x00006352      0x3f5 C:/Users/Rees/Documents/GitHub/uOS/project2-thread-scheduler_bsp/\libhal_bsp.a(alt_tick.o)
 .debug_info    0x00006747      0x717 C:/Users/Rees/Documents/GitHub/uOS/project2-thread-scheduler_bsp/\libhal_bsp.a(alt_sys_init.o)
 .debug_info    0x00006e5e      0x7d0 C:/Users/Rees/Documents/GitHub/uOS/project2-thread-scheduler_bsp/\libhal_bsp.a(altera_avalon_jtag_uart_fd.o)
 .debug_info    0x0000762e      0x5f8 C:/Users/Rees/Documents/GitHub/uOS/project2-thread-scheduler_bsp/\libhal_bsp.a(altera_avalon_jtag_uart_init.o)
 .debug_info    0x00007c26      0x43a C:/Users/Rees/Documents/GitHub/uOS/project2-thread-scheduler_bsp/\libhal_bsp.a(altera_avalon_jtag_uart_ioctl.o)
 .debug_info    0x00008060      0x53d C:/Users/Rees/Documents/GitHub/uOS/project2-thread-scheduler_bsp/\libhal_bsp.a(altera_avalon_jtag_uart_read.o)
 .debug_info    0x0000859d      0x535 C:/Users/Rees/Documents/GitHub/uOS/project2-thread-scheduler_bsp/\libhal_bsp.a(altera_avalon_jtag_uart_write.o)