Archive member included because of file (symbol)

c:/altera/12.0sp2/nios2eds/bin/gnu/h-i686-mingw32/bin/../lib/gcc/nios2-elf/4.1.2/mno-hw-mul\libgcc.a(lib2-divmod.o)
                              obj/default/main.o (__udivsi3)
c:/altera/12.0sp2/nios2eds/bin/gnu/h-i686-mingw32/bin/../lib/gcc/nios2-elf/4.1.2/mno-hw-mul\libgcc.a(lib2-mul.o)
                              obj/default/main.o (__mulsi3)
c:/altera/12.0sp2/nios2eds/bin/gnu/h-i686-mingw32/bin/../lib/gcc/nios2-elf/4.1.2/../../../../nios2-elf/lib/mno-hw-mul\libc.a(lib_a-malloc.o)
                              obj/default/main.o (free)
c:/altera/12.0sp2/nios2eds/bin/gnu/h-i686-mingw32/bin/../lib/gcc/nios2-elf/4.1.2/../../../../nios2-elf/lib/mno-hw-mul\libc.a(lib_a-mallocr.o)
                              c:/altera/12.0sp2/nios2eds/bin/gnu/h-i686-mingw32/bin/../lib/gcc/nios2-elf/4.1.2/../../../../nios2-elf/lib/mno-hw-mul\libc.a(lib_a-malloc.o) (_malloc_r)
c:/altera/12.0sp2/nios2eds/bin/gnu/h-i686-mingw32/bin/../lib/gcc/nios2-elf/4.1.2/../../../../nios2-elf/lib/mno-hw-mul\libc.a(lib_a-sbrkr.o)
                              c:/altera/12.0sp2/nios2eds/bin/gnu/h-i686-mingw32/bin/../lib/gcc/nios2-elf/4.1.2/../../../../nios2-elf/lib/mno-hw-mul\libc.a(lib_a-mallocr.o) (_sbrk_r)
c:/altera/12.0sp2/nios2eds/bin/gnu/h-i686-mingw32/bin/../lib/gcc/nios2-elf/4.1.2/../../../../nios2-elf/lib/mno-hw-mul\libc.a(lib_a-freer.o)
                              c:/altera/12.0sp2/nios2eds/bin/gnu/h-i686-mingw32/bin/../lib/gcc/nios2-elf/4.1.2/../../../../nios2-elf/lib/mno-hw-mul\libc.a(lib_a-malloc.o) (_free_r)
c:/altera/12.0sp2/nios2eds/bin/gnu/h-i686-mingw32/bin/../lib/gcc/nios2-elf/4.1.2/../../../../nios2-elf/lib/mno-hw-mul\libc.a(lib_a-impure.o)
                              c:/altera/12.0sp2/nios2eds/bin/gnu/h-i686-mingw32/bin/../lib/gcc/nios2-elf/4.1.2/../../../../nios2-elf/lib/mno-hw-mul\libc.a(lib_a-malloc.o) (_impure_ptr)
c:/altera/12.0sp2/nios2eds/bin/gnu/h-i686-mingw32/bin/../lib/gcc/nios2-elf/4.1.2/../../../../nios2-elf/lib/mno-hw-mul\libc.a(lib_a-int_errno.o)
                              c:/altera/12.0sp2/nios2eds/bin/gnu/h-i686-mingw32/bin/../lib/gcc/nios2-elf/4.1.2/../../../../nios2-elf/lib/mno-hw-mul\libc.a(lib_a-sbrkr.o) (errno)
C:/Users/Rees/Documents/GitHub/uOS/thread-scheduler_bsp/\libhal_bsp.a(alt_alarm_start.o)
                              obj/default/main.o (alt_alarm_start)
C:/Users/Rees/Documents/GitHub/uOS/thread-scheduler_bsp/\libhal_bsp.a(alt_load.o)
                              C:/Users/Rees/Documents/GitHub/uOS/thread-scheduler_bsp//obj/HAL/src/crt0.o (alt_load)
C:/Users/Rees/Documents/GitHub/uOS/thread-scheduler_bsp/\libhal_bsp.a(alt_main.o)
                              C:/Users/Rees/Documents/GitHub/uOS/thread-scheduler_bsp//obj/HAL/src/crt0.o (alt_main)
C:/Users/Rees/Documents/GitHub/uOS/thread-scheduler_bsp/\libhal_bsp.a(alt_malloc_lock.o)
                              c:/altera/12.0sp2/nios2eds/bin/gnu/h-i686-mingw32/bin/../lib/gcc/nios2-elf/4.1.2/../../../../nios2-elf/lib/mno-hw-mul\libc.a(lib_a-mallocr.o) (__malloc_lock)
C:/Users/Rees/Documents/GitHub/uOS/thread-scheduler_bsp/\libhal_bsp.a(alt_printf.o)
                              obj/default/main.o (alt_printf)
C:/Users/Rees/Documents/GitHub/uOS/thread-scheduler_bsp/\libhal_bsp.a(alt_putchar.o)
                              C:/Users/Rees/Documents/GitHub/uOS/thread-scheduler_bsp/\libhal_bsp.a(alt_printf.o) (alt_putchar)
C:/Users/Rees/Documents/GitHub/uOS/thread-scheduler_bsp/\libhal_bsp.a(alt_sbrk.o)
                              c:/altera/12.0sp2/nios2eds/bin/gnu/h-i686-mingw32/bin/../lib/gcc/nios2-elf/4.1.2/../../../../nios2-elf/lib/mno-hw-mul\libc.a(lib_a-sbrkr.o) (sbrk)
C:/Users/Rees/Documents/GitHub/uOS/thread-scheduler_bsp/\libhal_bsp.a(alt_tick.o)
                              obj/default/main.o (_alt_tick_rate)
C:/Users/Rees/Documents/GitHub/uOS/thread-scheduler_bsp/\libhal_bsp.a(alt_sys_init.o)
                              C:/Users/Rees/Documents/GitHub/uOS/thread-scheduler_bsp/\libhal_bsp.a(alt_main.o) (alt_irq_init)
C:/Users/Rees/Documents/GitHub/uOS/thread-scheduler_bsp/\libhal_bsp.a(altera_avalon_jtag_uart_fd.o)
                              C:/Users/Rees/Documents/GitHub/uOS/thread-scheduler_bsp/\libhal_bsp.a(alt_sys_init.o) (altera_avalon_jtag_uart_read_fd)
C:/Users/Rees/Documents/GitHub/uOS/thread-scheduler_bsp/\libhal_bsp.a(altera_avalon_jtag_uart_init.o)
                              C:/Users/Rees/Documents/GitHub/uOS/thread-scheduler_bsp/\libhal_bsp.a(alt_sys_init.o) (altera_avalon_jtag_uart_init)
C:/Users/Rees/Documents/GitHub/uOS/thread-scheduler_bsp/\libhal_bsp.a(altera_avalon_jtag_uart_ioctl.o)
                              C:/Users/Rees/Documents/GitHub/uOS/thread-scheduler_bsp/\libhal_bsp.a(altera_avalon_jtag_uart_fd.o) (altera_avalon_jtag_uart_ioctl)
C:/Users/Rees/Documents/GitHub/uOS/thread-scheduler_bsp/\libhal_bsp.a(altera_avalon_jtag_uart_read.o)
[...]
Memory Configuration

Name             Origin             Length             Attributes
reset            0x00000000         0x00000020
SDRAM            0x00000020         0x007fffe0
SRAM             0x08000000         0x00080000
Onchip_memory    0x09000000         0x00002000
*default*        0x00000000         0xffffffff

Linker script and memory map

LOAD C:/Users/Rees/Documents/GitHub/uOS/thread-scheduler_bsp//obj/HAL/src/crt0.o
LOAD obj/default/main.o
LOAD obj/default/my_scheduler.o
LOAD c:/altera/12.0sp2/nios2eds/bin/gnu/h-i686-mingw32/bin/../lib/gcc/nios2-elf/4.1.2/../../../../nios2-elf/lib/mno-hw-mul\libstdc++.a
LOAD c:/altera/12.0sp2/nios2eds/bin/gnu/h-i686-mingw32/bin/../lib/gcc/nios2-elf/4.1.2/../../../../nios2-elf/lib/mno-hw-mul\libm.a
LOAD c:/altera/12.0sp2/nios2eds/bin/gnu/h-i686-mingw32/bin/../lib/gcc/nios2-elf/4.1.2/mno-hw-mul\libgcc.a
START GROUP
LOAD c:/altera/12.0sp2/nios2eds/bin/gnu/h-i686-mingw32/bin/../lib/gcc/nios2-elf/4.1.2/../../../../nios2-elf/lib/mno-hw-mul\libc.a
LOAD c:/altera/12.0sp2/nios2eds/bin/gnu/h-i686-mingw32/bin/../lib/gcc/nios2-elf/4.1.2/mno-hw-mul\libgcc.a
LOAD C:/Users/Rees/Documents/GitHub/uOS/thread-scheduler_bsp/\libhal_bsp.a
END GROUP
LOAD c:/altera/12.0sp2/nios2eds/bin/gnu/h-i686-mingw32/bin/../lib/gcc/nios2-elf/4.1.2/mno-hw-mul\libgcc.a
                0x00000000                __alt_mem_SDRAM = 0x0
                0x08000000                __alt_mem_SRAM = 0x8000000
                0x09000000                __alt_mem_Onchip_memory = 0x9000000

.entry          0x00000000       0x20
 *(.entry)
 .entry         0x00000000       0x20 C:/Users/Rees/Documents/GitHub/uOS/thread-scheduler_bsp//obj/HAL/src/crt0.o
                0x00000000                __reset

.exceptions     0x00000020      0x1b8
                0x00000020                PROVIDE (__ram_exceptions_start, ABSOLUTE (.))
                0x00000020                . = ALIGN (0x20)
 *(.irq)
 *(.exceptions.entry.label)
 .exceptions.entry.label
                0x00000020        0x0 C:/Users/Rees/Documents/GitHub/uOS/thread-scheduler_bsp/\libhal_bsp.a(alt_irq_entry.o)
                0x00000020                alt_irq_entry
 .exceptions.entry.label
                0x00000020        0x0 C:/Users/Rees/Documents/GitHub/uOS/thread-scheduler_bsp/\libhal_bsp.a(alt_exception_entry.o)
                0x00000020                alt_exception
 *(.exceptions.entry.user)
 *(.exceptions.entry)
 .exceptions.entry
                0x00000020       0x54 C:/Users/Rees/Documents/GitHub/uOS/thread-scheduler_bsp/\libhal_bsp.a(alt_exception_entry.o)
 *(.exceptions.irqtest.user)
 *(.exceptions.irqtest)
 .exceptions.irqtest
                0x00000074       0x10 C:/Users/Rees/Documents/GitHub/uOS/thread-scheduler_bsp/\libhal_bsp.a(alt_irq_entry.o)
 *(.exceptions.irqhandler.user)
 *(.exceptions.irqhandler)
 .exceptions.irqhandler
                0x00000084        0x4 C:/Users/Rees/Documents/GitHub/uOS/thread-scheduler_bsp/\libhal_bsp.a(alt_irq_entry.o)
 *(.exceptions.irqreturn.user)
 *(.exceptions.irqreturn)
 .exceptions.irqreturn
                0x00000088        0x4 C:/Users/Rees/Documents/GitHub/uOS/thread-scheduler_bsp/\libhal_bsp.a(alt_irq_entry.o)
 *(.exceptions.notirq.label)
 .exceptions.notirq.label
                0x0000008c        0x0 C:/Users/Rees/Documents/GitHub/uOS/thread-scheduler_bsp/\libhal_bsp.a(alt_irq_entry.o)
 *(.exceptions.notirq.user)
 *(.exceptions.notirq)
 .exceptions.notirq
                0x0000008c        0x8 C:/Users/Rees/Documents/GitHub/uOS/thread-scheduler_bsp/\libhal_bsp.a(alt_exception_entry.o)
 *(.exceptions.soft.user)
 *(.exceptions.soft)
 *(.exceptions.unknown.user)
 *(.exceptions.unknown)
 .exceptions.unknown
                0x00000094        0x4 C:/Users/Rees/Documents/GitHub/uOS/thread-scheduler_bsp/\libhal_bsp.a(alt_exception_entry.o)
 *(.exceptions.exit.label)
 .exceptions.exit.label
                0x00000098        0x0 C:/Users/Rees/Documents/GitHub/uOS/thread-scheduler_bsp/\libhal_bsp.a(alt_irq_entry.o)
 .exceptions.exit.label
                0x00000098        0x0 C:/Users/Rees/Documents/GitHub/uOS/thread-scheduler_bsp/\libhal_bsp.a(alt_exception_entry.o)
 *(.exceptions.exit.user)
 .exceptions.exit.user
                0x00000098       0x24 obj/default/my_scheduler.o
 *(.exceptions.exit)
 .exceptions.exit
                0x000000bc       0x54 C:/Users/Rees/Documents/GitHub/uOS/thread-scheduler_bsp/\libhal_bsp.a(alt_exception_entry.o)
 *(.exceptions)
 .exceptions    0x00000110       0xc8 C:/Users/Rees/Documents/GitHub/uOS/thread-scheduler_bsp/\libhal_bsp.a(alt_irq_handler.o)
                0x00000110                alt_irq_handler
                0x000001d8                PROVIDE (__ram_exceptions_end, ABSOLUTE (.))
                0x00000020                PROVIDE (__flash_exceptions_start, LOADADDR (.exceptions))

.text           0x000001d8     0x5598
                0x000001d8                PROVIDE (stext, ABSOLUTE (.))
 *(.interp)
 *(.hash)
 *(.dynsym)
 *(.dynstr)
 *(.gnu.version)
 *(.gnu.version_d)
 *(.gnu.version_r)
 *(.rel.init)
 *(.rela.init)
 *(.rel.text .rel.text.* .rel.gnu.linkonce.t.*)
 *(.rela.text .rela.text.* .rela.gnu.linkonce.t.*)
 *(.rel.fini)
 *(.rela.fini)
 *(.rel.rodata .rel.rodata.* .rel.gnu.linkonce.r.*)
 *(.rela.rodata .rela.rodata.* .rela.gnu.linkonce.r.*)
 *(.rel.data .rel.data.* .rel.gnu.linkonce.d.*)
 *(.rela.data .rela.data.* .rela.gnu.linkonce.d.*)
 *(.rel.tdata .rel.tdata.* .rel.gnu.linkonce.td.*)
 *(.rela.tdata .rela.tdata.* .rela.gnu.linkonce.td.*)
 *(.rel.tbss .rel.tbss.* .rel.gnu.linkonce.tb.*)
 *(.rela.tbss .rela.tbss.* .rela.gnu.linkonce.tb.*)
 *(.rel.ctors)
 *(.rela.ctors)
 *(.rel.dtors)
 *(.rela.dtors)
 *(.rel.got)
 *(.rela.got)
 *(.rel.sdata .rel.sdata.* .rel.gnu.linkonce.s.*)
 *(.rela.sdata .rela.sdata.* .rela.gnu.linkonce.s.*)
 *(.rel.sbss .rel.sbss.* .rel.gnu.linkonce.sb.*)
 *(.rela.sbss .rela.sbss.* .rela.gnu.linkonce.sb.*)
 *(.rel.sdata2 .rel.sdata2.* .rel.gnu.linkonce.s2.*)
 *(.rela.sdata2 .rela.sdata2.* .rela.gnu.linkonce.s2.*)
 *(.rel.sbss2 .rel.sbss2.* .rel.gnu.linkonce.sb2.*)
 *(.rela.sbss2 .rela.sbss2.* .rela.gnu.linkonce.sb2.*)
 *(.rel.bss .rel.bss.* .rel.gnu.linkonce.b.*)
 *(.rela.bss .rela.bss.* .rela.gnu.linkonce.b.*)
 *(.rel.plt)
 *(.rela.plt)
 *(.rel.dyn)
 *(.init)
 *(.plt)
 *(.text .stub .text.* .gnu.linkonce.t.*)
 .text          0x000001d8       0x3c C:/Users/Rees/Documents/GitHub/uOS/thread-scheduler_bsp//obj/HAL/src/crt0.o
                0x000001d8                _start
 .text          0x00000214      0x764 obj/default/main.o
                0x00000214                main
                0x00000240                mythread
                0x000002e8                thread_create
                0x000003ec                thread_join
                0x00000428                thread_scheduler
                0x00000500                destroy_thread
                0x0000054c                finish_thread
                0x00000574                prune_queue
                0x00000690                prioritize_queue
                0x000007b0                prototype_os
                0x00000888                interrupt_handler
                0x000008f4                reset_global_flag
                0x00000914                get_global_flag
                0x00000934                disable_interrupts
                0x00000954                enable_interrupts
 .text          0x00000978        0x0 obj/default/my_scheduler.o
 .text          0x00000978      0x14c c:/altera/12.0sp2/nios2eds/bin/gnu/h-i686-mingw32/bin/../lib/gcc/nios2-elf/4.1.2/mno-hw-mul\libgcc.a(lib2-divmod.o)
                0x000009f4                __divsi3
                0x00000a54                __modsi3
                0x00000ab4                __udivsi3
                0x00000abc                __umodsi3
 .text          0x00000ac4       0x38 c:/altera/12.0sp2/nios2eds/bin/gnu/h-i686-mingw32/bin/../lib/gcc/nios2-elf/4.1.2/mno-hw-mul\libgcc.a(lib2-mul.o)
                0x00000ac4                __mulsi3
 .text          0x00000afc       0x28 c:/altera/12.0sp2/nios2eds/bin/gnu/h-i686-mingw32/bin/../lib/gcc/nios2-elf/4.1.2/../../../../nios2-elf/lib/mno-hw-mul\libc.a(lib_a-malloc.o)
                0x00000afc                free
                0x00000b10                malloc
 .text          0x00000b24      0x740 c:/altera/12.0sp2/nios2eds/bin/gnu/h-i686-mingw32/bin/../lib/gcc/nios2-elf/4.1.2/../../../../nios2-elf/lib/mno-hw-mul\libc.a(lib_a-mallocr.o)
                0x00000b24                _malloc_r
 .text          0x00001264       0x70 c:/altera/12.0sp2/nios2eds/bin/gnu/h-i686-mingw32/bin/../lib/gcc/nios2-elf/4.1.2/../../../../nios2-elf/lib/mno-hw-mul\libc.a(lib_a-sbrkr.o)
                0x00001264                _sbrk_r
 .text          0x000012d4      0x440 c:/altera/12.0sp2/nios2eds/bin/gnu/h-i686-mingw32/bin/../lib/gcc/nios2-elf/4.1.2/../../../../nios2-elf/lib/mno-hw-mul\libc.a(lib_a-freer.o)
                0x000012d4                _malloc_trim_r
                0x00001400                _free_r
 .text          0x00001714        0x0 c:/altera/12.0sp2/nios2eds/bin/gnu/h-i686-mingw32/bin/../lib/gcc/nios2-elf/4.1.2/../../../../nios2-elf/lib/mno-hw-mul\libc.a(lib_a-impure.o)
 .text          0x00001714        0x0 c:/altera/12.0sp2/nios2eds/bin/gnu/h-i686-mingw32/bin/../lib/gcc/nios2-elf/4.1.2/../../../../nios2-elf/lib/mno-hw-mul\libc.a(lib_a-int_errno.o)
 .text          0x00001714      0x154 C:/Users/Rees/Documents/GitHub/uOS/thread-scheduler_bsp/\libhal_bsp.a(alt_alarm_start.o)
                0x00001714                alt_alarm_start
 .text          0x00001868       0xec C:/Users/Rees/Documents/GitHub/uOS/thread-scheduler_bsp/\libhal_bsp.a(alt_load.o)
                0x00001868                alt_load
 .text          0x00001954       0x6c C:/Users/Rees/Documents/GitHub/uOS/thread-scheduler_bsp/\libhal_bsp.a(alt_main.o)
                0x00001954                alt_main
 .text          0x000019c0       0x40 C:/Users/Rees/Documents/GitHub/uOS/thread-scheduler_bsp/\libhal_bsp.a(alt_malloc_lock.o)
                0x000019c0                __malloc_lock
                0x000019e0                __malloc_unlock
 .text          0x00001a00      0x258 C:/Users/Rees/Documents/GitHub/uOS/thread-scheduler_bsp/\libhal_bsp.a(alt_printf.o)
                0x00001a00                alt_printf
 .text          0x00001c58       0x40 C:/Users/Rees/Documents/GitHub/uOS/thread-scheduler_bsp/\libhal_bsp.a(alt_putchar.o)
                0x00001c58                alt_putchar
 .text          0x00001c98       0xbc C:/Users/Rees/Documents/GitHub/uOS/thread-scheduler_bsp/\libhal_bsp.a(alt_sbrk.o)
                0x00001c98                sbrk
 .text          0x00001d54      0x1a4 C:/Users/Rees/Documents/GitHub/uOS/thread-scheduler_bsp/\libhal_bsp.a(alt_tick.o)
                0x00001d54                alt_alarm_stop
                0x00001dec                alt_tick
 .text          0x00001ef8       0xc8 C:/Users/Rees/Documents/GitHub/uOS/thread-scheduler_bsp/\libhal_bsp.a(alt_sys_init.o)
                0x00001ef8                alt_irq_init
                0x00001f2c                alt_sys_init
 .text          0x00001fc0      0x148 C:/Users/Rees/Documents/GitHub/uOS/thread-scheduler_bsp/\libhal_bsp.a(altera_avalon_jtag_uart_fd.o)
                0x00001fc0                altera_avalon_jtag_uart_read_fd
                0x00002018                altera_avalon_jtag_uart_write_fd
                0x00002070                altera_avalon_jtag_uart_close_fd
                0x000020b8                altera_avalon_jtag_uart_ioctl_fd
 .text          0x00002108      0x40c C:/Users/Rees/Documents/GitHub/uOS/thread-scheduler_bsp/\libhal_bsp.a(altera_avalon_jtag_uart_init.o)
                0x00002108                altera_avalon_jtag_uart_init
                0x000024a0                altera_avalon_jtag_uart_close
 .text          0x00002514       0xf4 C:/Users/Rees/Documents/GitHub/uOS/thread-scheduler_bsp/\libhal_bsp.a(altera_avalon_jtag_uart_ioctl.o)
                0x00002514                altera_avalon_jtag_uart_ioctl
 .text          0x00002608      0x224 C:/Users/Rees/Documents/GitHub/uOS/thread-scheduler_bsp/\libhal_bsp.a(altera_avalon_jtag_uart_read.o)
                0x00002608                altera_avalon_jtag_uart_read
 .text          0x0000282c      0x240 C:/Users/Rees/Documents/GitHub/uOS/thread-scheduler_bsp/\libhal_bsp.a(altera_avalon_jtag_uart_write.o)
                0x0000282c                altera_avalon_jtag_uart_write
 .text          0x00002a6c      0x100 C:/Users/Rees/Documents/GitHub/uOS/thread-scheduler_bsp/\libhal_bsp.a(altera_avalon_timer_sc.o)
                0x00002adc                alt_avalon_timer_sc_init
 .text          0x00002b6c      0x160 C:/Users/Rees/Documents/GitHub/uOS/thread-scheduler_bsp/\libhal_bsp.a(alt_close.o)
                0x00002b6c                close
 .text          0x00002ccc       0x1c C:/Users/Rees/Documents/GitHub/uOS/thread-scheduler_bsp/\libhal_bsp.a(alt_dcache_flush_all.o)
                0x00002ccc                alt_dcache_flush_all
 .text          0x00002ce8       0x2c C:/Users/Rees/Documents/GitHub/uOS/thread-scheduler_bsp/\libhal_bsp.a(alt_dev.o)
 .text          0x00002d14      0x114 C:/Users/Rees/Documents/GitHub/uOS/thread-scheduler_bsp/\libhal_bsp.a(alt_dev_llist_insert.o)
                0x00002d14                alt_dev_llist_insert
 .text          0x00002e28       0x64 C:/Users/Rees/Documents/GitHub/uOS/thread-scheduler_bsp/\libhal_bsp.a(alt_do_ctors.o)
                0x00002e28                _do_ctors
 .text          0x00002e8c       0x64 C:/Users/Rees/Documents/GitHub/uOS/thread-scheduler_bsp/\libhal_bsp.a(alt_do_dtors.o)
                0x00002e8c                _do_dtors
 .text          0x00002ef0        0x0 C:/Users/Rees/Documents/GitHub/uOS/thread-scheduler_bsp/\libhal_bsp.a(alt_errno.o)
 .text          0x00002ef0       0x1c C:/Users/Rees/Documents/GitHub/uOS/thread-scheduler_bsp/\libhal_bsp.a(alt_icache_flush_all.o)
                0x00002ef0                alt_icache_flush_all
 .text          0x00002f0c      0x1d4 C:/Users/Rees/Documents/GitHub/uOS/thread-scheduler_bsp/\libhal_bsp.a(alt_iic.o)
                0x00002f0c                alt_ic_isr_register
                0x00002f5c                alt_ic_irq_enable
                0x00002ff8                alt_ic_irq_disable
                0x00003098                alt_ic_irq_enabled
 .text          0x000030e0       0xf8 C:/Users/Rees/Documents/GitHub/uOS/thread-scheduler_bsp/\libhal_bsp.a(alt_iic_isr_register.o)
                0x000030e0                alt_iic_isr_register
 .text          0x000031d8      0x150 C:/Users/Rees/Documents/GitHub/uOS/thread-scheduler_bsp/\libhal_bsp.a(alt_io_redirect.o)
                0x000032b0                alt_io_redirect
 .text          0x00003328        0x0 C:/Users/Rees/Documents/GitHub/uOS/thread-scheduler_bsp/\libhal_bsp.a(alt_irq_entry.o)
 .text          0x00003328        0x0 C:/Users/Rees/Documents/GitHub/uOS/thread-scheduler_bsp/\libhal_bsp.a(alt_irq_handler.o)
 .text          0x00003328        0x0 C:/Users/Rees/Documents/GitHub/uOS/thread-scheduler_bsp/\libhal_bsp.a(alt_irq_vars.o)
 .text          0x00003328      0x2e4 C:/Users/Rees/Documents/GitHub/uOS/thread-scheduler_bsp/\libhal_bsp.a(alt_open.o)
                0x00003420                open
 .text          0x0000360c       0x78 C:/Users/Rees/Documents/GitHub/uOS/thread-scheduler_bsp/\libhal_bsp.a(alt_release_fd.o)
                0x0000360c                alt_release_fd
 .text          0x00003684       0x20 C:/Users/Rees/Documents/GitHub/uOS/thread-scheduler_bsp/\libhal_bsp.a(altera_nios2_irq.o)
                0x00003684                altera_nios2_irq_init
 .text          0x000036a4        0x0 C:/Users/Rees/Documents/GitHub/uOS/thread-scheduler_bsp/\libhal_bsp.a(alt_exception_entry.o)
 .text          0x000036a4       0x94 C:/Users/Rees/Documents/GitHub/uOS/thread-scheduler_bsp/\libhal_bsp.a(alt_find_dev.o)
                0x000036a4                alt_find_dev
 .text          0x00003738      0x120 C:/Users/Rees/Documents/GitHub/uOS/thread-scheduler_bsp/\libhal_bsp.a(alt_find_file.o)
                0x00003738                alt_find_file
 .text          0x00003858       0xd0 C:/Users/Rees/Documents/GitHub/uOS/thread-scheduler_bsp/\libhal_bsp.a(alt_get_fd.o)
                0x00003858                alt_get_fd
 .text          0x00003928       0x14 c:/altera/12.0sp2/nios2eds/bin/gnu/h-i686-mingw32/bin/../lib/gcc/nios2-elf/4.1.2/../../../../nios2-elf/lib/mno-hw-mul\libc.a(lib_a-atexit.o)
                0x00003928                atexit
 .text          0x0000393c       0x38 c:/altera/12.0sp2/nios2eds/bin/gnu/h-i686-mingw32/bin/../lib/gcc/nios2-elf/4.1.2/../../../../nios2-elf/lib/mno-hw-mul\libc.a(lib_a-exit.o)
                0x0000393c                exit
 .text          0x00003974       0x74 c:/altera/12.0sp2/nios2eds/bin/gnu/h-i686-mingw32/bin/../lib/gcc/nios2-elf/4.1.2/../../../../nios2-elf/lib/mno-hw-mul\libc.a(lib_a-memcmp.o)
                0x00003974                memcmp
 .text          0x000039e8       0xa0 c:/altera/12.0sp2/nios2eds/bin/gnu/h-i686-mingw32/bin/../lib/gcc/nios2-elf/4.1.2/../../../../nios2-elf/lib/mno-hw-mul\libc.a(lib_a-memcpy.o)
                0x000039e8                memcpy
 .text          0x00003a88      0x1ec c:/altera/12.0sp2/nios2eds/bin/gnu/h-i686-mingw32/bin/../lib/gcc/nios2-elf/4.1.2/../../../../nios2-elf/lib/mno-hw-mul\libc.a(lib_a-putc.o)
                0x00003a88                putc
                0x00003b8c                _putc_r
 .text          0x00003c74       0x74 c:/altera/12.0sp2/nios2eds/bin/gnu/h-i686-mingw32/bin/../lib/gcc/nios2-elf/4.1.2/../../../../nios2-elf/lib/mno-hw-mul\libc.a(lib_a-strlen.o)
                0x00003c74                strlen
 .text          0x00003ce8      0x14c c:/altera/12.0sp2/nios2eds/bin/gnu/h-i686-mingw32/bin/../lib/gcc/nios2-elf/4.1.2/../../../../nios2-elf/lib/mno-hw-mul\libc.a(lib_a-wbuf.o)
                0x00003ce8                __swbuf_r
                0x00003e18                __swbuf
 .text          0x00003e34      0x13c c:/altera/12.0sp2/nios2eds/bin/gnu/h-i686-mingw32/bin/../lib/gcc/nios2-elf/4.1.2/../../../../nios2-elf/lib/mno-hw-mul\libc.a(lib_a-wsetup.o)
                0x00003e34                __swsetup_r
 .text          0x00003f70      0x134 c:/altera/12.0sp2/nios2eds/bin/gnu/h-i686-mingw32/bin/../lib/gcc/nios2-elf/4.1.2/../../../../nios2-elf/lib/mno-hw-mul\libc.a(lib_a-__atexit.o)
                0x00003f70                __register_exitproc
 .text          0x000040a4      0x1b4 c:/altera/12.0sp2/nios2eds/bin/gnu/h-i686-mingw32/bin/../lib/gcc/nios2-elf/4.1.2/../../../../nios2-elf/lib/mno-hw-mul\libc.a(lib_a-__call_atexit.o)
                0x000040a8                __call_exitprocs
 .text          0x00004258      0x230 c:/altera/12.0sp2/nios2eds/bin/gnu/h-i686-mingw32/bin/../lib/gcc/nios2-elf/4.1.2/../../../../nios2-elf/lib/mno-hw-mul\libc.a(lib_a-fflush.o)
                0x00004258                _fflush_r
                0x00004454                fflush
 .text          0x00004488      0x2f4 c:/altera/12.0sp2/nios2eds/bin/gnu/h-i686-mingw32/bin/../lib/gcc/nios2-elf/4.1.2/../../../../nios2-elf/lib/mno-hw-mul\libc.a(lib_a-findfp.o)
                0x000044e0                __sfp_lock_acquire
                0x000044e4                __sfp_lock_release
                0x000044e8                __sinit_lock_acquire
                0x000044ec                __sinit_lock_release
                0x000044f0                __sinit
                0x000045a4                __fp_unlock_all
                0x000045bc                __fp_lock_all
                0x000045d4                _cleanup_r
                0x000045e0                _cleanup
                0x000045f0                __sfmoreglue
                0x0000468c                __sfp
 .text          0x0000477c      0x180 c:/altera/12.0sp2/nios2eds/bin/gnu/h-i686-mingw32/bin/../lib/gcc/nios2-elf/4.1.2/../../../../nios2-elf/lib/mno-hw-mul\libc.a(lib_a-fwalk.o)
                0x0000477c                _fwalk_reent
                0x00004844                _fwalk
 .text          0x000048fc      0x194 c:/altera/12.0sp2/nios2eds/bin/gnu/h-i686-mingw32/bin/../lib/gcc/nios2-elf/4.1.2/../../../../nios2-elf/lib/mno-hw-mul\libc.a(lib_a-makebuf.o)
                0x000048fc                __smakebuf_r
 .text          0x00004a90       0x98 c:/altera/12.0sp2/nios2eds/bin/gnu/h-i686-mingw32/bin/../lib/gcc/nios2-elf/4.1.2/../../../../nios2-elf/lib/mno-hw-mul\libc.a(lib_a-memset.o)
                0x00004a90                memset
 .text          0x00004b28      0x14c c:/altera/12.0sp2/nios2eds/bin/gnu/h-i686-mingw32/bin/../lib/gcc/nios2-elf/4.1.2/../../../../nios2-elf/lib/mno-hw-mul\libc.a(lib_a-stdio.o)
                0x00004b28                __sclose
                0x00004b30                __sseek
                0x00004b98                __swrite
                0x00004c14                __sread
 .text          0x00004c74       0x78 c:/altera/12.0sp2/nios2eds/bin/gnu/h-i686-mingw32/bin/../lib/gcc/nios2-elf/4.1.2/../../../../nios2-elf/lib/mno-hw-mul\libc.a(lib_a-writer.o)
                0x00004c74                _write_r
 .text          0x00004cec       0x70 c:/altera/12.0sp2/nios2eds/bin/gnu/h-i686-mingw32/bin/../lib/gcc/nios2-elf/4.1.2/../../../../nios2-elf/lib/mno-hw-mul\libc.a(lib_a-closer.o)
                0x00004cec                _close_r
 .text          0x00004d5c      0x124 c:/altera/12.0sp2/nios2eds/bin/gnu/h-i686-mingw32/bin/../lib/gcc/nios2-elf/4.1.2/../../../../nios2-elf/lib/mno-hw-mul\libc.a(lib_a-fclose.o)
                0x00004d5c                _fclose_r
                0x00004e6c                fclose
 .text          0x00004e80       0x74 c:/altera/12.0sp2/nios2eds/bin/gnu/h-i686-mingw32/bin/../lib/gcc/nios2-elf/4.1.2/../../../../nios2-elf/lib/mno-hw-mul\libc.a(lib_a-fstatr.o)
                0x00004e80                _fstat_r
 .text          0x00004ef4       0x70 c:/altera/12.0sp2/nios2eds/bin/gnu/h-i686-mingw32/bin/../lib/gcc/nios2-elf/4.1.2/../../../../nios2-elf/lib/mno-hw-mul\libc.a(lib_a-isattyr.o)
                0x00004ef4                _isatty_r
 .text          0x00004f64       0x78 c:/altera/12.0sp2/nios2eds/bin/gnu/h-i686-mingw32/bin/../lib/gcc/nios2-elf/4.1.2/../../../../nios2-elf/lib/mno-hw-mul\libc.a(lib_a-lseekr.o)
                0x00004f64                _lseek_r
 .text          0x00004fdc       0x78 c:/altera/12.0sp2/nios2eds/bin/gnu/h-i686-mingw32/bin/../lib/gcc/nios2-elf/4.1.2/../../../../nios2-elf/lib/mno-hw-mul\libc.a(lib_a-readr.o)
                0x00004fdc                _read_r
 .text          0x00005054       0x60 C:/Users/Rees/Documents/GitHub/uOS/thread-scheduler_bsp/\libhal_bsp.a(alt_exit.o)
                0x00005094                _exit
 .text          0x000050b4      0x138 C:/Users/Rees/Documents/GitHub/uOS/thread-scheduler_bsp/\libhal_bsp.a(alt_fstat.o)
                0x000050b4                fstat
 .text          0x000051ec      0x124 C:/Users/Rees/Documents/GitHub/uOS/thread-scheduler_bsp/\libhal_bsp.a(alt_isatty.o)
                0x000051ec                isatty
 .text          0x00005310      0x154 C:/Users/Rees/Documents/GitHub/uOS/thread-scheduler_bsp/\libhal_bsp.a(alt_lseek.o)
                0x00005310                lseek
 .text          0x00005464      0x184 C:/Users/Rees/Documents/GitHub/uOS/thread-scheduler_bsp/\libhal_bsp.a(alt_read.o)
                0x00005464                read
 .text          0x000055e8      0x184 C:/Users/Rees/Documents/GitHub/uOS/thread-scheduler_bsp/\libhal_bsp.a(alt_write.o)
                0x000055e8                write
 *(.gnu.warning.*)
 *(.fini)
                0x0000576c                PROVIDE (__etext, ABSOLUTE (.))
                0x0000576c                PROVIDE (_etext, ABSOLUTE (.))
                0x0000576c                PROVIDE (etext, ABSOLUTE (.))
 *(.eh_frame_hdr)
                0x0000576c                . = ALIGN (0x4)
                0x0000576c                PROVIDE (__preinit_array_start, ABSOLUTE (.))
 *(.preinit_array)
                0x0000576c                PROVIDE (__preinit_array_end, ABSOLUTE (.))
                0x0000576c                PROVIDE (__init_array_start, ABSOLUTE (.))
 *(.init_array)
                0x0000576c                PROVIDE (__init_array_end, ABSOLUTE (.))
                0x0000576c                PROVIDE (__fini_array_start, ABSOLUTE (.))
 *(.fini_array)
                0x0000576c                PROVIDE (__fini_array_end, ABSOLUTE (.))
 *(.eh_frame)
 *(.gcc_except_table)
 *(.dynamic)
                0x0000576c                PROVIDE (__CTOR_LIST__, ABSOLUTE (.))
 *(.ctors)
 *(SORT(.ctors.*))
 .ctors.65535   0x0000576c        0x4 c:/altera/12.0sp2/nios2eds/bin/gnu/h-i686-mingw32/bin/../lib/gcc/nios2-elf/4.1.2/../../../../nios2-elf/lib/mno-hw-mul\libc.a(lib_a-__call_atexit.o)
                0x00005770                PROVIDE (__CTOR_END__, ABSOLUTE (.))
                0x00005770                PROVIDE (__DTOR_LIST__, ABSOLUTE (.))
 *(.dtors)
 *(SORT(.dtors.*))
                0x00005770                PROVIDE (__DTOR_END__, ABSOLUTE (.))
 *(.jcr)
                0x00005770                . = ALIGN (0x4)

.rodata         0x00005770      0x114
                0x00005770                PROVIDE (__ram_rodata_start, ABSOLUTE (.))
                0x00005770                . = ALIGN (0x4)
 *(.rodata .rodata.* .gnu.linkonce.r.*)
 .rodata        0x00005770       0xe4 obj/default/main.o
 .rodata.str1.4
                0x00005854        0x4 c:/altera/12.0sp2/nios2eds/bin/gnu/h-i686-mingw32/bin/../lib/gcc/nios2-elf/4.1.2/../../../../nios2-elf/lib/mno-hw-mul\libc.a(lib_a-impure.o)
 .rodata        0x00005858       0x10 C:/Users/Rees/Documents/GitHub/uOS/thread-scheduler_bsp/\libhal_bsp.a(alt_main.o)
 .rodata        0x00005868       0x10 C:/Users/Rees/Documents/GitHub/uOS/thread-scheduler_bsp/\libhal_bsp.a(alt_sys_init.o)
 .rodata        0x00005878        0xc C:/Users/Rees/Documents/GitHub/uOS/thread-scheduler_bsp/\libhal_bsp.a(alt_dev.o)
 *(.rodata1)
                0x00005884                . = ALIGN (0x4)
                0x00005884                PROVIDE (__ram_rodata_end, ABSOLUTE (.))
                0x00005770                PROVIDE (__flash_rodata_start, LOADADDR (.rodata))

.rwdata         0x00005884     0x1a48 load address 0x000072cc
                0x00005884                PROVIDE (__ram_rwdata_start, ABSOLUTE (.))
                0x00005884                . = ALIGN (0x4)
 *(.got.plt)
 *(.got)
 *(.data1)
 *(.data .data.* .gnu.linkonce.d.*)
 .data          0x00005884        0x0 C:/Users/Rees/Documents/GitHub/uOS/thread-scheduler_bsp//obj/HAL/src/crt0.o
 .data          0x00005884        0x0 obj/default/main.o
 .data          0x00005884        0x0 obj/default/my_scheduler.o
 .data          0x00005884        0x0 c:/altera/12.0sp2/nios2eds/bin/gnu/h-i686-mingw32/bin/../lib/gcc/nios2-elf/4.1.2/mno-hw-mul\libgcc.a(lib2-divmod.o)
 .data          0x00005884        0x0 c:/altera/12.0sp2/nios2eds/bin/gnu/h-i686-mingw32/bin/../lib/gcc/nios2-elf/4.1.2/mno-hw-mul\libgcc.a(lib2-mul.o)
 .data          0x00005884        0x0 c:/altera/12.0sp2/nios2eds/bin/gnu/h-i686-mingw32/bin/../lib/gcc/nios2-elf/4.1.2/../../../../nios2-elf/lib/mno-hw-mul\libc.a(lib_a-malloc.o)
 .data          0x00005884      0x408 c:/altera/12.0sp2/nios2eds/bin/gnu/h-i686-mingw32/bin/../lib/gcc/nios2-elf/4.1.2/../../../../nios2-elf/lib/mno-hw-mul\libc.a(lib_a-mallocr.o)
                0x00005884                __malloc_av_
 .data          0x00005c8c        0x0 c:/altera/12.0sp2/nios2eds/bin/gnu/h-i686-mingw32/bin/../lib/gcc/nios2-elf/4.1.2/../../../../nios2-elf/lib/mno-hw-mul\libc.a(lib_a-sbrkr.o)
 .data          0x00005c8c        0x0 c:/altera/12.0sp2/nios2eds/bin/gnu/h-i686-mingw32/bin/../lib/gcc/nios2-elf/4.1.2/../../../../nios2-elf/lib/mno-hw-mul\libc.a(lib_a-freer.o)
 .data          0x00005c8c      0x400 c:/altera/12.0sp2/nios2eds/bin/gnu/h-i686-mingw32/bin/../lib/gcc/nios2-elf/4.1.2/../../../../nios2-elf/lib/mno-hw-mul\libc.a(lib_a-impure.o)
 .data          0x0000608c        0x0 c:/altera/12.0sp2/nios2eds/bin/gnu/h-i686-mingw32/bin/../lib/gcc/nios2-elf/4.1.2/../../../../nios2-elf/lib/mno-hw-mul\libc.a(lib_a-int_errno.o)
 .data          0x0000608c        0x0 C:/Users/Rees/Documents/GitHub/uOS/thread-scheduler_bsp/\libhal_bsp.a(alt_alarm_start.o)
 .data          0x0000608c        0x0 C:/Users/Rees/Documents/GitHub/uOS/thread-scheduler_bsp/\libhal_bsp.a(alt_load.o)
 .data          0x0000608c        0x0 C:/Users/Rees/Documents/GitHub/uOS/thread-scheduler_bsp/\libhal_bsp.a(alt_main.o)
 .data          0x0000608c        0x0 C:/Users/Rees/Documents/GitHub/uOS/thread-scheduler_bsp/\libhal_bsp.a(alt_malloc_lock.o)
 .data          0x0000608c        0x0 C:/Users/Rees/Documents/GitHub/uOS/thread-scheduler_bsp/\libhal_bsp.a(alt_printf.o)
 .data          0x0000608c        0x0 C:/Users/Rees/Documents/GitHub/uOS/thread-scheduler_bsp/\libhal_bsp.a(alt_putchar.o)
 .data          0x0000608c        0x0 C:/Users/Rees/Documents/GitHub/uOS/thread-scheduler_bsp/\libhal_bsp.a(alt_sbrk.o)
 .data          0x0000608c        0x0 C:/Users/Rees/Documents/GitHub/uOS/thread-scheduler_bsp/\libhal_bsp.a(alt_tick.o)
 .data          0x0000608c     0x1060 C:/Users/Rees/Documents/GitHub/uOS/thread-scheduler_bsp/\libhal_bsp.a(alt_sys_init.o)
 .data          0x000070ec        0x0 C:/Users/Rees/Documents/GitHub/uOS/thread-scheduler_bsp/\libhal_bsp.a(altera_avalon_jtag_uart_fd.o)
 .data          0x000070ec        0x0 C:/Users/Rees/Documents/GitHub/uOS/thread-scheduler_bsp/\libhal_bsp.a(altera_avalon_jtag_uart_init.o)
 .data          0x000070ec        0x0 C:/Users/Rees/Documents/GitHub/uOS/thread-scheduler_bsp/\libhal_bsp.a(altera_avalon_jtag_uart_ioctl.o)
 .data          0x000070ec        0x0 C:/Users/Rees/Documents/GitHub/uOS/thread-scheduler_bsp/\libhal_bsp.a(altera_avalon_jtag_uart_read.o)
 .data          0x000070ec        0x0 C:/Users/Rees/Documents/GitHub/uOS/thread-scheduler_bsp/\libhal_bsp.a(altera_avalon_jtag_uart_write.o)
 .data          0x000070ec        0x0 C:/Users/Rees/Documents/GitHub/uOS/thread-scheduler_bsp/\libhal_bsp.a(altera_avalon_timer_sc.o)
 .data          0x000070ec        0x0 C:/Users/Rees/Documents/GitHub/uOS/thread-scheduler_bsp/\libhal_bsp.a(alt_close.o)
 .data          0x000070ec        0x0 C:/Users/Rees/Documents/GitHub/uOS/thread-scheduler_bsp/\libhal_bsp.a(alt_dcache_flush_all.o)
 .data          0x000070ec      0x1a8 C:/Users/Rees/Documents/GitHub/uOS/thread-scheduler_bsp/\libhal_bsp.a(alt_dev.o)
                0x000070ec                alt_dev_null
                0x00007114                alt_fd_list
 .data          0x00007294        0x0 C:/Users/Rees/Documents/GitHub/uOS/thread-scheduler_bsp/\libhal_bsp.a(alt_dev_llist_insert.o)
 .data          0x00007294        0x0 C:/Users/Rees/Documents/GitHub/uOS/thread-scheduler_bsp/\libhal_bsp.a(alt_do_ctors.o)
 .data          0x00007294        0x0 C:/Users/Rees/Documents/GitHub/uOS/thread-scheduler_bsp/\libhal_bsp.a(alt_do_dtors.o)
 .data          0x00007294        0x0 C:/Users/Rees/Documents/GitHub/uOS/thread-scheduler_bsp/\libhal_bsp.a(alt_errno.o)
 .data          0x00007294        0x0 C:/Users/Rees/Documents/GitHub/uOS/thread-scheduler_bsp/\libhal_bsp.a(alt_icache_flush_all.o)
 .data          0x00007294        0x0 C:/Users/Rees/Documents/GitHub/uOS/thread-scheduler_bsp/\libhal_bsp.a(alt_iic.o)
 .data          0x00007294        0x0 C:/Users/Rees/Documents/GitHub/uOS/thread-scheduler_bsp/\libhal_bsp.a(alt_iic_isr_register.o)
 .data          0x00007294        0x0 C:/Users/Rees/Documents/GitHub/uOS/thread-scheduler_bsp/\libhal_bsp.a(alt_io_redirect.o)
 .data          0x00007294        0x0 C:/Users/Rees/Documents/GitHub/uOS/thread-scheduler_bsp/\libhal_bsp.a(alt_irq_entry.o)
 .data          0x00007294        0x0 C:/Users/Rees/Documents/GitHub/uOS/thread-scheduler_bsp/\libhal_bsp.a(alt_irq_handler.o)
 .data          0x00007294        0x0 C:/Users/Rees/Documents/GitHub/uOS/thread-scheduler_bsp/\libhal_bsp.a(alt_irq_vars.o)
 .data          0x00007294        0x0 C:/Users/Rees/Documents/GitHub/uOS/thread-scheduler_bsp/\libhal_bsp.a(alt_open.o)
 .data          0x00007294        0x0 C:/Users/Rees/Documents/GitHub/uOS/thread-scheduler_bsp/\libhal_bsp.a(alt_release_fd.o)
 .data          0x00007294        0x0 C:/Users/Rees/Documents/GitHub/uOS/thread-scheduler_bsp/\libhal_bsp.a(altera_nios2_irq.o)
 .data          0x00007294        0x0 C:/Users/Rees/Documents/GitHub/uOS/thread-scheduler_bsp/\libhal_bsp.a(alt_exception_entry.o)
 .data          0x00007294        0x0 C:/Users/Rees/Documents/GitHub/uOS/thread-scheduler_bsp/\libhal_bsp.a(alt_find_dev.o)
 .data          0x00007294        0x0 C:/Users/Rees/Documents/GitHub/uOS/thread-scheduler_bsp/\libhal_bsp.a(alt_find_file.o)
 .data          0x00007294        0x0 C:/Users/Rees/Documents/GitHub/uOS/thread-scheduler_bsp/\libhal_bsp.a(alt_get_fd.o)
 .data          0x00007294        0x0 c:/altera/12.0sp2/nios2eds/bin/gnu/h-i686-mingw32/bin/../lib/gcc/nios2-elf/4.1.2/../../../../nios2-elf/lib/mno-hw-mul\libc.a(lib_a-atexit.o)
 .data          0x00007294        0x0 c:/altera/12.0sp2/nios2eds/bin/gnu/h-i686-mingw32/bin/../lib/gcc/nios2-elf/4.1.2/../../../../nios2-elf/lib/mno-hw-mul\libc.a(lib_a-exit.o)
 .data          0x00007294        0x0 c:/altera/12.0sp2/nios2eds/bin/gnu/h-i686-mingw32/bin/../lib/gcc/nios2-elf/4.1.2/../../../../nios2-elf/lib/mno-hw-mul\libc.a(lib_a-memcmp.o)
 .data          0x00007294        0x0 c:/altera/12.0sp2/nios2eds/bin/gnu/h-i686-mingw32/bin/../lib/gcc/nios2-elf/4.1.2/../../../../nios2-elf/lib/mno-hw-mul\libc.a(lib_a-memcpy.o)
 .data          0x00007294        0x0 c:/altera/12.0sp2/nios2eds/bin/gnu/h-i686-mingw32/bin/../lib/gcc/nios2-elf/4.1.2/../../../../nios2-elf/lib/mno-hw-mul\libc.a(lib_a-putc.o)
 .data          0x00007294        0x0 c:/altera/12.0sp2/nios2eds/bin/gnu/h-i686-mingw32/bin/../lib/gcc/nios2-elf/4.1.2/../../../../nios2-elf/lib/mno-hw-mul\libc.a(lib_a-strlen.o)
 .data          0x00007294        0x0 c:/altera/12.0sp2/nios2eds/bin/gnu/h-i686-mingw32/bin/../lib/gcc/nios2-elf/4.1.2/../../../../nios2-elf/lib/mno-hw-mul\libc.a(lib_a-wbuf.o)
 .data          0x00007294        0x0 c:/altera/12.0sp2/nios2eds/bin/gnu/h-i686-mingw32/bin/../lib/gcc/nios2-elf/4.1.2/../../../../nios2-elf/lib/mno-hw-mul\libc.a(lib_a-wsetup.o)
 .data          0x00007294        0x0 c:/altera/12.0sp2/nios2eds/bin/gnu/h-i686-mingw32/bin/../lib/gcc/nios2-elf/4.1.2/../../../../nios2-elf/lib/mno-hw-mul\libc.a(lib_a-__atexit.o)
 .data          0x00007294        0x0 c:/altera/12.0sp2/nios2eds/bin/gnu/h-i686-mingw32/bin/../lib/gcc/nios2-elf/4.1.2/../../../../nios2-elf/lib/mno-hw-mul\libc.a(lib_a-__call_atexit.o)
 .data          0x00007294        0x0 c:/altera/12.0sp2/nios2eds/bin/gnu/h-i686-mingw32/bin/../lib/gcc/nios2-elf/4.1.2/../../../../nios2-elf/lib/mno-hw-mul\libc.a(lib_a-fflush.o)
 .data          0x00007294        0x0 c:/altera/12.0sp2/nios2eds/bin/gnu/h-i686-mingw32/bin/../lib/gcc/nios2-elf/4.1.2/../../../../nios2-elf/lib/mno-hw-mul\libc.a(lib_a-findfp.o)
 .data          0x00007294        0x0 c:/altera/12.0sp2/nios2eds/bin/gnu/h-i686-mingw32/bin/../lib/gcc/nios2-elf/4.1.2/../../../../nios2-elf/lib/mno-hw-mul\libc.a(lib_a-fwalk.o)
 .data          0x00007294        0x0 c:/altera/12.0sp2/nios2eds/bin/gnu/h-i686-mingw32/bin/../lib/gcc/nios2-elf/4.1.2/../../../../nios2-elf/lib/mno-hw-mul\libc.a(lib_a-makebuf.o)
 .data          0x00007294        0x0 c:/altera/12.0sp2/nios2eds/bin/gnu/h-i686-mingw32/bin/../lib/gcc/nios2-elf/4.1.2/../../../../nios2-elf/lib/mno-hw-mul\libc.a(lib_a-memset.o)
 .data          0x00007294        0x0 c:/altera/12.0sp2/nios2eds/bin/gnu/h-i686-mingw32/bin/../lib/gcc/nios2-elf/4.1.2/../../../../nios2-elf/lib/mno-hw-mul\libc.a(lib_a-stdio.o)
 .data          0x00007294        0x0 c:/altera/12.0sp2/nios2eds/bin/gnu/h-i686-mingw32/bin/../lib/gcc/nios2-elf/4.1.2/../../../../nios2-elf/lib/mno-hw-mul\libc.a(lib_a-writer.o)
 .data          0x00007294        0x0 c:/altera/12.0sp2/nios2eds/bin/gnu/h-i686-mingw32/bin/../lib/gcc/nios2-elf/4.1.2/../../../../nios2-elf/lib/mno-hw-mul\libc.a(lib_a-closer.o)
 .data          0x00007294        0x0 c:/altera/12.0sp2/nios2eds/bin/gnu/h-i686-mingw32/bin/../lib/gcc/nios2-elf/4.1.2/../../../../nios2-elf/lib/mno-hw-mul\libc.a(lib_a-fclose.o)
 .data          0x00007294        0x0 c:/altera/12.0sp2/nios2eds/bin/gnu/h-i686-mingw32/bin/../lib/gcc/nios2-elf/4.1.2/../../../../nios2-elf/lib/mno-hw-mul\libc.a(lib_a-fstatr.o)
 .data          0x00007294        0x0 c:/altera/12.0sp2/nios2eds/bin/gnu/h-i686-mingw32/bin/../lib/gcc/nios2-elf/4.1.2/../../../../nios2-elf/lib/mno-hw-mul\libc.a(lib_a-isattyr.o)
 .data          0x00007294        0x0 c:/altera/12.0sp2/nios2eds/bin/gnu/h-i686-mingw32/bin/../lib/gcc/nios2-elf/4.1.2/../../../../nios2-elf/lib/mno-hw-mul\libc.a(lib_a-lseekr.o)
 .data          0x00007294        0x0 c:/altera/12.0sp2/nios2eds/bin/gnu/h-i686-mingw32/bin/../lib/gcc/nios2-elf/4.1.2/../../../../nios2-elf/lib/mno-hw-mul\libc.a(lib_a-readr.o)
 .data          0x00007294        0x0 C:/Users/Rees/Documents/GitHub/uOS/thread-scheduler_bsp/\libhal_bsp.a(alt_exit.o)
 .data          0x00007294        0x0 C:/Users/Rees/Documents/GitHub/uOS/thread-scheduler_bsp/\libhal_bsp.a(alt_fstat.o)
 .data          0x00007294        0x0 C:/Users/Rees/Documents/GitHub/uOS/thread-scheduler_bsp/\libhal_bsp.a(alt_isatty.o)
 .data          0x00007294        0x0 C:/Users/Rees/Documents/GitHub/uOS/thread-scheduler_bsp/\libhal_bsp.a(alt_lseek.o)
 .data          0x00007294        0x0 C:/Users/Rees/Documents/GitHub/uOS/thread-scheduler_bsp/\libhal_bsp.a(alt_read.o)
 .data          0x00007294        0x0 C:/Users/Rees/Documents/GitHub/uOS/thread-scheduler_bsp/\libhal_bsp.a(alt_write.o)
                0x0000f294                _gp = ABSOLUTE ((. + 0x8000))
                0x0000f294                PROVIDE (gp, _gp)
 *(.rwdata .rwdata.*)
 *(.sdata .sdata.* .gnu.linkonce.s.*)
 .sdata         0x00007294        0x8 c:/altera/12.0sp2/nios2eds/bin/gnu/h-i686-mingw32/bin/../lib/gcc/nios2-elf/4.1.2/../../../../nios2-elf/lib/mno-hw-mul\libc.a(lib_a-mallocr.o)
                0x00007294                __malloc_trim_threshold
                0x00007298                __malloc_sbrk_base
 .sdata         0x0000729c        0x8 c:/altera/12.0sp2/nios2eds/bin/gnu/h-i686-mingw32/bin/../lib/gcc/nios2-elf/4.1.2/../../../../nios2-elf/lib/mno-hw-mul\libc.a(lib_a-impure.o)
                0x0000729c                _impure_ptr
                0x000072a0                _global_impure_ptr
 .sdata         0x000072a4        0x4 C:/Users/Rees/Documents/GitHub/uOS/thread-scheduler_bsp/\libhal_bsp.a(alt_sbrk.o)
 .sdata         0x000072a8        0x8 C:/Users/Rees/Documents/GitHub/uOS/thread-scheduler_bsp/\libhal_bsp.a(alt_tick.o)
                0x000072a8                alt_alarm_list
 .sdata         0x000072b0       0x14 C:/Users/Rees/Documents/GitHub/uOS/thread-scheduler_bsp/\libhal_bsp.a(alt_dev.o)
                0x000072b0                alt_fs_list
                0x000072b8                alt_dev_list
                0x000072c0                alt_max_fd
 .sdata         0x000072c4        0x4 C:/Users/Rees/Documents/GitHub/uOS/thread-scheduler_bsp/\libhal_bsp.a(alt_errno.o)
                0x000072c4                alt_errno
 .sdata         0x000072c8        0x4 C:/Users/Rees/Documents/GitHub/uOS/thread-scheduler_bsp/\libhal_bsp.a(alt_irq_vars.o)
                0x000072c8                alt_priority_mask
 *(.sdata2 .sdata2.* .gnu.linkonce.s2.*)
                0x000072cc                . = ALIGN (0x4)
                0x000072cc                _edata = ABSOLUTE (.)
                0x000072cc                PROVIDE (edata, ABSOLUTE (.))
                0x000072cc                PROVIDE (__ram_rwdata_end, ABSOLUTE (.))
                0x000072cc                PROVIDE (__flash_rwdata_start, LOADADDR (.rwdata))

.bss            0x00008d14      0x334
                0x00008d14                __bss_start = ABSOLUTE (.)
                0x00008d14                PROVIDE (__sbss_start, ABSOLUTE (.))
                0x00008d14                PROVIDE (___sbss_start, ABSOLUTE (.))
 *(.dynsbss)
 *(.sbss .sbss.* .gnu.linkonce.sb.*)
 .sbss          0x00008d14        0x4 obj/default/main.o
                0x00008d14                global_flag
 .sbss          0x00008d18        0x8 obj/default/main.o
                0x00008d18                current_thread
                0x00008d1c                run_queue_count
 .sbss          0x00008d20        0xc c:/altera/12.0sp2/nios2eds/bin/gnu/h-i686-mingw32/bin/../lib/gcc/nios2-elf/4.1.2/../../../../nios2-elf/lib/mno-hw-mul\libc.a(lib_a-mallocr.o)
                0x00008d20                __malloc_top_pad
                0x00008d24                __malloc_max_sbrked_mem
                0x00008d28                __malloc_max_total_mem
 .sbss          0x00008d2c        0x4 c:/altera/12.0sp2/nios2eds/bin/gnu/h-i686-mingw32/bin/../lib/gcc/nios2-elf/4.1.2/../../../../nios2-elf/lib/mno-hw-mul\libc.a(lib_a-int_errno.o)
                0x00008d2c                errno
 .sbss          0x00008d30        0xc C:/Users/Rees/Documents/GitHub/uOS/thread-scheduler_bsp/\libhal_bsp.a(alt_main.o)
                0x00008d30                alt_argc
                0x00008d34                alt_argv
                0x00008d38                alt_envp
 .sbss          0x00008d3c        0x8 C:/Users/Rees/Documents/GitHub/uOS/thread-scheduler_bsp/\libhal_bsp.a(alt_tick.o)
                0x00008d3c                _alt_tick_rate
                0x00008d40                _alt_nticks
 .sbss          0x00008d44        0x4 C:/Users/Rees/Documents/GitHub/uOS/thread-scheduler_bsp/\libhal_bsp.a(alt_irq_vars.o)
                0x00008d44                alt_irq_active
 *(.sbss2 .sbss2.* .gnu.linkonce.sb2.*)
 *(.scommon)
                0x00008d48                PROVIDE (__sbss_end, ABSOLUTE (.))
                0x00008d48                PROVIDE (___sbss_end, ABSOLUTE (.))
 *(.dynbss)
 *(.bss .bss.* .gnu.linkonce.b.*)
 .bss           0x00008d48        0x0 C:/Users/Rees/Documents/GitHub/uOS/thread-scheduler_bsp//obj/HAL/src/crt0.o
 .bss           0x00008d48        0x0 obj/default/main.o
 .bss           0x00008d48        0x0 obj/default/my_scheduler.o
 .bss           0x00008d48        0x0 c:/altera/12.0sp2/nios2eds/bin/gnu/h-i686-mingw32/bin/../lib/gcc/nios2-elf/4.1.2/mno-hw-mul\libgcc.a(lib2-divmod.o)
 .bss           0x00008d48        0x0 c:/altera/12.0sp2/nios2eds/bin/gnu/h-i686-mingw32/bin/../lib/gcc/nios2-elf/4.1.2/mno-hw-mul\libgcc.a(lib2-mul.o)
 .bss           0x00008d48        0x0 c:/altera/12.0sp2/nios2eds/bin/gnu/h-i686-mingw32/bin/../lib/gcc/nios2-elf/4.1.2/../../../../nios2-elf/lib/mno-hw-mul\libc.a(lib_a-malloc.o)
 .bss           0x00008d48       0x28 c:/altera/12.0sp2/nios2eds/bin/gnu/h-i686-mingw32/bin/../lib/gcc/nios2-elf/4.1.2/../../../../nios2-elf/lib/mno-hw-mul\libc.a(lib_a-mallocr.o)
                0x00008d48                __malloc_current_mallinfo
 .bss           0x00008d70        0x0 c:/altera/12.0sp2/nios2eds/bin/gnu/h-i686-mingw32/bin/../lib/gcc/nios2-elf/4.1.2/../../../../nios2-elf/lib/mno-hw-mul\libc.a(lib_a-sbrkr.o)
 .bss           0x00008d70        0x0 c:/altera/12.0sp2/nios2eds/bin/gnu/h-i686-mingw32/bin/../lib/gcc/nios2-elf/4.1.2/../../../../nios2-elf/lib/mno-hw-mul\libc.a(lib_a-freer.o)
 .bss           0x00008d70        0x0 c:/altera/12.0sp2/nios2eds/bin/gnu/h-i686-mingw32/bin/../lib/gcc/nios2-elf/4.1.2/../../../../nios2-elf/lib/mno-hw-mul\libc.a(lib_a-impure.o)
 .bss           0x00008d70        0x0 c:/altera/12.0sp2/nios2eds/bin/gnu/h-i686-mingw32/bin/../lib/gcc/nios2-elf/4.1.2/../../../../nios2-elf/lib/mno-hw-mul\libc.a(lib_a-int_errno.o)
 .bss           0x00008d70        0x0 C:/Users/Rees/Documents/GitHub/uOS/thread-scheduler_bsp/\libhal_bsp.a(alt_alarm_start.o)
 .bss           0x00008d70        0x0 C:/Users/Rees/Documents/GitHub/uOS/thread-scheduler_bsp/\libhal_bsp.a(alt_load.o)
 .bss           0x00008d70        0x0 C:/Users/Rees/Documents/GitHub/uOS/thread-scheduler_bsp/\libhal_bsp.a(alt_main.o)
 .bss           0x00008d70        0x0 C:/Users/Rees/Documents/GitHub/uOS/thread-scheduler_bsp/\libhal_bsp.a(alt_malloc_lock.o)
 .bss           0x00008d70        0x0 C:/Users/Rees/Documents/GitHub/uOS/thread-scheduler_bsp/\libhal_bsp.a(alt_printf.o)
 .bss           0x00008d70        0x0 C:/Users/Rees/Documents/GitHub/uOS/thread-scheduler_bsp/\libhal_bsp.a(alt_putchar.o)
 .bss           0x00008d70        0x0 C:/Users/Rees/Documents/GitHub/uOS/thread-scheduler_bsp/\libhal_bsp.a(alt_sbrk.o)
 .bss           0x00008d70        0x0 C:/Users/Rees/Documents/GitHub/uOS/thread-scheduler_bsp/\libhal_bsp.a(alt_tick.o)
 .bss           0x00008d70        0x0 C:/Users/Rees/Documents/GitHub/uOS/thread-scheduler_bsp/\libhal_bsp.a(alt_sys_init.o)
 .bss           0x00008d70        0x0 C:/Users/Rees/Documents/GitHub/uOS/thread-scheduler_bsp/\libhal_bsp.a(altera_avalon_jtag_uart_fd.o)
 .bss           0x00008d70        0x0 C:/Users/Rees/Documents/GitHub/uOS/thread-scheduler_bsp/\libhal_bsp.a(altera_avalon_jtag_uart_init.o)
 .bss           0x00008d70        0x0 C:/Users/Rees/Documents/GitHub/uOS/thread-scheduler_bsp/\libhal_bsp.a(altera_avalon_jtag_uart_ioctl.o)
 .bss           0x00008d70        0x0 C:/Users/Rees/Documents/GitHub/uOS/thread-scheduler_bsp/\libhal_bsp.a(altera_avalon_jtag_uart_read.o)
 .bss           0x00008d70        0x0 C:/Users/Rees/Documents/GitHub/uOS/thread-scheduler_bsp/\libhal_bsp.a(altera_avalon_jtag_uart_write.o)
 .bss           0x00008d70        0x0 C:/Users/Rees/Documents/GitHub/uOS/thread-scheduler_bsp/\libhal_bsp.a(altera_avalon_timer_sc.o)
 .bss           0x00008d70        0x0 C:/Users/Rees/Documents/GitHub/uOS/thread-scheduler_bsp/\libhal_bsp.a(alt_close.o)
 .bss           0x00008d70        0x0 C:/Users/Rees/Documents/GitHub/uOS/thread-scheduler_bsp/\libhal_bsp.a(alt_dcache_flush_all.o)
 .bss           0x00008d70        0x0 C:/Users/Rees/Documents/GitHub/uOS/thread-scheduler_bsp/\libhal_bsp.a(alt_dev.o)
 .bss           0x00008d70        0x0 C:/Users/Rees/Documents/GitHub/uOS/thread-scheduler_bsp/\libhal_bsp.a(alt_dev_llist_insert.o)
 .bss           0x00008d70        0x0 C:/Users/Rees/Documents/GitHub/uOS/thread-scheduler_bsp/\libhal_bsp.a(alt_do_ctors.o)
 .bss           0x00008d70        0x0 C:/Users/Rees/Documents/GitHub/uOS/thread-scheduler_bsp/\libhal_bsp.a(alt_do_dtors.o)
 .bss           0x00008d70        0x0 C:/Users/Rees/Documents/GitHub/uOS/thread-scheduler_bsp/\libhal_bsp.a(alt_errno.o)
 .bss           0x00008d70        0x0 C:/Users/Rees/Documents/GitHub/uOS/thread-scheduler_bsp/\libhal_bsp.a(alt_icache_flush_all.o)
 .bss           0x00008d70        0x0 C:/Users/Rees/Documents/GitHub/uOS/thread-scheduler_bsp/\libhal_bsp.a(alt_iic.o)
 .bss           0x00008d70        0x0 C:/Users/Rees/Documents/GitHub/uOS/thread-scheduler_bsp/\libhal_bsp.a(alt_iic_isr_register.o)
 .bss           0x00008d70        0x0 C:/Users/Rees/Documents/GitHub/uOS/thread-scheduler_bsp/\libhal_bsp.a(alt_io_redirect.o)
 .bss           0x00008d70        0x0 C:/Users/Rees/Documents/GitHub/uOS/thread-scheduler_bsp/\libhal_bsp.a(alt_irq_entry.o)
 .bss           0x00008d70        0x0 C:/Users/Rees/Documents/GitHub/uOS/thread-scheduler_bsp/\libhal_bsp.a(alt_irq_handler.o)
 .bss           0x00008d70        0x0 C:/Users/Rees/Documents/GitHub/uOS/thread-scheduler_bsp/\libhal_bsp.a(alt_irq_vars.o)
 .bss           0x00008d70        0x0 C:/Users/Rees/Documents/GitHub/uOS/thread-scheduler_bsp/\libhal_bsp.a(alt_open.o)
 .bss           0x00008d70        0x0 C:/Users/Rees/Documents/GitHub/uOS/thread-scheduler_bsp/\libhal_bsp.a(alt_release_fd.o)
 .bss           0x00008d70        0x0 C:/Users/Rees/Documents/GitHub/uOS/thread-scheduler_bsp/\libhal_bsp.a(altera_nios2_irq.o)
 .bss           0x00008d70        0x0 C:/Users/Rees/Documents/GitHub/uOS/thread-scheduler_bsp/\libhal_bsp.a(alt_exception_entry.o)
 .bss           0x00008d70        0x0 C:/Users/Rees/Documents/GitHub/uOS/thread-scheduler_bsp/\libhal_bsp.a(alt_find_dev.o)
 .bss           0x00008d70        0x0 C:/Users/Rees/Documents/GitHub/uOS/thread-scheduler_bsp/\libhal_bsp.a(alt_find_file.o)
 .bss           0x00008d70        0x0 C:/Users/Rees/Documents/GitHub/uOS/thread-scheduler_bsp/\libhal_bsp.a(alt_get_fd.o)
 .bss           0x00008d70        0x0 c:/altera/12.0sp2/nios2eds/bin/gnu/h-i686-mingw32/bin/../lib/gcc/nios2-elf/4.1.2/../../../../nios2-elf/lib/mno-hw-mul\libc.a(lib_a-atexit.o)
 .bss           0x00008d70        0x0 c:/altera/12.0sp2/nios2eds/bin/gnu/h-i686-mingw32/bin/../lib/gcc/nios2-elf/4.1.2/../../../../nios2-elf/lib/mno-hw-mul\libc.a(lib_a-exit.o)
 .bss           0x00008d70        0x0 c:/altera/12.0sp2/nios2eds/bin/gnu/h-i686-mingw32/bin/../lib/gcc/nios2-elf/4.1.2/../../../../nios2-elf/lib/mno-hw-mul\libc.a(lib_a-memcmp.o)
 .bss           0x00008d70        0x0 c:/altera/12.0sp2/nios2eds/bin/gnu/h-i686-mingw32/bin/../lib/gcc/nios2-elf/4.1.2/../../../../nios2-elf/lib/mno-hw-mul\libc.a(lib_a-memcpy.o)
 .bss           0x00008d70        0x0 c:/altera/12.0sp2/nios2eds/bin/gnu/h-i686-mingw32/bin/../lib/gcc/nios2-elf/4.1.2/../../../../nios2-elf/lib/mno-hw-mul\libc.a(lib_a-putc.o)
 .bss           0x00008d70        0x0 c:/altera/12.0sp2/nios2eds/bin/gnu/h-i686-mingw32/bin/../lib/gcc/nios2-elf/4.1.2/../../../../nios2-elf/lib/mno-hw-mul\libc.a(lib_a-strlen.o)
 .bss           0x00008d70        0x0 c:/altera/12.0sp2/nios2eds/bin/gnu/h-i686-mingw32/bin/../lib/gcc/nios2-elf/4.1.2/../../../../nios2-elf/lib/mno-hw-mul\libc.a(lib_a-wbuf.o)
 .bss           0x00008d70        0x0 c:/altera/12.0sp2/nios2eds/bin/gnu/h-i686-mingw32/bin/../lib/gcc/nios2-elf/4.1.2/../../../../nios2-elf/lib/mno-hw-mul\libc.a(lib_a-wsetup.o)
 .bss           0x00008d70        0x0 c:/altera/12.0sp2/nios2eds/bin/gnu/h-i686-mingw32/bin/../lib/gcc/nios2-elf/4.1.2/../../../../nios2-elf/lib/mno-hw-mul\libc.a(lib_a-__atexit.o)
 .bss           0x00008d70        0x0 c:/altera/12.0sp2/nios2eds/bin/gnu/h-i686-mingw32/bin/../lib/gcc/nios2-elf/4.1.2/../../../../nios2-elf/lib/mno-hw-mul\libc.a(lib_a-__call_atexit.o)
 .bss           0x00008d70        0x0 c:/altera/12.0sp2/nios2eds/bin/gnu/h-i686-mingw32/bin/../lib/gcc/nios2-elf/4.1.2/../../../../nios2-elf/lib/mno-hw-mul\libc.a(lib_a-fflush.o)
 .bss           0x00008d70        0x0 c:/altera/12.0sp2/nios2eds/bin/gnu/h-i686-mingw32/bin/../lib/gcc/nios2-elf/4.1.2/../../../../nios2-elf/lib/mno-hw-mul\libc.a(lib_a-findfp.o)
 .bss           0x00008d70        0x0 c:/altera/12.0sp2/nios2eds/bin/gnu/h-i686-mingw32/bin/../lib/gcc/nios2-elf/4.1.2/../../../../nios2-elf/lib/mno-hw-mul\libc.a(lib_a-fwalk.o)
 .bss           0x00008d70        0x0 c:/altera/12.0sp2/nios2eds/bin/gnu/h-i686-mingw32/bin/../lib/gcc/nios2-elf/4.1.2/../../../../nios2-elf/lib/mno-hw-mul\libc.a(lib_a-makebuf.o)
 .bss           0x00008d70        0x0 c:/altera/12.0sp2/nios2eds/bin/gnu/h-i686-mingw32/bin/../lib/gcc/nios2-elf/4.1.2/../../../../nios2-elf/lib/mno-hw-mul\libc.a(lib_a-memset.o)
 .bss           0x00008d70        0x0 c:/altera/12.0sp2/nios2eds/bin/gnu/h-i686-mingw32/bin/../lib/gcc/nios2-elf/4.1.2/../../../../nios2-elf/lib/mno-hw-mul\libc.a(lib_a-stdio.o)
 .bss           0x00008d70        0x0 c:/altera/12.0sp2/nios2eds/bin/gnu/h-i686-mingw32/bin/../lib/gcc/nios2-elf/4.1.2/../../../../nios2-elf/lib/mno-hw-mul\libc.a(lib_a-writer.o)
 .bss           0x00008d70        0x0 c:/altera/12.0sp2/nios2eds/bin/gnu/h-i686-mingw32/bin/../lib/gcc/nios2-elf/4.1.2/../../../../nios2-elf/lib/mno-hw-mul\libc.a(lib_a-closer.o)
 .bss           0x00008d70        0x0 c:/altera/12.0sp2/nios2eds/bin/gnu/h-i686-mingw32/bin/../lib/gcc/nios2-elf/4.1.2/../../../../nios2-elf/lib/mno-hw-mul\libc.a(lib_a-fclose.o)
 .bss           0x00008d70        0x0 c:/altera/12.0sp2/nios2eds/bin/gnu/h-i686-mingw32/bin/../lib/gcc/nios2-elf/4.1.2/../../../../nios2-elf/lib/mno-hw-mul\libc.a(lib_a-fstatr.o)
 .bss           0x00008d70        0x0 c:/altera/12.0sp2/nios2eds/bin/gnu/h-i686-mingw32/bin/../lib/gcc/nios2-elf/4.1.2/../../../../nios2-elf/lib/mno-hw-mul\libc.a(lib_a-isattyr.o)
 .bss           0x00008d70        0x0 c:/altera/12.0sp2/nios2eds/bin/gnu/h-i686-mingw32/bin/../lib/gcc/nios2-elf/4.1.2/../../../../nios2-elf/lib/mno-hw-mul\libc.a(lib_a-lseekr.o)
 .bss           0x00008d70        0x0 c:/altera/12.0sp2/nios2eds/bin/gnu/h-i686-mingw32/bin/../lib/gcc/nios2-elf/4.1.2/../../../../nios2-elf/lib/mno-hw-mul\libc.a(lib_a-readr.o)
 .bss           0x00008d70        0x0 C:/Users/Rees/Documents/GitHub/uOS/thread-scheduler_bsp/\libhal_bsp.a(alt_exit.o)
 .bss           0x00008d70        0x0 C:/Users/Rees/Documents/GitHub/uOS/thread-scheduler_bsp/\libhal_bsp.a(alt_fstat.o)
 .bss           0x00008d70        0x0 C:/Users/Rees/Documents/GitHub/uOS/thread-scheduler_bsp/\libhal_bsp.a(alt_isatty.o)
 .bss           0x00008d70        0x0 C:/Users/Rees/Documents/GitHub/uOS/thread-scheduler_bsp/\libhal_bsp.a(alt_lseek.o)
 .bss           0x00008d70        0x0 C:/Users/Rees/Documents/GitHub/uOS/thread-scheduler_bsp/\libhal_bsp.a(alt_read.o)
 .bss           0x00008d70        0x0 C:/Users/Rees/Documents/GitHub/uOS/thread-scheduler_bsp/\libhal_bsp.a(alt_write.o)
 *(COMMON)
 COMMON         0x00008d70       0x48 obj/default/main.o
                0x00008d70                run_queue
                0x00008da0                alarm
 COMMON         0x00008db8      0x100 C:/Users/Rees/Documents/GitHub/uOS/thread-scheduler_bsp/\libhal_bsp.a(alt_irq_handler.o)
                0x00008db8                alt_irq
 COMMON         0x00008eb8      0x190 c:/altera/12.0sp2/nios2eds/bin/gnu/h-i686-mingw32/bin/../lib/gcc/nios2-elf/4.1.2/../../../../nios2-elf/lib/mno-hw-mul\libc.a(lib_a-atexit.o)
                0x00008eb8                _atexit0
                0x00009048                . = ALIGN (0x4)
                0x00009048                __bss_end = ABSOLUTE (.)

.SDRAM          0x00009048        0x0
                0x00009048                PROVIDE (_alt_partition_SDRAM_start, ABSOLUTE (.))
 *(.SDRAM. SDRAM.*)
                0x00009048                . = ALIGN (0x4)
                0x00009048                PROVIDE (_alt_partition_SDRAM_end, ABSOLUTE (.))
                0x00009048                _end = ABSOLUTE (.)
                0x00009048                end = ABSOLUTE (.)
                0x00009048                __alt_stack_base = ABSOLUTE (.)
                0x00009048                PROVIDE (_alt_partition_SDRAM_load_addr, LOADADDR (.SDRAM))

.SRAM           0x08000000        0x0 load address 0x00009048
                0x08000000                PROVIDE (_alt_partition_SRAM_start, ABSOLUTE (.))
 *(.SRAM. SRAM.*)
                0x08000000                . = ALIGN (0x4)
                0x08000000                PROVIDE (_alt_partition_SRAM_end, ABSOLUTE (.))
                0x00009048                PROVIDE (_alt_partition_SRAM_load_addr, LOADADDR (.SRAM))

.Onchip_memory  0x09000000        0x0 load address 0x00009048
                0x09000000                PROVIDE (_alt_partition_Onchip_memory_start, ABSOLUTE (.))
 *(.Onchip_memory. Onchip_memory.*)
                0x09000000                . = ALIGN (0x4)
                0x09000000                PROVIDE (_alt_partition_Onchip_memory_end, ABSOLUTE (.))
                0x00009048                PROVIDE (_alt_partition_Onchip_memory_load_addr, LOADADDR (.Onchip_memory))

.stab
 *(.stab)

.stabstr
 *(.stabstr)

.stab.excl
 *(.stab.excl)

.stab.exclstr
 *(.stab.exclstr)

.stab.index
 *(.stab.index)

.stab.indexstr
 *(.stab.indexstr)

.comment        0x00000000       0x26
 *(.comment)
 .comment       0x00000000       0x26 obj/default/main.o
                                 0x27 (size before relaxing)
 .comment       0x00000000       0x27 c:/altera/12.0sp2/nios2eds/bin/gnu/h-i686-mingw32/bin/../lib/gcc/nios2-elf/4.1.2/mno-hw-mul\libgcc.a(lib2-divmod.o)
 .comment       0x00000000       0x27 c:/altera/12.0sp2/nios2eds/bin/gnu/h-i686-mingw32/bin/../lib/gcc/nios2-elf/4.1.2/mno-hw-mul\libgcc.a(lib2-mul.o)
 .comment       0x00000000       0x27 c:/altera/12.0sp2/nios2eds/bin/gnu/h-i686-mingw32/bin/../lib/gcc/nios2-elf/4.1.2/../../../../nios2-elf/lib/mno-hw-mul\libc.a(lib_a-malloc.o)
 .comment       0x00000000       0x27 c:/altera/12.0sp2/nios2eds/bin/gnu/h-i686-mingw32/bin/../lib/gcc/nios2-elf/4.1.2/../../../../nios2-elf/lib/mno-hw-mul\libc.a(lib_a-mallocr.o)
 .comment       0x00000000       0x27 c:/altera/12.0sp2/nios2eds/bin/gnu/h-i686-mingw32/bin/../lib/gcc/nios2-elf/4.1.2/../../../../nios2-elf/lib/mno-hw-mul\libc.a(lib_a-sbrkr.o)
 .comment       0x00000000       0x27 c:/altera/12.0sp2/nios2eds/bin/gnu/h-i686-mingw32/bin/../lib/gcc/nios2-elf/4.1.2/../../../../nios2-elf/lib/mno-hw-mul\libc.a(lib_a-freer.o)
 .comment       0x00000000       0x27 c:/altera/12.0sp2/nios2eds/bin/gnu/h-i686-mingw32/bin/../lib/gcc/nios2-elf/4.1.2/../../../../nios2-elf/lib/mno-hw-mul\libc.a(lib_a-impure.o)
 .comment       0x00000000       0x27 c:/altera/12.0sp2/nios2eds/bin/gnu/h-i686-mingw32/bin/../lib/gcc/nios2-elf/4.1.2/../../../../nios2-elf/lib/mno-hw-mul\libc.a(lib_a-int_errno.o)
 .comment       0x00000000       0x27 C:/Users/Rees/Documents/GitHub/uOS/thread-scheduler_bsp/\libhal_bsp.a(alt_alarm_start.o)
 .comment       0x00000000       0x27 C:/Users/Rees/Documents/GitHub/uOS/thread-scheduler_bsp/\libhal_bsp.a(alt_load.o)
 .comment       0x00000000       0x27 C:/Users/Rees/Documents/GitHub/uOS/thread-scheduler_bsp/\libhal_bsp.a(alt_main.o)
 .comment       0x00000000       0x27 C:/Users/Rees/Documents/GitHub/uOS/thread-scheduler_bsp/\libhal_bsp.a(alt_malloc_lock.o)
 .comment       0x00000000       0x27 C:/Users/Rees/Documents/GitHub/uOS/thread-scheduler_bsp/\libhal_bsp.a(alt_printf.o)
 .comment       0x00000000       0x27 C:/Users/Rees/Documents/GitHub/uOS/thread-scheduler_bsp/\libhal_bsp.a(alt_putchar.o)
 .comment       0x00000000       0x27 C:/Users/Rees/Documents/GitHub/uOS/thread-scheduler_bsp/\libhal_bsp.a(alt_sbrk.o)
 .comment       0x00000000       0x27 C:/Users/Rees/Documents/GitHub/uOS/thread-scheduler_bsp/\libhal_bsp.a(alt_tick.o)
 .comment       0x00000000       0x27 C:/Users/Rees/Documents/GitHub/uOS/thread-scheduler_bsp/\libhal_bsp.a(alt_sys_init.o)
 .comment       0x00000000       0x27 C:/Users/Rees/Documents/GitHub/uOS/thread-scheduler_bsp/\libhal_bsp.a(altera_avalon_jtag_uart_fd.o)
 .comment       0x00000000       0x27 C:/Users/Rees/Documents/GitHub/uOS/thread-scheduler_bsp/\libhal_bsp.a(altera_avalon_jtag_uart_init.o)
 .comment       0x00000000       0x27 C:/Users/Rees/Documents/GitHub/uOS/thread-scheduler_bsp/\libhal_bsp.a(altera_avalon_jtag_uart_ioctl.o)
 .comment       0x00000000       0x27 C:/Users/Rees/Documents/GitHub/uOS/thread-scheduler_bsp/\libhal_bsp.a(altera_avalon_jtag_uart_read.o)
 .comment       0x00000000       0x27 C:/Users/Rees/Documents/GitHub/uOS/thread-scheduler_bsp/\libhal_bsp.a(altera_avalon_jtag_uart_write.o)
 .comment       0x00000000       0x27 C:/Users/Rees/Documents/GitHub/uOS/thread-scheduler_bsp/\libhal_bsp.a(altera_avalon_timer_sc.o)
 .comment       0x00000000       0x27 C:/Users/Rees/Documents/GitHub/uOS/thread-scheduler_bsp/\libhal_bsp.a(alt_close.o)
 .comment       0x00000000       0x27 C:/Users/Rees/Documents/GitHub/uOS/thread-scheduler_bsp/\libhal_bsp.a(alt_dcache_flush_all.o)
 .comment       0x00000000       0x27 C:/Users/Rees/Documents/GitHub/uOS/thread-scheduler_bsp/\libhal_bsp.a(alt_dev.o)
 .comment       0x00000000       0x27 C:/Users/Rees/Documents/GitHub/uOS/thread-scheduler_bsp/\libhal_bsp.a(alt_dev_llist_insert.o)
 .comment       0x00000000       0x27 C:/Users/Rees/Documents/GitHub/uOS/thread-scheduler_bsp/\libhal_bsp.a(alt_do_ctors.o)
 .comment       0x00000000       0x27 C:/Users/Rees/Documents/GitHub/uOS/thread-scheduler_bsp/\libhal_bsp.a(alt_do_dtors.o)
 .comment       0x00000000       0x27 C:/Users/Rees/Documents/GitHub/uOS/thread-scheduler_bsp/\libhal_bsp.a(alt_errno.o)
 .comment       0x00000000       0x27 C:/Users/Rees/Documents/GitHub/uOS/thread-scheduler_bsp/\libhal_bsp.a(alt_icache_flush_all.o)
 .comment       0x00000000       0x27 C:/Users/Rees/Documents/GitHub/uOS/thread-scheduler_bsp/\libhal_bsp.a(alt_iic.o)
 .comment       0x00000000       0x27 C:/Users/Rees/Documents/GitHub/uOS/thread-scheduler_bsp/\libhal_bsp.a(alt_iic_isr_register.o)
 .comment       0x00000000       0x27 C:/Users/Rees/Documents/GitHub/uOS/thread-scheduler_bsp/\libhal_bsp.a(alt_io_redirect.o)
 .comment       0x00000000       0x27 C:/Users/Rees/Documents/GitHub/uOS/thread-scheduler_bsp/\libhal_bsp.a(alt_irq_handler.o)
 .comment       0x00000000       0x27 C:/Users/Rees/Documents/GitHub/uOS/thread-scheduler_bsp/\libhal_bsp.a(alt_irq_vars.o)
 .comment       0x00000000       0x27 C:/Users/Rees/Documents/GitHub/uOS/thread-scheduler_bsp/\libhal_bsp.a(alt_open.o)
 .comment       0x00000000       0x27 C:/Users/Rees/Documents/GitHub/uOS/thread-scheduler_bsp/\libhal_bsp.a(alt_release_fd.o)
 .comment       0x00000000       0x27 C:/Users/Rees/Documents/GitHub/uOS/thread-scheduler_bsp/\libhal_bsp.a(altera_nios2_irq.o)
 .comment       0x00000000       0x27 C:/Users/Rees/Documents/GitHub/uOS/thread-scheduler_bsp/\libhal_bsp.a(alt_find_dev.o)
 .comment       0x00000000       0x27 C:/Users/Rees/Documents/GitHub/uOS/thread-scheduler_bsp/\libhal_bsp.a(alt_find_file.o)
 .comment       0x00000000       0x27 C:/Users/Rees/Documents/GitHub/uOS/thread-scheduler_bsp/\libhal_bsp.a(alt_get_fd.o)
 .comment       0x00000000       0x27 c:/altera/12.0sp2/nios2eds/bin/gnu/h-i686-mingw32/bin/../lib/gcc/nios2-elf/4.1.2/../../../../nios2-elf/lib/mno-hw-mul\libc.a(lib_a-atexit.o)
 .comment       0x00000000       0x27 c:/altera/12.0sp2/nios2eds/bin/gnu/h-i686-mingw32/bin/../lib/gcc/nios2-elf/4.1.2/../../../../nios2-elf/lib/mno-hw-mul\libc.a(lib_a-exit.o)
 .comment       0x00000000       0x27 c:/altera/12.0sp2/nios2eds/bin/gnu/h-i686-mingw32/bin/../lib/gcc/nios2-elf/4.1.2/../../../../nios2-elf/lib/mno-hw-mul\libc.a(lib_a-memcmp.o)
 .comment       0x00000000       0x27 c:/altera/12.0sp2/nios2eds/bin/gnu/h-i686-mingw32/bin/../lib/gcc/nios2-elf/4.1.2/../../../../nios2-elf/lib/mno-hw-mul\libc.a(lib_a-memcpy.o)
 .comment       0x00000000       0x27 c:/altera/12.0sp2/nios2eds/bin/gnu/h-i686-mingw32/bin/../lib/gcc/nios2-elf/4.1.2/../../../../nios2-elf/lib/mno-hw-mul\libc.a(lib_a-putc.o)
 .comment       0x00000000       0x27 c:/altera/12.0sp2/nios2eds/bin/gnu/h-i686-mingw32/bin/../lib/gcc/nios2-elf/4.1.2/../../../../nios2-elf/lib/mno-hw-mul\libc.a(lib_a-strlen.o)
 .comment       0x00000000       0x27 c:/altera/12.0sp2/nios2eds/bin/gnu/h-i686-mingw32/bin/../lib/gcc/nios2-elf/4.1.2/../../../../nios2-elf/lib/mno-hw-mul\libc.a(lib_a-wbuf.o)
 .comment       0x00000000       0x27 c:/altera/12.0sp2/nios2eds/bin/gnu/h-i686-mingw32/bin/../lib/gcc/nios2-elf/4.1.2/../../../../nios2-elf/lib/mno-hw-mul\libc.a(lib_a-wsetup.o)
 .comment       0x00000000       0x27 c:/altera/12.0sp2/nios2eds/bin/gnu/h-i686-mingw32/bin/../lib/gcc/nios2-elf/4.1.2/../../../../nios2-elf/lib/mno-hw-mul\libc.a(lib_a-__atexit.o)
 .comment       0x00000000       0x27 c:/altera/12.0sp2/nios2eds/bin/gnu/h-i686-mingw32/bin/../lib/gcc/nios2-elf/4.1.2/../../../../nios2-elf/lib/mno-hw-mul\libc.a(lib_a-__call_atexit.o)
 .comment       0x00000000       0x27 c:/altera/12.0sp2/nios2eds/bin/gnu/h-i686-mingw32/bin/../lib/gcc/nios2-elf/4.1.2/../../../../nios2-elf/lib/mno-hw-mul\libc.a(lib_a-fflush.o)
 .comment       0x00000000       0x27 c:/altera/12.0sp2/nios2eds/bin/gnu/h-i686-mingw32/bin/../lib/gcc/nios2-elf/4.1.2/../../../../nios2-elf/lib/mno-hw-mul\libc.a(lib_a-findfp.o)
 .comment       0x00000000       0x27 c:/altera/12.0sp2/nios2eds/bin/gnu/h-i686-mingw32/bin/../lib/gcc/nios2-elf/4.1.2/../../../../nios2-elf/lib/mno-hw-mul\libc.a(lib_a-fwalk.o)
 .comment       0x00000000       0x27 c:/altera/12.0sp2/nios2eds/bin/gnu/h-i686-mingw32/bin/../lib/gcc/nios2-elf/4.1.2/../../../../nios2-elf/lib/mno-hw-mul\libc.a(lib_a-makebuf.o)
 .comment       0x00000000       0x27 c:/altera/12.0sp2/nios2eds/bin/gnu/h-i686-mingw32/bin/../lib/gcc/nios2-elf/4.1.2/../../../../nios2-elf/lib/mno-hw-mul\libc.a(lib_a-memset.o)
 .comment       0x00000000       0x27 c:/altera/12.0sp2/nios2eds/bin/gnu/h-i686-mingw32/bin/../lib/gcc/nios2-elf/4.1.2/../../../../nios2-elf/lib/mno-hw-mul\libc.a(lib_a-stdio.o)
 .comment       0x00000000       0x27 c:/altera/12.0sp2/nios2eds/bin/gnu/h-i686-mingw32/bin/../lib/gcc/nios2-elf/4.1.2/../../../../nios2-elf/lib/mno-hw-mul\libc.a(lib_a-writer.o)
 .comment       0x00000000       0x27 c:/altera/12.0sp2/nios2eds/bin/gnu/h-i686-mingw32/bin/../lib/gcc/nios2-elf/4.1.2/../../../../nios2-elf/lib/mno-hw-mul\libc.a(lib_a-closer.o)
 .comment       0x00000000       0x27 c:/altera/12.0sp2/nios2eds/bin/gnu/h-i686-mingw32/bin/../lib/gcc/nios2-elf/4.1.2/../../../../nios2-elf/lib/mno-hw-mul\libc.a(lib_a-fclose.o)
 .comment       0x00000000       0x27 c:/altera/12.0sp2/nios2eds/bin/gnu/h-i686-mingw32/bin/../lib/gcc/nios2-elf/4.1.2/../../../../nios2-elf/lib/mno-hw-mul\libc.a(lib_a-fstatr.o)
 .comment       0x00000000       0x27 c:/altera/12.0sp2/nios2eds/bin/gnu/h-i686-mingw32/bin/../lib/gcc/nios2-elf/4.1.2/../../../../nios2-elf/lib/mno-hw-mul\libc.a(lib_a-isattyr.o)
 .comment       0x00000000       0x27 c:/altera/12.0sp2/nios2eds/bin/gnu/h-i686-mingw32/bin/../lib/gcc/nios2-elf/4.1.2/../../../../nios2-elf/lib/mno-hw-mul\libc.a(lib_a-lseekr.o)
 .comment       0x00000000       0x27 c:/altera/12.0sp2/nios2eds/bin/gnu/h-i686-mingw32/bin/../lib/gcc/nios2-elf/4.1.2/../../../../nios2-elf/lib/mno-hw-mul\libc.a(lib_a-readr.o)
 .comment       0x00000000       0x27 C:/Users/Rees/Documents/GitHub/uOS/thread-scheduler_bsp/\libhal_bsp.a(alt_exit.o)
 .comment       0x00000000       0x27 C:/Users/Rees/Documents/GitHub/uOS/thread-scheduler_bsp/\libhal_bsp.a(alt_fstat.o)
 .comment       0x00000000       0x27 C:/Users/Rees/Documents/GitHub/uOS/thread-scheduler_bsp/\libhal_bsp.a(alt_isatty.o)
 .comment       0x00000000       0x27 C:/Users/Rees/Documents/GitHub/uOS/thread-scheduler_bsp/\libhal_bsp.a(alt_lseek.o)
 .comment       0x00000000       0x27 C:/Users/Rees/Documents/GitHub/uOS/thread-scheduler_bsp/\libhal_bsp.a(alt_read.o)
 .comment       0x00000000       0x27 C:/Users/Rees/Documents/GitHub/uOS/thread-scheduler_bsp/\libhal_bsp.a(alt_write.o)

.debug
 *(.debug)

.line
 *(.line)

.debug_srcinfo
 *(.debug_srcinfo)

.debug_sfnames
 *(.debug_sfnames)

.debug_aranges  0x00000000      0x938
 *(.debug_aranges)
 .debug_aranges
                0x00000000       0x28 C:/Users/Rees/Documents/GitHub/uOS/thread-scheduler_bsp//obj/HAL/src/crt0.o
 .debug_aranges
                0x00000028       0x20 obj/default/main.o
 .debug_aranges
                0x00000048       0x20 obj/default/my_scheduler.o
 .debug_aranges
                0x00000068       0x20 c:/altera/12.0sp2/nios2eds/bin/gnu/h-i686-mingw32/bin/../lib/gcc/nios2-elf/4.1.2/mno-hw-mul\libgcc.a(lib2-divmod.o)
 .debug_aranges
                0x00000088       0x20 c:/altera/12.0sp2/nios2eds/bin/gnu/h-i686-mingw32/bin/../lib/gcc/nios2-elf/4.1.2/mno-hw-mul\libgcc.a(lib2-mul.o)
 .debug_aranges
                0x000000a8       0x20 c:/altera/12.0sp2/nios2eds/bin/gnu/h-i686-mingw32/bin/../lib/gcc/nios2-elf/4.1.2/../../../../nios2-elf/lib/mno-hw-mul\libc.a(lib_a-malloc.o)
 .debug_aranges
                0x000000c8       0x20 c:/altera/12.0sp2/nios2eds/bin/gnu/h-i686-mingw32/bin/../lib/gcc/nios2-elf/4.1.2/../../../../nios2-elf/lib/mno-hw-mul\libc.a(lib_a-mallocr.o)
 .debug_aranges
                0x000000e8       0x20 c:/altera/12.0sp2/nios2eds/bin/gnu/h-i686-mingw32/bin/../lib/gcc/nios2-elf/4.1.2/../../../../nios2-elf/lib/mno-hw-mul\libc.a(lib_a-sbrkr.o)
 .debug_aranges
                0x00000108       0x20 c:/altera/12.0sp2/nios2eds/bin/gnu/h-i686-mingw32/bin/../lib/gcc/nios2-elf/4.1.2/../../../../nios2-elf/lib/mno-hw-mul\libc.a(lib_a-freer.o)
 .debug_aranges
                0x00000128       0x20 C:/Users/Rees/Documents/GitHub/uOS/thread-scheduler_bsp/\libhal_bsp.a(alt_alarm_start.o)
 .debug_aranges
                0x00000148       0x20 C:/Users/Rees/Documents/GitHub/uOS/thread-scheduler_bsp/\libhal_bsp.a(alt_load.o)
 .debug_aranges
                0x00000168       0x20 C:/Users/Rees/Documents/GitHub/uOS/thread-scheduler_bsp/\libhal_bsp.a(alt_main.o)
 .debug_aranges
                0x00000188       0x20 C:/Users/Rees/Documents/GitHub/uOS/thread-scheduler_bsp/\libhal_bsp.a(alt_malloc_lock.o)
 .debug_aranges
                0x000001a8       0x20 C:/Users/Rees/Documents/GitHub/uOS/thread-scheduler_bsp/\libhal_bsp.a(alt_printf.o)
 .debug_aranges
                0x000001c8       0x20 C:/Users/Rees/Documents/GitHub/uOS/thread-scheduler_bsp/\libhal_bsp.a(alt_putchar.o)
 .debug_aranges
                0x000001e8       0x20 C:/Users/Rees/Documents/GitHub/uOS/thread-scheduler_bsp/\libhal_bsp.a(alt_sbrk.o)
 .debug_aranges
                0x00000208       0x20 C:/Users/Rees/Documents/GitHub/uOS/thread-scheduler_bsp/\libhal_bsp.a(alt_tick.o)
 .debug_aranges
                0x00000228       0x20 C:/Users/Rees/Documents/GitHub/uOS/thread-scheduler_bsp/\libhal_bsp.a(alt_sys_init.o)
 .debug_aranges
                0x00000248       0x20 C:/Users/Rees/Documents/GitHub/uOS/thread-scheduler_bsp/\libhal_bsp.a(altera_avalon_jtag_uart_fd.o)
 .debug_aranges
                0x00000268       0x20 C:/Users/Rees/Documents/GitHub/uOS/thread-scheduler_bsp/\libhal_bsp.a(altera_avalon_jtag_uart_init.o)
 .debug_aranges
                0x00000288       0x20 C:/Users/Rees/Documents/GitHub/uOS/thread-scheduler_bsp/\libhal_bsp.a(altera_avalon_jtag_uart_ioctl.o)
 .debug_aranges
                0x000002a8       0x20 C:/Users/Rees/Documents/GitHub/uOS/thread-scheduler_bsp/\libhal_bsp.a(altera_avalon_jtag_uart_read.o)
 .debug_aranges
                0x000002c8       0x20 C:/Users/Rees/Documents/GitHub/uOS/thread-scheduler_bsp/\libhal_bsp.a(altera_avalon_jtag_uart_write.o)
 .debug_aranges
                0x000002e8       0x20 C:/Users/Rees/Documents/GitHub/uOS/thread-scheduler_bsp/\libhal_bsp.a(altera_avalon_timer_sc.o)
 .debug_aranges
                0x00000308       0x20 C:/Users/Rees/Documents/GitHub/uOS/thread-scheduler_bsp/\libhal_bsp.a(alt_close.o)
 .debug_aranges
                0x00000328       0x20 C:/Users/Rees/Documents/GitHub/uOS/thread-scheduler_bsp/\libhal_bsp.a(alt_dcache_flush_all.o)
 .debug_aranges
                0x00000348       0x20 C:/Users/Rees/Documents/GitHub/uOS/thread-scheduler_bsp/\libhal_bsp.a(alt_dev.o)
 .debug_aranges
                0x00000368       0x20 C:/Users/Rees/Documents/GitHub/uOS/thread-scheduler_bsp/\libhal_bsp.a(alt_dev_llist_insert.o)
 .debug_aranges
                0x00000388       0x20 C:/Users/Rees/Documents/GitHub/uOS/thread-scheduler_bsp/\libhal_bsp.a(alt_do_ctors.o)
 .debug_aranges
                0x000003a8       0x20 C:/Users/Rees/Documents/GitHub/uOS/thread-scheduler_bsp/\libhal_bsp.a(alt_do_dtors.o)
 .debug_aranges
                0x000003c8       0x20 C:/Users/Rees/Documents/GitHub/uOS/thread-scheduler_bsp/\libhal_bsp.a(alt_icache_flush_all.o)
 .debug_aranges
                0x000003e8       0x20 C:/Users/Rees/Documents/GitHub/uOS/thread-scheduler_bsp/\libhal_bsp.a(alt_iic.o)
 .debug_aranges
                0x00000408       0x20 C:/Users/Rees/Documents/GitHub/uOS/thread-scheduler_bsp/\libhal_bsp.a(alt_iic_isr_register.o)
 .debug_aranges
                0x00000428       0x20 C:/Users/Rees/Documents/GitHub/uOS/thread-scheduler_bsp/\libhal_bsp.a(alt_io_redirect.o)
 .debug_aranges
                0x00000448       0x30 C:/Users/Rees/Documents/GitHub/uOS/thread-scheduler_bsp/\libhal_bsp.a(alt_irq_entry.o)
 .debug_aranges
                0x00000478       0x28 C:/Users/Rees/Documents/GitHub/uOS/thread-scheduler_bsp/\libhal_bsp.a(alt_irq_handler.o)
 .debug_aranges
                0x000004a0       0x20 C:/Users/Rees/Documents/GitHub/uOS/thread-scheduler_bsp/\libhal_bsp.a(alt_open.o)
 .debug_aranges
                0x000004c0       0x20 C:/Users/Rees/Documents/GitHub/uOS/thread-scheduler_bsp/\libhal_bsp.a(alt_release_fd.o)
 .debug_aranges
                0x000004e0       0x20 C:/Users/Rees/Documents/GitHub/uOS/thread-scheduler_bsp/\libhal_bsp.a(altera_nios2_irq.o)
 .debug_aranges
                0x00000500       0x38 C:/Users/Rees/Documents/GitHub/uOS/thread-scheduler_bsp/\libhal_bsp.a(alt_exception_entry.o)
 .debug_aranges
                0x00000538       0x20 C:/Users/Rees/Documents/GitHub/uOS/thread-scheduler_bsp/\libhal_bsp.a(alt_find_dev.o)
 .debug_aranges
                0x00000558       0x20 C:/Users/Rees/Documents/GitHub/uOS/thread-scheduler_bsp/\libhal_bsp.a(alt_find_file.o)
 .debug_aranges
                0x00000578       0x20 C:/Users/Rees/Documents/GitHub/uOS/thread-scheduler_bsp/\libhal_bsp.a(alt_get_fd.o)
 .debug_aranges
                0x00000598       0x20 c:/altera/12.0sp2/nios2eds/bin/gnu/h-i686-mingw32/bin/../lib/gcc/nios2-elf/4.1.2/../../../../nios2-elf/lib/mno-hw-mul\libc.a(lib_a-atexit.o)
 .debug_aranges
                0x000005b8       0x20 c:/altera/12.0sp2/nios2eds/bin/gnu/h-i686-mingw32/bin/../lib/gcc/nios2-elf/4.1.2/../../../../nios2-elf/lib/mno-hw-mul\libc.a(lib_a-exit.o)
 .debug_aranges
                0x000005d8       0x20 c:/altera/12.0sp2/nios2eds/bin/gnu/h-i686-mingw32/bin/../lib/gcc/nios2-elf/4.1.2/../../../../nios2-elf/lib/mno-hw-mul\libc.a(lib_a-memcmp.o)
 .debug_aranges
                0x000005f8       0x20 c:/altera/12.0sp2/nios2eds/bin/gnu/h-i686-mingw32/bin/../lib/gcc/nios2-elf/4.1.2/../../../../nios2-elf/lib/mno-hw-mul\libc.a(lib_a-memcpy.o)
 .debug_aranges
                0x00000618       0x20 c:/altera/12.0sp2/nios2eds/bin/gnu/h-i686-mingw32/bin/../lib/gcc/nios2-elf/4.1.2/../../../../nios2-elf/lib/mno-hw-mul\libc.a(lib_a-putc.o)
 .debug_aranges
                0x00000638       0x20 c:/altera/12.0sp2/nios2eds/bin/gnu/h-i686-mingw32/bin/../lib/gcc/nios2-elf/4.1.2/../../../../nios2-elf/lib/mno-hw-mul\libc.a(lib_a-strlen.o)
 .debug_aranges
                0x00000658       0x20 c:/altera/12.0sp2/nios2eds/bin/gnu/h-i686-mingw32/bin/../lib/gcc/nios2-elf/4.1.2/../../../../nios2-elf/lib/mno-hw-mul\libc.a(lib_a-wbuf.o)
 .debug_aranges
                0x00000678       0x20 c:/altera/12.0sp2/nios2eds/bin/gnu/h-i686-mingw32/bin/../lib/gcc/nios2-elf/4.1.2/../../../../nios2-elf/lib/mno-hw-mul\libc.a(lib_a-wsetup.o)
 .debug_aranges
                0x00000698       0x20 c:/altera/12.0sp2/nios2eds/bin/gnu/h-i686-mingw32/bin/../lib/gcc/nios2-elf/4.1.2/../../../../nios2-elf/lib/mno-hw-mul\libc.a(lib_a-__atexit.o)
 .debug_aranges
                0x000006b8       0x20 c:/altera/12.0sp2/nios2eds/bin/gnu/h-i686-mingw32/bin/../lib/gcc/nios2-elf/4.1.2/../../../../nios2-elf/lib/mno-hw-mul\libc.a(lib_a-__call_atexit.o)
 .debug_aranges
                0x000006d8       0x20 c:/altera/12.0sp2/nios2eds/bin/gnu/h-i686-mingw32/bin/../lib/gcc/nios2-elf/4.1.2/../../../../nios2-elf/lib/mno-hw-mul\libc.a(lib_a-fflush.o)
 .debug_aranges
                0x000006f8       0x20 c:/altera/12.0sp2/nios2eds/bin/gnu/h-i686-mingw32/bin/../lib/gcc/nios2-elf/4.1.2/../../../../nios2-elf/lib/mno-hw-mul\libc.a(lib_a-findfp.o)
 .debug_aranges
                0x00000718       0x20 c:/altera/12.0sp2/nios2eds/bin/gnu/h-i686-mingw32/bin/../lib/gcc/nios2-elf/4.1.2/../../../../nios2-elf/lib/mno-hw-mul\libc.a(lib_a-fwalk.o)
 .debug_aranges
                0x00000738       0x20 c:/altera/12.0sp2/nios2eds/bin/gnu/h-i686-mingw32/bin/../lib/gcc/nios2-elf/4.1.2/../../../../nios2-elf/lib/mno-hw-mul\libc.a(lib_a-makebuf.o)
 .debug_aranges
                0x00000758       0x20 c:/altera/12.0sp2/nios2eds/bin/gnu/h-i686-mingw32/bin/../lib/gcc/nios2-elf/4.1.2/../../../../nios2-elf/lib/mno-hw-mul\libc.a(lib_a-memset.o)
 .debug_aranges
                0x00000778       0x20 c:/altera/12.0sp2/nios2eds/bin/gnu/h-i686-mingw32/bin/../lib/gcc/nios2-elf/4.1.2/../../../../nios2-elf/lib/mno-hw-mul\libc.a(lib_a-stdio.o)
 .debug_aranges
                0x00000798       0x20 c:/altera/12.0sp2/nios2eds/bin/gnu/h-i686-mingw32/bin/../lib/gcc/nios2-elf/4.1.2/../../../../nios2-elf/lib/mno-hw-mul\libc.a(lib_a-writer.o)
 .debug_aranges
                0x000007b8       0x20 c:/altera/12.0sp2/nios2eds/bin/gnu/h-i686-mingw32/bin/../lib/gcc/nios2-elf/4.1.2/../../../../nios2-elf/lib/mno-hw-mul\libc.a(lib_a-closer.o)
 .debug_aranges
                0x000007d8       0x20 c:/altera/12.0sp2/nios2eds/bin/gnu/h-i686-mingw32/bin/../lib/gcc/nios2-elf/4.1.2/../../../../nios2-elf/lib/mno-hw-mul\libc.a(lib_a-fclose.o)
 .debug_aranges
                0x000007f8       0x20 c:/altera/12.0sp2/nios2eds/bin/gnu/h-i686-mingw32/bin/../lib/gcc/nios2-elf/4.1.2/../../../../nios2-elf/lib/mno-hw-mul\libc.a(lib_a-fstatr.o)
 .debug_aranges
                0x00000818       0x20 c:/altera/12.0sp2/nios2eds/bin/gnu/h-i686-mingw32/bin/../lib/gcc/nios2-elf/4.1.2/../../../../nios2-elf/lib/mno-hw-mul\libc.a(lib_a-isattyr.o)
 .debug_aranges
                0x00000838       0x20 c:/altera/12.0sp2/nios2eds/bin/gnu/h-i686-mingw32/bin/../lib/gcc/nios2-elf/4.1.2/../../../../nios2-elf/lib/mno-hw-mul\libc.a(lib_a-lseekr.o)
 .debug_aranges
                0x00000858       0x20 c:/altera/12.0sp2/nios2eds/bin/gnu/h-i686-mingw32/bin/../lib/gcc/nios2-elf/4.1.2/../../../../nios2-elf/lib/mno-hw-mul\libc.a(lib_a-readr.o)
 .debug_aranges
                0x00000878       0x20 C:/Users/Rees/Documents/GitHub/uOS/thread-scheduler_bsp/\libhal_bsp.a(alt_exit.o)
 .debug_aranges
                0x00000898       0x20 C:/Users/Rees/Documents/GitHub/uOS/thread-scheduler_bsp/\libhal_bsp.a(alt_fstat.o)
 .debug_aranges
                0x000008b8       0x20 C:/Users/Rees/Documents/GitHub/uOS/thread-scheduler_bsp/\libhal_bsp.a(alt_isatty.o)
 .debug_aranges
                0x000008d8       0x20 C:/Users/Rees/Documents/GitHub/uOS/thread-scheduler_bsp/\libhal_bsp.a(alt_lseek.o)
 .debug_aranges
                0x000008f8       0x20 C:/Users/Rees/Documents/GitHub/uOS/thread-scheduler_bsp/\libhal_bsp.a(alt_read.o)
 .debug_aranges
                0x00000918       0x20 C:/Users/Rees/Documents/GitHub/uOS/thread-scheduler_bsp/\libhal_bsp.a(alt_write.o)

.debug_pubnames
                0x00000000      0xefd
 *(.debug_pubnames)
 .debug_pubnames
                0x00000000      0x176 obj/default/main.o
 .debug_pubnames
                0x00000176       0x48 c:/altera/12.0sp2/nios2eds/bin/gnu/h-i686-mingw32/bin/../lib/gcc/nios2-elf/4.1.2/mno-hw-mul\libgcc.a(lib2-divmod.o)
 .debug_pubnames
                0x000001be       0x1f c:/altera/12.0sp2/nios2eds/bin/gnu/h-i686-mingw32/bin/../lib/gcc/nios2-elf/4.1.2/mno-hw-mul\libgcc.a(lib2-mul.o)
 .debug_pubnames
                0x000001dd       0x26 c:/altera/12.0sp2/nios2eds/bin/gnu/h-i686-mingw32/bin/../lib/gcc/nios2-elf/4.1.2/../../../../nios2-elf/lib/mno-hw-mul\libc.a(lib_a-malloc.o)
 .debug_pubnames
                0x00000203       0xce c:/altera/12.0sp2/nios2eds/bin/gnu/h-i686-mingw32/bin/../lib/gcc/nios2-elf/4.1.2/../../../../nios2-elf/lib/mno-hw-mul\libc.a(lib_a-mallocr.o)
 .debug_pubnames
                0x000002d1       0x1e c:/altera/12.0sp2/nios2eds/bin/gnu/h-i686-mingw32/bin/../lib/gcc/nios2-elf/4.1.2/../../../../nios2-elf/lib/mno-hw-mul\libc.a(lib_a-sbrkr.o)
 .debug_pubnames
                0x000002ef       0x31 c:/altera/12.0sp2/nios2eds/bin/gnu/h-i686-mingw32/bin/../lib/gcc/nios2-elf/4.1.2/../../../../nios2-elf/lib/mno-hw-mul\libc.a(lib_a-freer.o)
 .debug_pubnames
                0x00000320       0x39 c:/altera/12.0sp2/nios2eds/bin/gnu/h-i686-mingw32/bin/../lib/gcc/nios2-elf/4.1.2/../../../../nios2-elf/lib/mno-hw-mul\libc.a(lib_a-impure.o)
 .debug_pubnames
                0x00000359       0x1c c:/altera/12.0sp2/nios2eds/bin/gnu/h-i686-mingw32/bin/../lib/gcc/nios2-elf/4.1.2/../../../../nios2-elf/lib/mno-hw-mul\libc.a(lib_a-int_errno.o)
 .debug_pubnames
                0x00000375       0x26 C:/Users/Rees/Documents/GitHub/uOS/thread-scheduler_bsp/\libhal_bsp.a(alt_alarm_start.o)
 .debug_pubnames
                0x0000039b       0x1f C:/Users/Rees/Documents/GitHub/uOS/thread-scheduler_bsp/\libhal_bsp.a(alt_load.o)
 .debug_pubnames
                0x000003ba       0x46 C:/Users/Rees/Documents/GitHub/uOS/thread-scheduler_bsp/\libhal_bsp.a(alt_main.o)
 .debug_pubnames
                0x00000400       0x38 C:/Users/Rees/Documents/GitHub/uOS/thread-scheduler_bsp/\libhal_bsp.a(alt_malloc_lock.o)
 .debug_pubnames
                0x00000438       0x21 C:/Users/Rees/Documents/GitHub/uOS/thread-scheduler_bsp/\libhal_bsp.a(alt_printf.o)
 .debug_pubnames
                0x00000459       0x22 C:/Users/Rees/Documents/GitHub/uOS/thread-scheduler_bsp/\libhal_bsp.a(alt_putchar.o)
 .debug_pubnames
                0x0000047b       0x1b C:/Users/Rees/Documents/GitHub/uOS/thread-scheduler_bsp/\libhal_bsp.a(alt_sbrk.o)
 .debug_pubnames
                0x00000496       0x68 C:/Users/Rees/Documents/GitHub/uOS/thread-scheduler_bsp/\libhal_bsp.a(alt_tick.o)
 .debug_pubnames
                0x000004fe       0x34 C:/Users/Rees/Documents/GitHub/uOS/thread-scheduler_bsp/\libhal_bsp.a(alt_sys_init.o)
 .debug_pubnames
                0x00000532       0xa5 C:/Users/Rees/Documents/GitHub/uOS/thread-scheduler_bsp/\libhal_bsp.a(altera_avalon_jtag_uart_fd.o)
 .debug_pubnames
                0x000005d7       0x55 C:/Users/Rees/Documents/GitHub/uOS/thread-scheduler_bsp/\libhal_bsp.a(altera_avalon_jtag_uart_init.o)
 .debug_pubnames
                0x0000062c       0x34 C:/Users/Rees/Documents/GitHub/uOS/thread-scheduler_bsp/\libhal_bsp.a(altera_avalon_jtag_uart_ioctl.o)
 .debug_pubnames
                0x00000660       0x33 C:/Users/Rees/Documents/GitHub/uOS/thread-scheduler_bsp/\libhal_bsp.a(altera_avalon_jtag_uart_read.o)
 .debug_pubnames
                0x00000693       0x34 C:/Users/Rees/Documents/GitHub/uOS/thread-scheduler_bsp/\libhal_bsp.a(altera_avalon_jtag_uart_write.o)
 .debug_pubnames
                0x000006c7       0x2f C:/Users/Rees/Documents/GitHub/uOS/thread-scheduler_bsp/\libhal_bsp.a(altera_avalon_timer_sc.o)
 .debug_pubnames
                0x000006f6       0x1c C:/Users/Rees/Documents/GitHub/uOS/thread-scheduler_bsp/\libhal_bsp.a(alt_close.o)
 .debug_pubnames
                0x00000712       0x2b C:/Users/Rees/Documents/GitHub/uOS/thread-scheduler_bsp/\libhal_bsp.a(alt_dcache_flush_all.o)
 .debug_pubnames
                0x0000073d       0x63 C:/Users/Rees/Documents/GitHub/uOS/thread-scheduler_bsp/\libhal_bsp.a(alt_dev.o)
 .debug_pubnames
                0x000007a0       0x2b C:/Users/Rees/Documents/GitHub/uOS/thread-scheduler_bsp/\libhal_bsp.a(alt_dev_llist_insert.o)
 .debug_pubnames
                0x000007cb       0x20 C:/Users/Rees/Documents/GitHub/uOS/thread-scheduler_bsp/\libhal_bsp.a(alt_do_ctors.o)
 .debug_pubnames
                0x000007eb       0x20 C:/Users/Rees/Documents/GitHub/uOS/thread-scheduler_bsp/\libhal_bsp.a(alt_do_dtors.o)
 .debug_pubnames
                0x0000080b       0x20 C:/Users/Rees/Documents/GitHub/uOS/thread-scheduler_bsp/\libhal_bsp.a(alt_errno.o)
 .debug_pubnames
                0x0000082b       0x2b C:/Users/Rees/Documents/GitHub/uOS/thread-scheduler_bsp/\libhal_bsp.a(alt_icache_flush_all.o)
 .debug_pubnames
                0x00000856       0x6e C:/Users/Rees/Documents/GitHub/uOS/thread-scheduler_bsp/\libhal_bsp.a(alt_iic.o)
 .debug_pubnames
                0x000008c4       0x2b C:/Users/Rees/Documents/GitHub/uOS/thread-scheduler_bsp/\libhal_bsp.a(alt_iic_isr_register.o)
 .debug_pubnames
                0x000008ef       0x26 C:/Users/Rees/Documents/GitHub/uOS/thread-scheduler_bsp/\libhal_bsp.a(alt_io_redirect.o)
 .debug_pubnames
                0x00000915       0x32 C:/Users/Rees/Documents/GitHub/uOS/thread-scheduler_bsp/\libhal_bsp.a(alt_irq_handler.o)
 .debug_pubnames
                0x00000947       0x3b C:/Users/Rees/Documents/GitHub/uOS/thread-scheduler_bsp/\libhal_bsp.a(alt_irq_vars.o)
 .debug_pubnames
                0x00000982       0x1b C:/Users/Rees/Documents/GitHub/uOS/thread-scheduler_bsp/\libhal_bsp.a(alt_open.o)
 .debug_pubnames
                0x0000099d       0x25 C:/Users/Rees/Documents/GitHub/uOS/thread-scheduler_bsp/\libhal_bsp.a(alt_release_fd.o)
 .debug_pubnames
                0x000009c2       0x2c C:/Users/Rees/Documents/GitHub/uOS/thread-scheduler_bsp/\libhal_bsp.a(altera_nios2_irq.o)
 .debug_pubnames
                0x000009ee       0x23 C:/Users/Rees/Documents/GitHub/uOS/thread-scheduler_bsp/\libhal_bsp.a(alt_find_dev.o)
 .debug_pubnames
                0x00000a11       0x24 C:/Users/Rees/Documents/GitHub/uOS/thread-scheduler_bsp/\libhal_bsp.a(alt_find_file.o)
 .debug_pubnames
                0x00000a35       0x21 C:/Users/Rees/Documents/GitHub/uOS/thread-scheduler_bsp/\libhal_bsp.a(alt_get_fd.o)
 .debug_pubnames
                0x00000a56       0x2a c:/altera/12.0sp2/nios2eds/bin/gnu/h-i686-mingw32/bin/../lib/gcc/nios2-elf/4.1.2/../../../../nios2-elf/lib/mno-hw-mul\libc.a(lib_a-atexit.o)
 .debug_pubnames
                0x00000a80       0x1b c:/altera/12.0sp2/nios2eds/bin/gnu/h-i686-mingw32/bin/../lib/gcc/nios2-elf/4.1.2/../../../../nios2-elf/lib/mno-hw-mul\libc.a(lib_a-exit.o)
 .debug_pubnames
                0x00000a9b       0x1d c:/altera/12.0sp2/nios2eds/bin/gnu/h-i686-mingw32/bin/../lib/gcc/nios2-elf/4.1.2/../../../../nios2-elf/lib/mno-hw-mul\libc.a(lib_a-memcmp.o)
 .debug_pubnames
                0x00000ab8       0x1d c:/altera/12.0sp2/nios2eds/bin/gnu/h-i686-mingw32/bin/../lib/gcc/nios2-elf/4.1.2/../../../../nios2-elf/lib/mno-hw-mul\libc.a(lib_a-memcpy.o)
 .debug_pubnames
                0x00000ad5       0x27 c:/altera/12.0sp2/nios2eds/bin/gnu/h-i686-mingw32/bin/../lib/gcc/nios2-elf/4.1.2/../../../../nios2-elf/lib/mno-hw-mul\libc.a(lib_a-putc.o)
 .debug_pubnames
                0x00000afc       0x1d c:/altera/12.0sp2/nios2eds/bin/gnu/h-i686-mingw32/bin/../lib/gcc/nios2-elf/4.1.2/../../../../nios2-elf/lib/mno-hw-mul\libc.a(lib_a-strlen.o)
 .debug_pubnames
                0x00000b19       0x2c c:/altera/12.0sp2/nios2eds/bin/gnu/h-i686-mingw32/bin/../lib/gcc/nios2-elf/4.1.2/../../../../nios2-elf/lib/mno-hw-mul\libc.a(lib_a-wbuf.o)
 .debug_pubnames
                0x00000b45       0x22 c:/altera/12.0sp2/nios2eds/bin/gnu/h-i686-mingw32/bin/../lib/gcc/nios2-elf/4.1.2/../../../../nios2-elf/lib/mno-hw-mul\libc.a(lib_a-wsetup.o)
 .debug_pubnames
                0x00000b67       0x2a c:/altera/12.0sp2/nios2eds/bin/gnu/h-i686-mingw32/bin/../lib/gcc/nios2-elf/4.1.2/../../../../nios2-elf/lib/mno-hw-mul\libc.a(lib_a-__atexit.o)
 .debug_pubnames
                0x00000b91       0x27 c:/altera/12.0sp2/nios2eds/bin/gnu/h-i686-mingw32/bin/../lib/gcc/nios2-elf/4.1.2/../../../../nios2-elf/lib/mno-hw-mul\libc.a(lib_a-__call_atexit.o)
 .debug_pubnames
                0x00000bb8       0x2b c:/altera/12.0sp2/nios2eds/bin/gnu/h-i686-mingw32/bin/../lib/gcc/nios2-elf/4.1.2/../../../../nios2-elf/lib/mno-hw-mul\libc.a(lib_a-fflush.o)
 .debug_pubnames
                0x00000be3       0xdb c:/altera/12.0sp2/nios2eds/bin/gnu/h-i686-mingw32/bin/../lib/gcc/nios2-elf/4.1.2/../../../../nios2-elf/lib/mno-hw-mul\libc.a(lib_a-findfp.o)
 .debug_pubnames
                0x00000cbe       0x2e c:/altera/12.0sp2/nios2eds/bin/gnu/h-i686-mingw32/bin/../lib/gcc/nios2-elf/4.1.2/../../../../nios2-elf/lib/mno-hw-mul\libc.a(lib_a-fwalk.o)
 .debug_pubnames
                0x00000cec       0x23 c:/altera/12.0sp2/nios2eds/bin/gnu/h-i686-mingw32/bin/../lib/gcc/nios2-elf/4.1.2/../../../../nios2-elf/lib/mno-hw-mul\libc.a(lib_a-makebuf.o)
 .debug_pubnames
                0x00000d0f       0x1d c:/altera/12.0sp2/nios2eds/bin/gnu/h-i686-mingw32/bin/../lib/gcc/nios2-elf/4.1.2/../../../../nios2-elf/lib/mno-hw-mul\libc.a(lib_a-memset.o)
 .debug_pubnames
                0x00000d2c       0x44 c:/altera/12.0sp2/nios2eds/bin/gnu/h-i686-mingw32/bin/../lib/gcc/nios2-elf/4.1.2/../../../../nios2-elf/lib/mno-hw-mul\libc.a(lib_a-stdio.o)
 .debug_pubnames
                0x00000d70       0x1f c:/altera/12.0sp2/nios2eds/bin/gnu/h-i686-mingw32/bin/../lib/gcc/nios2-elf/4.1.2/../../../../nios2-elf/lib/mno-hw-mul\libc.a(lib_a-writer.o)
 .debug_pubnames
                0x00000d8f       0x1f c:/altera/12.0sp2/nios2eds/bin/gnu/h-i686-mingw32/bin/../lib/gcc/nios2-elf/4.1.2/../../../../nios2-elf/lib/mno-hw-mul\libc.a(lib_a-closer.o)
 .debug_pubnames
                0x00000dae       0x2b c:/altera/12.0sp2/nios2eds/bin/gnu/h-i686-mingw32/bin/../lib/gcc/nios2-elf/4.1.2/../../../../nios2-elf/lib/mno-hw-mul\libc.a(lib_a-fclose.o)
 .debug_pubnames
                0x00000dd9       0x1f c:/altera/12.0sp2/nios2eds/bin/gnu/h-i686-mingw32/bin/../lib/gcc/nios2-elf/4.1.2/../../../../nios2-elf/lib/mno-hw-mul\libc.a(lib_a-fstatr.o)
 .debug_pubnames
                0x00000df8       0x20 c:/altera/12.0sp2/nios2eds/bin/gnu/h-i686-mingw32/bin/../lib/gcc/nios2-elf/4.1.2/../../../../nios2-elf/lib/mno-hw-mul\libc.a(lib_a-isattyr.o)
 .debug_pubnames
                0x00000e18       0x1f c:/altera/12.0sp2/nios2eds/bin/gnu/h-i686-mingw32/bin/../lib/gcc/nios2-elf/4.1.2/../../../../nios2-elf/lib/mno-hw-mul\libc.a(lib_a-lseekr.o)
 .debug_pubnames
                0x00000e37       0x1e c:/altera/12.0sp2/nios2eds/bin/gnu/h-i686-mingw32/bin/../lib/gcc/nios2-elf/4.1.2/../../../../nios2-elf/lib/mno-hw-mul\libc.a(lib_a-readr.o)
 .debug_pubnames
                0x00000e55       0x1c C:/Users/Rees/Documents/GitHub/uOS/thread-scheduler_bsp/\libhal_bsp.a(alt_exit.o)
 .debug_pubnames
                0x00000e71       0x1c C:/Users/Rees/Documents/GitHub/uOS/thread-scheduler_bsp/\libhal_bsp.a(alt_fstat.o)
 .debug_pubnames
                0x00000e8d       0x1d C:/Users/Rees/Documents/GitHub/uOS/thread-scheduler_bsp/\libhal_bsp.a(alt_isatty.o)
 .debug_pubnames
                0x00000eaa       0x1c C:/Users/Rees/Documents/GitHub/uOS/thread-scheduler_bsp/\libhal_bsp.a(alt_lseek.o)
 .debug_pubnames
                0x00000ec6       0x1b C:/Users/Rees/Documents/GitHub/uOS/thread-scheduler_bsp/\libhal_bsp.a(alt_read.o)
 .debug_pubnames
                0x00000ee1       0x1c C:/Users/Rees/Documents/GitHub/uOS/thread-scheduler_bsp/\libhal_bsp.a(alt_write.o)

.debug_info     0x00000000    0x1a50c
 *(.debug_info .gnu.linkonce.wi.*)
 .debug_info    0x00000000       0x69 C:/Users/Rees/Documents/GitHub/uOS/thread-scheduler_bsp//obj/HAL/src/crt0.o
 .debug_info    0x00000069      0x721 obj/default/main.o
 .debug_info    0x0000078a       0x61 obj/default/my_scheduler.o
 .debug_info    0x000007eb      0x21c c:/altera/12.0sp2/nios2eds/bin/gnu/h-i686-mingw32/bin/../lib/gcc/nios2-elf/4.1.2/mno-hw-mul\libgcc.a(lib2-divmod.o)
 .debug_info    0x00000a07       0xf3 c:/altera/12.0sp2/nios2eds/bin/gnu/h-i686-mingw32/bin/../lib/gcc/nios2-elf/4.1.2/mno-hw-mul\libgcc.a(lib2-mul.o)
 .debug_info    0x00000afa      0x96e c:/altera/12.0sp2/nios2eds/bin/gnu/h-i686-mingw32/bin/../lib/gcc/nios2-elf/4.1.2/../../../../nios2-elf/lib/mno-hw-mul\libc.a(lib_a-malloc.o)
 .debug_info    0x00001468      0xcd0 c:/altera/12.0sp2/nios2eds/bin/gnu/h-i686-mingw32/bin/../lib/gcc/nios2-elf/4.1.2/../../../../nios2-elf/lib/mno-hw-mul\libc.a(lib_a-mallocr.o)
 .debug_info    0x00002138      0x962 c:/altera/12.0sp2/nios2eds/bin/gnu/h-i686-mingw32/bin/../lib/gcc/nios2-elf/4.1.2/../../../../nios2-elf/lib/mno-hw-mul\libc.a(lib_a-sbrkr.o)
 .debug_info    0x00002a9a      0xbc9 c:/altera/12.0sp2/nios2eds/bin/gnu/h-i686-mingw32/bin/../lib/gcc/nios2-elf/4.1.2/../../../../nios2-elf/lib/mno-hw-mul\libc.a(lib_a-freer.o)
 .debug_info    0x00003663      0x93d c:/altera/12.0sp2/nios2eds/bin/gnu/h-i686-mingw32/bin/../lib/gcc/nios2-elf/4.1.2/../../../../nios2-elf/lib/mno-hw-mul\libc.a(lib_a-impure.o)
 .debug_info    0x00003fa0       0x8c c:/altera/12.0sp2/nios2eds/bin/gnu/h-i686-mingw32/bin/../lib/gcc/nios2-elf/4.1.2/../../../../nios2-elf/lib/mno-hw-mul\libc.a(lib_a-int_errno.o)
 .debug_info    0x0000402c      0x430 C:/Users/Rees/Documents/GitHub/uOS/thread-scheduler_bsp/\libhal_bsp.a(alt_alarm_start.o)
 .debug_info    0x0000445c      0x27b C:/Users/Rees/Documents/GitHub/uOS/thread-scheduler_bsp/\libhal_bsp.a(alt_load.o)
 .debug_info    0x000046d7      0x213 C:/Users/Rees/Documents/GitHub/uOS/thread-scheduler_bsp/\libhal_bsp.a(alt_main.o)
 .debug_info    0x000048ea      0xc06 C:/Users/Rees/Documents/GitHub/uOS/thread-scheduler_bsp/\libhal_bsp.a(alt_malloc_lock.o)
 .debug_info    0x000054f0      0x196 C:/Users/Rees/Documents/GitHub/uOS/thread-scheduler_bsp/\libhal_bsp.a(alt_printf.o)
 .debug_info    0x00005686      0xbea C:/Users/Rees/Documents/GitHub/uOS/thread-scheduler_bsp/\libhal_bsp.a(alt_putchar.o)
 .debug_info    0x00006270      0x2a5 C:/Users/Rees/Documents/GitHub/uOS/thread-scheduler_bsp/\libhal_bsp.a(alt_sbrk.o)
 .debug_info    0x00006515      0x3ec C:/Users/Rees/Documents/GitHub/uOS/thread-scheduler_bsp/\libhal_bsp.a(alt_tick.o)
 .debug_info    0x00006901      0x70e C:/Users/Rees/Documents/GitHub/uOS/thread-scheduler_bsp/\libhal_bsp.a(alt_sys_init.o)
 .debug_info    0x0000700f      0x7c7 C:/Users/Rees/Documents/GitHub/uOS/thread-scheduler_bsp/\libhal_bsp.a(altera_avalon_jtag_uart_fd.o)
 .debug_info    0x000077d6      0x5ef C:/Users/Rees/Documents/GitHub/uOS/thread-scheduler_bsp/\libhal_bsp.a(altera_avalon_jtag_uart_init.o)
 .debug_info    0x00007dc5      0x431 C:/Users/Rees/Documents/GitHub/uOS/thread-scheduler_bsp/\libhal_bsp.a(altera_avalon_jtag_uart_ioctl.o)
 .debug_info    0x000081f6      0x534 C:/Users/Rees/Documents/GitHub/uOS/thread-scheduler_bsp/\libhal_bsp.a(altera_avalon_jtag_uart_read.o)
 .debug_info    0x0000872a      0x52c C:/Users/Rees/Documents/GitHub/uOS/thread-scheduler_bsp/\libhal_bsp.a(altera_avalon_jtag_uart_write.o)
 .debug_info    0x00008c56      0x379 C:/Users/Rees/Documents/GitHub/uOS/thread-scheduler_bsp/\libhal_bsp.a(altera_avalon_timer_sc.o)
 .debug_info    0x00008fcf      0x455 C:/Users/Rees/Documents/GitHub/uOS/thread-scheduler_bsp/\libhal_bsp.a(alt_close.o)
 .debug_info    0x00009424      0x14a C:/Users/Rees/Documents/GitHub/uOS/thread-scheduler_bsp/\libhal_bsp.a(alt_dcache_flush_all.o)
 .debug_info    0x0000956e      0x66d C:/Users/Rees/Documents/GitHub/uOS/thread-scheduler_bsp/\libhal_bsp.a(alt_dev.o)
 .debug_info    0x00009bdb      0x2a5 C:/Users/Rees/Documents/GitHub/uOS/thread-scheduler_bsp/\libhal_bsp.a(alt_dev_llist_insert.o)
 .debug_info    0x00009e80       0xfd C:/Users/Rees/Documents/GitHub/uOS/thread-scheduler_bsp/\libhal_bsp.a(alt_do_ctors.o)
 .debug_info    0x00009f7d       0xfc C:/Users/Rees/Documents/GitHub/uOS/thread-scheduler_bsp/\libhal_bsp.a(alt_do_dtors.o)
 .debug_info    0x0000a079      0x152 C:/Users/Rees/Documents/GitHub/uOS/thread-scheduler_bsp/\libhal_bsp.a(alt_errno.o)
 .debug_info    0x0000a1cb      0x14a C:/Users/Rees/Documents/GitHub/uOS/thread-scheduler_bsp/\libhal_bsp.a(alt_icache_flush_all.o)
 .debug_info    0x0000a315      0x481 C:/Users/Rees/Documents/GitHub/uOS/thread-scheduler_bsp/\libhal_bsp.a(alt_iic.o)
 .debug_info    0x0000a796      0x302 C:/Users/Rees/Documents/GitHub/uOS/thread-scheduler_bsp/\libhal_bsp.a(alt_iic_isr_register.o)
 .debug_info    0x0000aa98      0x683 C:/Users/Rees/Documents/GitHub/uOS/thread-scheduler_bsp/\libhal_bsp.a(alt_io_redirect.o)
 .debug_info    0x0000b11b       0x72 C:/Users/Rees/Documents/GitHub/uOS/thread-scheduler_bsp/\libhal_bsp.a(alt_irq_entry.o)